Product: MDK-ARM Standard 5.10
Component: ARM Compiler 5.04 update 1 (build 49)
Tool: armlink [5040049]

==============================================================================

Section Cross References

    system_stm32f10x.o(i.SetSysClock) refers to system_stm32f10x.o(i.SetSysClockTo72) for SetSysClockTo72
    system_stm32f10x.o(i.SystemCoreClockUpdate) refers to system_stm32f10x.o(.data) for SystemCoreClock
    system_stm32f10x.o(i.SystemInit) refers to system_stm32f10x.o(i.SetSysClock) for SetSysClock
    startup_stm32f10x_hd.o(RESET) refers to startup_stm32f10x_hd.o(STACK) for __initial_sp
    startup_stm32f10x_hd.o(RESET) refers to startup_stm32f10x_hd.o(.text) for Reset_Handler
    startup_stm32f10x_hd.o(RESET) refers to stm32f10x_it.o(i.NMI_Handler) for NMI_Handler
    startup_stm32f10x_hd.o(RESET) refers to stm32f10x_it.o(i.HardFault_Handler) for HardFault_Handler
    startup_stm32f10x_hd.o(RESET) refers to stm32f10x_it.o(i.MemManage_Handler) for MemManage_Handler
    startup_stm32f10x_hd.o(RESET) refers to stm32f10x_it.o(i.BusFault_Handler) for BusFault_Handler
    startup_stm32f10x_hd.o(RESET) refers to stm32f10x_it.o(i.UsageFault_Handler) for UsageFault_Handler
    startup_stm32f10x_hd.o(RESET) refers to stm32f10x_it.o(i.SVC_Handler) for SVC_Handler
    startup_stm32f10x_hd.o(RESET) refers to stm32f10x_it.o(i.DebugMon_Handler) for DebugMon_Handler
    startup_stm32f10x_hd.o(RESET) refers to stm32f10x_it.o(i.PendSV_Handler) for PendSV_Handler
    startup_stm32f10x_hd.o(RESET) refers to stm32f10x_it.o(i.SysTick_Handler) for SysTick_Handler
    startup_stm32f10x_hd.o(RESET) refers to uart.o(i.DMA1_Channel5_IRQHandler) for DMA1_Channel5_IRQHandler
    startup_stm32f10x_hd.o(RESET) refers to mpu6050_interrupt.o(i.EXTI9_5_IRQHandler) for EXTI9_5_IRQHandler
    startup_stm32f10x_hd.o(RESET) refers to encoder.o(i.TIM2_IRQHandler) for TIM2_IRQHandler
    startup_stm32f10x_hd.o(RESET) refers to encoder.o(i.TIM4_IRQHandler) for TIM4_IRQHandler
    startup_stm32f10x_hd.o(RESET) refers to uart.o(i.USART1_IRQHandler) for USART1_IRQHandler
    startup_stm32f10x_hd.o(RESET) refers to time.o(i.TIM6_IRQHandler) for TIM6_IRQHandler
    startup_stm32f10x_hd.o(RESET) refers to time.o(i.TIM7_IRQHandler) for TIM7_IRQHandler
    startup_stm32f10x_hd.o(.text) refers to system_stm32f10x.o(i.SystemInit) for SystemInit
    startup_stm32f10x_hd.o(.text) refers to entry.o(.ARM.Collect$$$$00000000) for __main
    stm32f10x_adc.o(i.ADC_DeInit) refers to stm32f10x_rcc.o(i.RCC_APB2PeriphResetCmd) for RCC_APB2PeriphResetCmd
    stm32f10x_can.o(i.CAN_DeInit) refers to stm32f10x_rcc.o(i.RCC_APB1PeriphResetCmd) for RCC_APB1PeriphResetCmd
    stm32f10x_can.o(i.CAN_GetITStatus) refers to stm32f10x_can.o(i.CheckITStatus) for CheckITStatus
    stm32f10x_gpio.o(i.GPIO_AFIODeInit) refers to stm32f10x_rcc.o(i.RCC_APB2PeriphResetCmd) for RCC_APB2PeriphResetCmd
    stm32f10x_gpio.o(i.GPIO_DeInit) refers to stm32f10x_rcc.o(i.RCC_APB2PeriphResetCmd) for RCC_APB2PeriphResetCmd
    stm32f10x_rcc.o(i.RCC_GetClocksFreq) refers to stm32f10x_rcc.o(.data) for APBAHBPrescTable
    stm32f10x_rcc.o(i.RCC_WaitForHSEStartUp) refers to stm32f10x_rcc.o(i.RCC_GetFlagStatus) for RCC_GetFlagStatus
    stm32f10x_tim.o(i.TIM_DeInit) refers to stm32f10x_rcc.o(i.RCC_APB2PeriphResetCmd) for RCC_APB2PeriphResetCmd
    stm32f10x_tim.o(i.TIM_DeInit) refers to stm32f10x_rcc.o(i.RCC_APB1PeriphResetCmd) for RCC_APB1PeriphResetCmd
    stm32f10x_tim.o(i.TIM_ETRClockMode1Config) refers to stm32f10x_tim.o(i.TIM_ETRConfig) for TIM_ETRConfig
    stm32f10x_tim.o(i.TIM_ETRClockMode2Config) refers to stm32f10x_tim.o(i.TIM_ETRConfig) for TIM_ETRConfig
    stm32f10x_tim.o(i.TIM_ICInit) refers to stm32f10x_tim.o(i.TI1_Config) for TI1_Config
    stm32f10x_tim.o(i.TIM_ICInit) refers to stm32f10x_tim.o(i.TIM_SetIC1Prescaler) for TIM_SetIC1Prescaler
    stm32f10x_tim.o(i.TIM_ICInit) refers to stm32f10x_tim.o(i.TI2_Config) for TI2_Config
    stm32f10x_tim.o(i.TIM_ICInit) refers to stm32f10x_tim.o(i.TIM_SetIC2Prescaler) for TIM_SetIC2Prescaler
    stm32f10x_tim.o(i.TIM_ICInit) refers to stm32f10x_tim.o(i.TI3_Config) for TI3_Config
    stm32f10x_tim.o(i.TIM_ICInit) refers to stm32f10x_tim.o(i.TIM_SetIC3Prescaler) for TIM_SetIC3Prescaler
    stm32f10x_tim.o(i.TIM_ICInit) refers to stm32f10x_tim.o(i.TI4_Config) for TI4_Config
    stm32f10x_tim.o(i.TIM_ICInit) refers to stm32f10x_tim.o(i.TIM_SetIC4Prescaler) for TIM_SetIC4Prescaler
    stm32f10x_tim.o(i.TIM_ITRxExternalClockConfig) refers to stm32f10x_tim.o(i.TIM_SelectInputTrigger) for TIM_SelectInputTrigger
    stm32f10x_tim.o(i.TIM_PWMIConfig) refers to stm32f10x_tim.o(i.TI1_Config) for TI1_Config
    stm32f10x_tim.o(i.TIM_PWMIConfig) refers to stm32f10x_tim.o(i.TIM_SetIC1Prescaler) for TIM_SetIC1Prescaler
    stm32f10x_tim.o(i.TIM_PWMIConfig) refers to stm32f10x_tim.o(i.TI2_Config) for TI2_Config
    stm32f10x_tim.o(i.TIM_PWMIConfig) refers to stm32f10x_tim.o(i.TIM_SetIC2Prescaler) for TIM_SetIC2Prescaler
[...]
    .text                                    0x08000678   Section        0  ffixui.o(.text)
    .text                                    0x080006a0   Section        0  f2d.o(.text)
    .text                                    0x080006c6   Section        0  d2f.o(.text)
    .text                                    0x08000700   Section       20  cfcmple.o(.text)
    .text                                    0x08000714   Section       20  cfrcmple.o(.text)
    .text                                    0x08000728   Section        0  llshl.o(.text)
    .text                                    0x08000746   Section        0  llsshr.o(.text)
    .text                                    0x0800076a   Section        0  fepilogue.o(.text)
    .text                                    0x0800076a   Section        0  iusefp.o(.text)
    .text                                    0x080007d8   Section        0  depilogue.o(.text)
    .text                                    0x0800088e   Section        0  dscalb.o(.text)
    .text                                    0x080008bc   Section        0  dsqrt.o(.text)
    .text                                    0x08000960   Section       36  init.o(.text)
    .text                                    0x08000984   Section        0  llushr.o(.text)
    .text                                    0x080009a4   Section        0  __dczerorl2.o(.text)
    i.ADC1_Configuration                     0x080009fc   Section        0  ad.o(i.ADC1_Configuration)
    i.ADC3_Configuration                     0x08000b0c   Section        0  ad.o(i.ADC3_Configuration)
    i.ADC3_Filter                            0x08000c1c   Section        0  ad.o(i.ADC3_Filter)
    i.ADC_Cmd                                0x08000c3c   Section        0  stm32f10x_adc.o(i.ADC_Cmd)
    i.ADC_DMACmd                             0x08000c52   Section        0  stm32f10x_adc.o(i.ADC_DMACmd)
    i.ADC_Filter                             0x08000c68   Section        0  ad.o(i.ADC_Filter)
    i.ADC_GetCalibrationStatus               0x08000c88   Section        0  stm32f10x_adc.o(i.ADC_GetCalibrationStatus)
    i.ADC_GetResetCalibrationStatus          0x08000c9c   Section        0  stm32f10x_adc.o(i.ADC_GetResetCalibrationStatus)
    i.ADC_Init                               0x08000cb0   Section        0  stm32f10x_adc.o(i.ADC_Init)
    i.ADC_RegularChannelConfig               0x08000d00   Section        0  stm32f10x_adc.o(i.ADC_RegularChannelConfig)
    i.ADC_ResetCalibration                   0x08000db8   Section        0  stm32f10x_adc.o(i.ADC_ResetCalibration)
    i.ADC_SoftwareStartConvCmd               0x08000dc2   Section        0  stm32f10x_adc.o(i.ADC_SoftwareStartConvCmd)
    i.ADC_StartCalibration                   0x08000dd8   Section        0  stm32f10x_adc.o(i.ADC_StartCalibration)
    i.ANO_DT_Data_Exchange                   0x08000de4   Section        0  debug.o(i.ANO_DT_Data_Exchange)
    i.ANO_DT_Data_Receive_Anl                0x080010b4   Section        0  debug.o(i.ANO_DT_Data_Receive_Anl)
    i.ANO_DT_Data_Receive_Prepare            0x080013f0   Section        0  debug.o(i.ANO_DT_Data_Receive_Prepare)
    i.ANO_DT_Send_Check                      0x080014d8   Section        0  debug.o(i.ANO_DT_Send_Check)
    ANO_DT_Send_Check                        0x080014d9   Thumb Code    66  debug.o(i.ANO_DT_Send_Check)
    i.ANO_DT_Send_Data                       0x08001520   Section        0  debug.o(i.ANO_DT_Send_Data)
    i.ANO_DT_Send_MotoPWM                    0x08001538   Section        0  debug.o(i.ANO_DT_Send_MotoPWM)
    i.ANO_DT_Send_PID                        0x08001664   Section        0  debug.o(i.ANO_DT_Send_PID)
    i.ANO_DT_Send_Power                      0x0800185c   Section        0  debug.o(i.ANO_DT_Send_Power)
    i.ANO_DT_Send_RCData                     0x080018f0   Section        0  debug.o(i.ANO_DT_Send_RCData)
    i.ANO_DT_Send_Senser                     0x08001a54   Section        0  debug.o(i.ANO_DT_Send_Senser)
    i.ANO_DT_Send_Status                     0x08001bd0   Section        0  debug.o(i.ANO_DT_Send_Status)
    i.ANO_DT_Send_Version                    0x08001d10   Section        0  debug.o(i.ANO_DT_Send_Version)
    i.BEEP_Configuration                     0x08001dd8   Section        0  beep.o(i.BEEP_Configuration)
    i.BusFault_Handler                       0x08001e08   Section        0  stm32f10x_it.o(i.BusFault_Handler)
    i.DMA1_Channel5_IRQHandler               0x08001e0c   Section        0  uart.o(i.DMA1_Channel5_IRQHandler)
    i.DMA_ClearFlag                          0x08001e2c   Section        0  stm32f10x_dma.o(i.DMA_ClearFlag)
    i.DMA_ClearITPendingBit                  0x08001e48   Section        0  stm32f10x_dma.o(i.DMA_ClearITPendingBit)
    i.DMA_Cmd                                0x08001e64   Section        0  stm32f10x_dma.o(i.DMA_Cmd)
    i.DMA_DeInit                             0x08001e7c   Section        0  stm32f10x_dma.o(i.DMA_DeInit)
    i.DMA_GetCurrDataCounter                 0x08001fc8   Section        0  stm32f10x_dma.o(i.DMA_GetCurrDataCounter)
    i.DMA_GetITStatus                        0x08001fd0   Section        0  stm32f10x_dma.o(i.DMA_GetITStatus)
    i.DMA_ITConfig                           0x08001ffc   Section        0  stm32f10x_dma.o(i.DMA_ITConfig)
    i.DMA_Init                               0x0800200e   Section        0  stm32f10x_dma.o(i.DMA_Init)
    i.DMA_SetCurrDataCounter                 0x0800204a   Section        0  stm32f10x_dma.o(i.DMA_SetCurrDataCounter)
    i.DebugMon_Handler                       0x0800204e   Section        0  stm32f10x_it.o(i.DebugMon_Handler)
    i.EE_FindValidPage                       0x08002050   Section        0  flash.o(i.EE_FindValidPage)
    EE_FindValidPage                         0x08002051   Thumb Code    80  flash.o(i.EE_FindValidPage)
    i.EE_Format                              0x080020a8   Section        0  flash.o(i.EE_Format)
    EE_Format                                0x080020a9   Thumb Code    50  flash.o(i.EE_Format)
    i.EE_INIT                                0x080020e4   Section        0  stmflash.o(i.EE_INIT)
    i.EE_Init                                0x080020f4   Section        0  flash.o(i.EE_Init)
    i.EE_PageTransfer                        0x08002104   Section        0  flash.o(i.EE_PageTransfer)
    EE_PageTransfer                          0x08002105   Thumb Code   228  flash.o(i.EE_PageTransfer)
    i.EE_READ_GYRO_OFFSET                    0x080021f8   Section        0  stmflash.o(i.EE_READ_GYRO_OFFSET)
    i.EE_READ_PID                            0x08002228   Section        0  stmflash.o(i.EE_READ_PID)
    i.EE_ReadVariable                        0x080023a4   Section        0  flash.o(i.EE_ReadVariable)
    i.EE_SAVE_GYRO_OFFSET                    0x08002404   Section        0  stmflash.o(i.EE_SAVE_GYRO_OFFSET)
    i.EE_SAVE_PID                            0x0800243c   Section        0  stmflash.o(i.EE_SAVE_PID)
    i.EE_VerifyPageFullWriteVariable         0x080025a0   Section        0  flash.o(i.EE_VerifyPageFullWriteVariable)
    EE_VerifyPageFullWriteVariable           0x080025a1   Thumb Code   122  flash.o(i.EE_VerifyPageFullWriteVariable)
    i.EE_WriteVariable                       0x08002628   Section        0  flash.o(i.EE_WriteVariable)
    i.EXTI9_5_IRQHandler                     0x0800264c   Section        0  mpu6050_interrupt.o(i.EXTI9_5_IRQHandler)
    i.EXTI_ClearFlag                         0x08002668   Section        0  stm32f10x_exti.o(i.EXTI_ClearFlag)
    i.EXTI_GetITStatus                       0x08002674   Section        0  stm32f10x_exti.o(i.EXTI_GetITStatus)
    i.EXTI_Init                              0x0800269c   Section        0  stm32f10x_exti.o(i.EXTI_Init)
    i.Encoder_Configuration                  0x08002730   Section        0  encoder.o(i.Encoder_Configuration)
    i.Encoder_Get_L_CNT                      0x080027b4   Section        0  encoder.o(i.Encoder_Get_L_CNT)
    i.Encoder_Get_R_CNT                      0x080027d0   Section        0  encoder.o(i.Encoder_Get_R_CNT)
    i.Encoder_L_Start                        0x080027ec   Section        0  encoder.o(i.Encoder_L_Start)
    i.Encoder_R_Start                        0x080027f8   Section        0  encoder.o(i.Encoder_R_Start)
    i.FLASH_ErasePage                        0x08002808   Section        0  stm32f10x_flash.o(i.FLASH_ErasePage)
    i.FLASH_GetBank1Status                   0x08002854   Section        0  stm32f10x_flash.o(i.FLASH_GetBank1Status)
    i.FLASH_ProgramHalfWord                  0x08002888   Section        0  stm32f10x_flash.o(i.FLASH_ProgramHalfWord)
    i.FLASH_Unlock                           0x080028c8   Section        0  stm32f10x_flash.o(i.FLASH_Unlock)
    i.FLASH_WaitForLastOperation             0x080028e0   Section        0  stm32f10x_flash.o(i.FLASH_WaitForLastOperation)
    i.GPIO_EXTILineConfig                    0x08002908   Section        0  stm32f10x_gpio.o(i.GPIO_EXTILineConfig)
    i.GPIO_Init                              0x08002948   Section        0  stm32f10x_gpio.o(i.GPIO_Init)
    i.GPIO_ReadInputDataBit                  0x08002a5e   Section        0  stm32f10x_gpio.o(i.GPIO_ReadInputDataBit)
    i.GPIO_ResetBits                         0x08002a70   Section        0  stm32f10x_gpio.o(i.GPIO_ResetBits)
    i.GPIO_SetBits                           0x08002a74   Section        0  stm32f10x_gpio.o(i.GPIO_SetBits)
    i.HardFault_Handler                      0x08002a78   Section        0  stm32f10x_it.o(i.HardFault_Handler)
    i.IIC_Ack                                0x08002a7c   Section        0  mpu6050_i2c.o(i.IIC_Ack)
    i.IIC_Delay                              0x08002ad0   Section        0  mpu6050_i2c.o(i.IIC_Delay)
    i.IIC_GPIO_Init                          0x08002aec   Section        0  mpu6050_i2c.o(i.IIC_GPIO_Init)
    i.IIC_ReadBit                            0x08002b18   Section        0  mpu6050_i2c.o(i.IIC_ReadBit)
    i.IIC_ReadData                           0x08002b80   Section        0  mpu6050_i2c.o(i.IIC_ReadData)
    i.IIC_Start                              0x08002c38   Section        0  mpu6050_i2c.o(i.IIC_Start)
    i.IIC_Stop                               0x08002c84   Section        0  mpu6050_i2c.o(i.IIC_Stop)
    i.IIC_WaitAck                            0x08002ccc   Section        0  mpu6050_i2c.o(i.IIC_WaitAck)
    i.IIC_WriteBit                           0x08002d44   Section        0  mpu6050_i2c.o(i.IIC_WriteBit)
    i.IIC_WriteData                          0x08002db4   Section        0  mpu6050_i2c.o(i.IIC_WriteData)
    i.InitCurrWrAddress                      0x08002e34   Section        0  flash.o(i.InitCurrWrAddress)
    i.KEY_Configuration                      0x08002e98   Section        0  key.o(i.KEY_Configuration)
    i.LED_Configuration                      0x08002ee4   Section        0  led.o(i.LED_Configuration)
    i.MPU6050_Angle_Calculate                0x08002f10   Section        0  mpu6050_process.o(i.MPU6050_Angle_Calculate)
    i.MPU6050_Data_Filter                    0x080035d8   Section        0  mpu6050_process.o(i.MPU6050_Data_Filter)
    i.MPU6050_Gyro_calibration               0x08003764   Section        0  mpu6050_driver.o(i.MPU6050_Gyro_calibration)
    i.MPU6050_Initialization                 0x08003850   Section        0  mpu6050_driver.o(i.MPU6050_Initialization)
    i.MPU6050_Interrupt_Configuration        0x0800399c   Section        0  mpu6050_interrupt.o(i.MPU6050_Interrupt_Configuration)
    i.MPU6050_ReadData                       0x080039e8   Section        0  mpu6050_driver.o(i.MPU6050_ReadData)
    i.MemManage_Handler                      0x08003be4   Section        0  stm32f10x_it.o(i.MemManage_Handler)
    i.Moto_Ctrl                              0x08003be8   Section        0  app.o(i.Moto_Ctrl)
    i.Moto_Init                              0x08003c8c   Section        0  pwm.o(i.Moto_Init)
    i.Motor_Oot_DEAD                         0x08003c98   Section        0  pwm.o(i.Motor_Oot_DEAD)
    i.NMI_Handler                            0x08003cf0   Section        0  stm32f10x_it.o(i.NMI_Handler)
    i.NVIC_Configuration                     0x08003cf2   Section        0  mpu6050_interrupt.o(i.NVIC_Configuration)
    NVIC_Configuration                       0x08003cf3   Thumb Code    38  mpu6050_interrupt.o(i.NVIC_Configuration)
    i.NVIC_Init                              0x08003d18   Section        0  misc.o(i.NVIC_Init)
    i.NVIC_PriorityGroupConfig               0x08003d88   Section        0  misc.o(i.NVIC_PriorityGroupConfig)
    i.PID_Calculate                          0x08003d9c   Section        0  control.o(i.PID_Calculate)
    i.PID_P_Init                             0x08003e3c   Section        0  control.o(i.PID_P_Init)
    i.PID_Position_Init                      0x08003e74   Section        0  control.o(i.PID_Position_Init)
    i.PID_V_Init                             0x08003eac   Section        0  control.o(i.PID_V_Init)
    i.PWM_Configuration                      0x08003ee4   Section        0  pwm.o(i.PWM_Configuration)
    i.PWM_GPIO_Config                        0x08003f6c   Section        0  pwm.o(i.PWM_GPIO_Config)
    i.PendSV_Handler                         0x08003fb8   Section        0  stm32f10x_it.o(i.PendSV_Handler)
    i.RCC_ADCCLKConfig                       0x08003fbc   Section        0  stm32f10x_rcc.o(i.RCC_ADCCLKConfig)
    i.RCC_AHBPeriphClockCmd                  0x08003fd4   Section        0  stm32f10x_rcc.o(i.RCC_AHBPeriphClockCmd)
    i.RCC_APB1PeriphClockCmd                 0x08003ff4   Section        0  stm32f10x_rcc.o(i.RCC_APB1PeriphClockCmd)
    i.RCC_APB1PeriphResetCmd                 0x08004014   Section        0  stm32f10x_rcc.o(i.RCC_APB1PeriphResetCmd)
    i.RCC_APB2PeriphClockCmd                 0x08004034   Section        0  stm32f10x_rcc.o(i.RCC_APB2PeriphClockCmd)
    i.RCC_APB2PeriphResetCmd                 0x08004054   Section        0  stm32f10x_rcc.o(i.RCC_APB2PeriphResetCmd)
    i.RCC_GetClocksFreq                      0x08004074   Section        0  stm32f10x_rcc.o(i.RCC_GetClocksFreq)
    i.SVC_Handler                            0x08004148   Section        0  stm32f10x_it.o(i.SVC_Handler)
    i.Serial_Key                             0x0800414c   Section        0  uart.o(i.Serial_Key)
    i.SetSysClock                            0x08004294   Section        0  system_stm32f10x.o(i.SetSysClock)
    SetSysClock                              0x08004295   Thumb Code     8  system_stm32f10x.o(i.SetSysClock)
    i.SetSysClockTo72                        0x0800429c   Section        0  system_stm32f10x.o(i.SetSysClockTo72)
    SetSysClockTo72                          0x0800429d   Thumb Code   214  system_stm32f10x.o(i.SetSysClockTo72)
    i.Set_Exti                               0x0800437c   Section        0  mpu6050_interrupt.o(i.Set_Exti)
    i.Set_L_Motor_Voltage                    0x080043a8   Section        0  pwm.o(i.Set_L_Motor_Voltage)
    i.Set_R_Motor_Voltage                    0x080043fc   Section        0  pwm.o(i.Set_R_Motor_Voltage)
    i.SysTick_Handler                        0x08004450   Section        0  stm32f10x_it.o(i.SysTick_Handler)
    i.SystemInit                             0x08004500   Section        0  system_stm32f10x.o(i.SystemInit)
    i.TIM2_IRQHandler                        0x08004560   Section        0  encoder.o(i.TIM2_IRQHandler)
    i.TIM4_IRQHandler                        0x08004578   Section        0  encoder.o(i.TIM4_IRQHandler)
    i.TIM6_IRQHandler                        0x08004594   Section        0  time.o(i.TIM6_IRQHandler)
    i.TIM7_IRQHandler                        0x080045c8   Section        0  time.o(i.TIM7_IRQHandler)
    i.TIM_ClearFlag                          0x08004634   Section        0  stm32f10x_tim.o(i.TIM_ClearFlag)
    i.TIM_ClearITPendingBit                  0x0800463a   Section        0  stm32f10x_tim.o(i.TIM_ClearITPendingBit)
    i.TIM_Cmd                                0x08004640   Section        0  stm32f10x_tim.o(i.TIM_Cmd)
    i.TIM_CtrlPWMOutputs                     0x08004658   Section        0  stm32f10x_tim.o(i.TIM_CtrlPWMOutputs)
    i.TIM_EncoderInterfaceConfig             0x08004676   Section        0  stm32f10x_tim.o(i.TIM_EncoderInterfaceConfig)
    i.TIM_GetITStatus                        0x080046b8   Section        0  stm32f10x_tim.o(i.TIM_GetITStatus)
    i.TIM_OC1Init                            0x080046dc   Section        0  stm32f10x_tim.o(i.TIM_OC1Init)
    i.TIM_OC1PreloadConfig                   0x08004774   Section        0  stm32f10x_tim.o(i.TIM_OC1PreloadConfig)
    i.TIM_OC4Init                            0x08004788   Section        0  stm32f10x_tim.o(i.TIM_OC4Init)
    i.TIM_OC4PreloadConfig                   0x08004804   Section        0  stm32f10x_tim.o(i.TIM_OC4PreloadConfig)
    i.TIM_TimeBaseInit                       0x08004820   Section        0  stm32f10x_tim.o(i.TIM_TimeBaseInit)
    i.USART1_Configuration                   0x080048c4   Section        0  uart.o(i.USART1_Configuration)
    i.USART1_IRQHandler                      0x08004a04   Section        0  uart.o(i.USART1_IRQHandler)
    i.USART1_Send_Date                       0x08004a84   Section        0  uart.o(i.USART1_Send_Date)
    i.USART_Cmd                              0x08004ab8   Section        0  stm32f10x_usart.o(i.USART_Cmd)
    i.USART_DMACmd                           0x08004ad0   Section        0  stm32f10x_usart.o(i.USART_DMACmd)
    i.USART_DeInit                           0x08004ae4   Section        0  stm32f10x_usart.o(i.USART_DeInit)
    i.USART_GetFlagStatus                    0x08004b80   Section        0  stm32f10x_usart.o(i.USART_GetFlagStatus)
    i.USART_GetITStatus                      0x08004b9a   Section        0  stm32f10x_usart.o(i.USART_GetITStatus)
    i.USART_ITConfig                         0x08004bee   Section        0  stm32f10x_usart.o(i.USART_ITConfig)
    i.USART_Init                             0x08004c38   Section        0  stm32f10x_usart.o(i.USART_Init)
    i.USART_SendData                         0x08004d10   Section        0  stm32f10x_usart.o(i.USART_SendData)
    i.UsageFault_Handler                     0x08004d18   Section        0  stm32f10x_it.o(i.UsageFault_Handler)
    i.__0printf$bare                         0x08004d1c   Section        0  printfb.o(i.__0printf$bare)
    i.__ARM_fpclassify                       0x08004d2c   Section        0  fpclassify.o(i.__ARM_fpclassify)
    i.__EE_Init                              0x08004d54   Section        0  flash.o(i.__EE_Init)
    i.__kernel_poly                          0x08004f4c   Section        0  poly.o(i.__kernel_poly)
    i.__mathlib_dbl_underflow                0x08004ff8   Section        0  dunder.o(i.__mathlib_dbl_underflow)
    i.__scatterload_copy                     0x08005008   Section       14  handlers.o(i.__scatterload_copy)
    i.__scatterload_null                     0x08005016   Section        2  handlers.o(i.__scatterload_null)
    i.__scatterload_zeroinit                 0x08005018   Section       14  handlers.o(i.__scatterload_zeroinit)
    i.__set_errno                            0x08005028   Section        0  errno.o(i.__set_errno)
    i._printf_core                           0x08005034   Section        0  printfb.o(i._printf_core)
    _printf_core                             0x08005035   Thumb Code    34  printfb.o(i._printf_core)
    i.asin                                   0x08005058   Section        0  asin.o(i.asin)
    i.atan                                   0x080052d4   Section        0  atan.o(i.atan)
    i.atan2                                  0x080054f8   Section        0  atan2.o(i.atan2)
    i.calibrate_IMU                          0x08005678   Section        0  debug.o(i.calibrate_IMU)
    i.delay_ms                               0x080056cc   Section        0  delay.o(i.delay_ms)
    i.fputc                                  0x080056e8   Section        0  uart.o(i.fputc)
    i.get_irda_data                          0x0800570c   Section        0  ad.o(i.get_irda_data)
    i.main                                   0x08005788   Section        0  main.o(i.main)
    i.offset_ad                              0x08005a54   Section        0  ad.o(i.offset_ad)
    i.pid_init_struct                        0x08005ab0   Section        0  control.o(i.pid_init_struct)
    i.serial_Tx                              0x08005ad4   Section        0  uart.o(i.serial_Tx)
    i.serialcom                              0x08005c50   Section        0  uart.o(i.serialcom)
    i.sqrt                                   0x08005e14   Section        0  sqrt.o(i.sqrt)
    i.uart_choise                            0x08005e60   Section        0  app.o(i.uart_choise)
    .constdata                               0x08005ee8   Section       80  asin.o(.constdata)
    pS                                       0x08005ee8   Data          48  asin.o(.constdata)
    qS                                       0x08005f18   Data          32  asin.o(.constdata)
    .constdata                               0x08005f38   Section      152  atan.o(.constdata)
    atanhi                                   0x08005f38   Data          32  atan.o(.constdata)
    atanlo                                   0x08005f58   Data          32  atan.o(.constdata)
    aTodd                                    0x08005f78   Data          40  atan.o(.constdata)
    aTeven                                   0x08005fa0   Data          48  atan.o(.constdata)
    .constdata                               0x08005fd0   Section        8  qnan.o(.constdata)
    .data                                    0x20000000   Section       20  system_stm32f10x.o(.data)
    .data                                    0x20000014   Section       20  stm32f10x_rcc.o(.data)
    APBAHBPrescTable                         0x20000014   Data          16  stm32f10x_rcc.o(.data)
    ADCPrescTable                            0x20000024   Data           4  stm32f10x_rcc.o(.data)
    .data                                    0x20000028   Section       20  ad.o(.data)
    .data                                    0x2000003c   Section        8  flash.o(.data)
    .data                                    0x20000044   Section       63  debug.o(.data)
    cnt                                      0x2000007a   Data           1  debug.o(.data)
    senser_cnt                               0x2000007b   Data           1  debug.o(.data)
    status_cnt                               0x2000007c   Data           1  debug.o(.data)
    rcdata_cnt                               0x2000007d   Data           1  debug.o(.data)
    motopwm_cnt                              0x2000007e   Data           1  debug.o(.data)
    power_cnt                                0x2000007f   Data           1  debug.o(.data)
    _data_len                                0x20000080   Data           1  debug.o(.data)
    _data_cnt                                0x20000081   Data           1  debug.o(.data)
    state                                    0x20000082   Data           1  debug.o(.data)
    .data                                    0x20000084   Section        3  uart.o(.data)
    .data                                    0x20000088   Section      116  stmflash.o(.data)
    .data                                    0x200000fc   Section       16  ldc1000.o(.data)
    .data                                    0x2000010c   Section        4  time.o(.data)
    .data                                    0x20000110   Section       16  main.o(.data)
    .data                                    0x20000120   Section        9  stm32f10x_it.o(.data)
    .data                                    0x2000012c   Section       40  app.o(.data)
    time                                     0x20000140   Data           2  app.o(.data)
    PID_LDC1000_Out                          0x20000144   Data           4  app.o(.data)
    PID_Gyro_Yaw_Out                         0x20000148   Data           4  app.o(.data)
    Moto_Out_L                               0x2000014c   Data           2  app.o(.data)
    Moto_Out_R                               0x2000014e   Data           2  app.o(.data)
    num1                                     0x20000150   Data           2  app.o(.data)
    num2                                     0x20000152   Data           2  app.o(.data)
    .data                                    0x20000154   Section        1  mpu6050_interrupt.o(.data)
    .data                                    0x20000158   Section       96  mpu6050_process.o(.data)
    first_flag                               0x20000188   Data           4  mpu6050_process.o(.data)
    filter_cnt                               0x2000018c   Data           4  mpu6050_process.o(.data)
    q0                                       0x20000190   Data           4  mpu6050_process.o(.data)
    q1                                       0x20000194   Data           4  mpu6050_process.o(.data)
    q2                                       0x20000198   Data           4  mpu6050_process.o(.data)
    q3                                       0x2000019c   Data           4  mpu6050_process.o(.data)
    exInt                                    0x200001a0   Data           4  mpu6050_process.o(.data)
    eyInt                                    0x200001a4   Data           4  mpu6050_process.o(.data)
    ezInt                                    0x200001a8   Data           4  mpu6050_process.o(.data)
    pre_ax                                   0x200001ac   Data           4  mpu6050_process.o(.data)
    pre_ay                                   0x200001b0   Data           4  mpu6050_process.o(.data)
    pre_az                                   0x200001b4   Data           4  mpu6050_process.o(.data)
    .data                                    0x200001b8   Section        4  stdout.o(.data)
    .data                                    0x200001bc   Section        4  errno.o(.data)
    _errno                                   0x200001bc   Data           4  errno.o(.data)
    .bss                                     0x200001c0   Section      128  ad.o(.bss)
    .bss                                     0x20000240   Section      146  debug.o(.bss)
    RxBuffer                                 0x200002a0   Data          50  debug.o(.bss)
    .bss                                     0x200002d4   Section      424  control.o(.bss)
    .bss                                     0x2000047c   Section      152  uart.o(.bss)
    .bss                                     0x20000514   Section       44  mpu6050_driver.o(.bss)
    .bss                                     0x20000540   Section       96  mpu6050_process.o(.bss)
    accel_x_buffer                           0x20000564   Data          20  mpu6050_process.o(.bss)
    accel_y_buffer                           0x20000578   Data          20  mpu6050_process.o(.bss)
    accel_z_buffer                           0x2000058c   Data          20  mpu6050_process.o(.bss)
    STACK                                    0x200005a0   Section     1024  startup_stm32f10x_hd.o(STACK)

    Global Symbols

    Symbol Name                              Value     Ov Type        Size  Object(Section)

    BuildAttributes$$THM_ISAv4$P$D$K$B$S$PE$A:L22UL41UL21$X:L11$S22US41US21$IEEE1$IW$USESV6$~STKCKD$USESV7$~SHL$OTIME$ROPI$IEEEX$EBA8$MICROLIB$REQ8$PRES8$EABIv2 0x00000000   Number         0  anon$$obj.o ABSOLUTE
    __ARM_use_no_argv                        0x00000000   Number         0  main.o ABSOLUTE
    __cpp_initialize__aeabi_                  - Undefined Weak Reference
    __cxa_finalize                            - Undefined Weak Reference
    _clock_init                               - Undefined Weak Reference
    _microlib_exit                            - Undefined Weak Reference
    __Vectors_Size                           0x00000130   Number         0  startup_stm32f10x_hd.o ABSOLUTE
    __Vectors                                0x08000000   Data           4  startup_stm32f10x_hd.o(RESET)
    __Vectors_End                            0x08000130   Data           0  startup_stm32f10x_hd.o(RESET)
    __main                                   0x08000131   Thumb Code     0  entry.o(.ARM.Collect$$$$00000000)
    _main_stk                                0x08000131   Thumb Code     0  entry2.o(.ARM.Collect$$$$00000001)
    _main_scatterload                        0x08000135   Thumb Code     0  entry5.o(.ARM.Collect$$$$00000004)
    __main_after_scatterload                 0x08000139   Thumb Code     0  entry5.o(.ARM.Collect$$$$00000004)
    _main_clock                              0x08000139   Thumb Code     0  entry7b.o(.ARM.Collect$$$$00000008)
    _main_cpp_init                           0x08000139   Thumb Code     0  entry8b.o(.ARM.Collect$$$$0000000A)
    _main_init                               0x08000139   Thumb Code     0  entry9a.o(.ARM.Collect$$$$0000000B)
    __rt_final_cpp                           0x08000141   Thumb Code     0  entry10a.o(.ARM.Collect$$$$0000000D)
    __rt_final_exit                          0x08000141   Thumb Code     0  entry11a.o(.ARM.Collect$$$$0000000F)
    Reset_Handler                            0x08000145   Thumb Code     8  startup_stm32f10x_hd.o(.text)
    ADC1_2_IRQHandler                        0x0800015f   Thumb Code     0  startup_stm32f10x_hd.o(.text)
    ADC3_IRQHandler                          0x0800015f   Thumb Code     0  startup_stm32f10x_hd.o(.text)
    CAN1_RX1_IRQHandler                      0x0800015f   Thumb Code     0  startup_stm32f10x_hd.o(.text)
    CAN1_SCE_IRQHandler                      0x0800015f   Thumb Code     0  startup_stm32f10x_hd.o(.text)
    DMA1_Channel1_IRQHandler                 0x0800015f   Thumb Code     0  startup_stm32f10x_hd.o(.text)
    DMA1_Channel2_IRQHandler                 0x0800015f   Thumb Code     0  startup_stm32f10x_hd.o(.text)
    DMA1_Channel3_IRQHandler                 0x0800015f   Thumb Code     0  startup_stm32f10x_hd.o(.text)
    DMA1_Channel4_IRQHandler                 0x0800015f   Thumb Code     0  startup_stm32f10x_hd.o(.text)
    DMA1_Channel6_IRQHandler                 0x0800015f   Thumb Code     0  startup_stm32f10x_hd.o(.text)
    DMA1_Channel7_IRQHandler                 0x0800015f   Thumb Code     0  startup_stm32f10x_hd.o(.text)
    DMA2_Channel1_IRQHandler                 0x0800015f   Thumb Code     0  startup_stm32f10x_hd.o(.text)
    DMA2_Channel2_IRQHandler                 0x0800015f   Thumb Code     0  startup_stm32f10x_hd.o(.text)
    DMA2_Channel3_IRQHandler                 0x0800015f   Thumb Code     0  startup_stm32f10x_hd.o(.text)
    DMA2_Channel4_5_IRQHandler               0x0800015f   Thumb Code     0  startup_stm32f10x_hd.o(.text)
    EXTI0_IRQHandler                         0x0800015f   Thumb Code     0  startup_stm32f10x_hd.o(.text)
    EXTI15_10_IRQHandler                     0x0800015f   Thumb Code     0  startup_stm32f10x_hd.o(.text)
    EXTI1_IRQHandler                         0x0800015f   Thumb Code     0  startup_stm32f10x_hd.o(.text)
    EXTI2_IRQHandler                         0x0800015f   Thumb Code     0  startup_stm32f10x_hd.o(.text)
    EXTI3_IRQHandler                         0x0800015f   Thumb Code     0  startup_stm32f10x_hd.o(.text)
    EXTI4_IRQHandler                         0x0800015f   Thumb Code     0  startup_stm32f10x_hd.o(.text)
    FLASH_IRQHandler                         0x0800015f   Thumb Code     0  startup_stm32f10x_hd.o(.text)
    FSMC_IRQHandler                          0x0800015f   Thumb Code     0  startup_stm32f10x_hd.o(.text)
    I2C1_ER_IRQHandler                       0x0800015f   Thumb Code     0  startup_stm32f10x_hd.o(.text)
    I2C1_EV_IRQHandler                       0x0800015f   Thumb Code     0  startup_stm32f10x_hd.o(.text)
    I2C2_ER_IRQHandler                       0x0800015f   Thumb Code     0  startup_stm32f10x_hd.o(.text)
    I2C2_EV_IRQHandler                       0x0800015f   Thumb Code     0  startup_stm32f10x_hd.o(.text)
    PVD_IRQHandler                           0x0800015f   Thumb Code     0  startup_stm32f10x_hd.o(.text)
    RCC_IRQHandler                           0x0800015f   Thumb Code     0  startup_stm32f10x_hd.o(.text)
    RTCAlarm_IRQHandler                      0x0800015f   Thumb Code     0  startup_stm32f10x_hd.o(.text)
    RTC_IRQHandler                           0x0800015f   Thumb Code     0  startup_stm32f10x_hd.o(.text)
    SDIO_IRQHandler                          0x0800015f   Thumb Code     0  startup_stm32f10x_hd.o(.text)
    SPI1_IRQHandler                          0x0800015f   Thumb Code     0  startup_stm32f10x_hd.o(.text)
    SPI2_IRQHandler                          0x0800015f   Thumb Code     0  startup_stm32f10x_hd.o(.text)
    SPI3_IRQHandler                          0x0800015f   Thumb Code     0  startup_stm32f10x_hd.o(.text)
    TAMPER_IRQHandler                        0x0800015f   Thumb Code     0  startup_stm32f10x_hd.o(.text)
    TIM1_BRK_IRQHandler                      0x0800015f   Thumb Code     0  startup_stm32f10x_hd.o(.text)
    TIM1_CC_IRQHandler                       0x0800015f   Thumb Code     0  startup_stm32f10x_hd.o(.text)
    TIM1_TRG_COM_IRQHandler                  0x0800015f   Thumb Code     0  startup_stm32f10x_hd.o(.text)
    TIM1_UP_IRQHandler                       0x0800015f   Thumb Code     0  startup_stm32f10x_hd.o(.text)
    TIM3_IRQHandler                          0x0800015f   Thumb Code     0  startup_stm32f10x_hd.o(.text)
    TIM5_IRQHandler                          0x0800015f   Thumb Code     0  startup_stm32f10x_hd.o(.text)
    TIM8_BRK_IRQHandler                      0x0800015f   Thumb Code     0  startup_stm32f10x_hd.o(.text)
    TIM8_CC_IRQHandler                       0x0800015f   Thumb Code     0  startup_stm32f10x_hd.o(.text)
    TIM8_TRG_COM_IRQHandler                  0x0800015f   Thumb Code     0  startup_stm32f10x_hd.o(.text)
    TIM8_UP_IRQHandler                       0x0800015f   Thumb Code     0  startup_stm32f10x_hd.o(.text)
    UART4_IRQHandler                         0x0800015f   Thumb Code     0  startup_stm32f10x_hd.o(.text)
    UART5_IRQHandler                         0x0800015f   Thumb Code     0  startup_stm32f10x_hd.o(.text)
    USART2_IRQHandler                        0x0800015f   Thumb Code     0  startup_stm32f10x_hd.o(.text)
    USART3_IRQHandler                        0x0800015f   Thumb Code     0  startup_stm32f10x_hd.o(.text)
    USBWakeUp_IRQHandler                     0x0800015f   Thumb Code     0  startup_stm32f10x_hd.o(.text)
    USB_HP_CAN1_TX_IRQHandler                0x0800015f   Thumb Code     0  startup_stm32f10x_hd.o(.text)
    USB_LP_CAN1_RX0_IRQHandler               0x0800015f   Thumb Code     0  startup_stm32f10x_hd.o(.text)
    WWDG_IRQHandler                          0x0800015f   Thumb Code     0  startup_stm32f10x_hd.o(.text)
    __aeabi_fadd                             0x08000169   Thumb Code   164  fadd.o(.text)
    __aeabi_fsub                             0x0800020d   Thumb Code     6  fadd.o(.text)
    __aeabi_frsub                            0x08000213   Thumb Code     6  fadd.o(.text)
    __aeabi_fmul                             0x08000219   Thumb Code   100  fmul.o(.text)
    __aeabi_fdiv                             0x0800027d   Thumb Code   124  fdiv.o(.text)
    __aeabi_dadd                             0x080002f9   Thumb Code   322  dadd.o(.text)
    __aeabi_dsub                             0x0800043b   Thumb Code     6  dadd.o(.text)
    __aeabi_drsub                            0x08000441   Thumb Code     6  dadd.o(.text)
    __aeabi_dmul                             0x08000447   Thumb Code   228  dmul.o(.text)
    __aeabi_ddiv                             0x0800052b   Thumb Code   222  ddiv.o(.text)
    __aeabi_i2f                              0x08000609   Thumb Code    18  fflti.o(.text)
    __aeabi_ui2f                             0x0800061b   Thumb Code    10  ffltui.o(.text)
    __aeabi_i2d                              0x08000625   Thumb Code    34  dflti.o(.text)
    __aeabi_f2iz                             0x08000647   Thumb Code    50  ffixi.o(.text)
    __aeabi_f2uiz                            0x08000679   Thumb Code    40  ffixui.o(.text)
    __aeabi_f2d                              0x080006a1   Thumb Code    38  f2d.o(.text)
    __aeabi_d2f                              0x080006c7   Thumb Code    56  d2f.o(.text)
    __aeabi_cfcmpeq                          0x08000701   Thumb Code     0  cfcmple.o(.text)
    __aeabi_cfcmple                          0x08000701   Thumb Code    20  cfcmple.o(.text)
    __aeabi_cfrcmple                         0x08000715   Thumb Code    20  cfrcmple.o(.text)
    __aeabi_llsl                             0x08000729   Thumb Code    30  llshl.o(.text)
    _ll_shift_l                              0x08000729   Thumb Code     0  llshl.o(.text)
    __aeabi_lasr                             0x08000747   Thumb Code    36  llsshr.o(.text)
    _ll_sshift_r                             0x08000747   Thumb Code     0  llsshr.o(.text)
    __I$use$fp                               0x0800076b   Thumb Code     0  iusefp.o(.text)
    _float_round                             0x0800076b   Thumb Code    18  fepilogue.o(.text)
    _float_epilogue                          0x0800077d   Thumb Code    92  fepilogue.o(.text)
    _double_round                            0x080007d9   Thumb Code    26  depilogue.o(.text)
    _double_epilogue                         0x080007f3   Thumb Code   156  depilogue.o(.text)
    __ARM_scalbn                             0x0800088f   Thumb Code    46  dscalb.o(.text)
    scalbn                                   0x0800088f   Thumb Code     0  dscalb.o(.text)
    _dsqrt                                   0x080008bd   Thumb Code   162  dsqrt.o(.text)
    __scatterload                            0x08000961   Thumb Code    28  init.o(.text)
    __scatterload_rt2                        0x08000961   Thumb Code     0  init.o(.text)
    __aeabi_llsr                             0x08000985   Thumb Code    32  llushr.o(.text)
    _ll_ushift_r                             0x08000985   Thumb Code     0  llushr.o(.text)
    __decompress                             0x080009a5   Thumb Code     0  __dczerorl2.o(.text)
    __decompress1                            0x080009a5   Thumb Code    86  __dczerorl2.o(.text)
    ADC1_Configuration                       0x080009fd   Thumb Code   254  ad.o(i.ADC1_Configuration)
    ADC3_Configuration                       0x08000b0d   Thumb Code   254  ad.o(i.ADC3_Configuration)
    ADC3_Filter                              0x08000c1d   Thumb Code    26  ad.o(i.ADC3_Filter)
    ADC_Cmd                                  0x08000c3d   Thumb Code    22  stm32f10x_adc.o(i.ADC_Cmd)
    ADC_DMACmd                               0x08000c53   Thumb Code    22  stm32f10x_adc.o(i.ADC_DMACmd)
    ADC_Filter                               0x08000c69   Thumb Code    26  ad.o(i.ADC_Filter)
    ADC_GetCalibrationStatus                 0x08000c89   Thumb Code    20  stm32f10x_adc.o(i.ADC_GetCalibrationStatus)
    ADC_GetResetCalibrationStatus            0x08000c9d   Thumb Code    20  stm32f10x_adc.o(i.ADC_GetResetCalibrationStatus)
    ADC_Init                                 0x08000cb1   Thumb Code    70  stm32f10x_adc.o(i.ADC_Init)
    ADC_RegularChannelConfig                 0x08000d01   Thumb Code   184  stm32f10x_adc.o(i.ADC_RegularChannelConfig)
    ADC_ResetCalibration                     0x08000db9   Thumb Code    10  stm32f10x_adc.o(i.ADC_ResetCalibration)
    ADC_SoftwareStartConvCmd                 0x08000dc3   Thumb Code    22  stm32f10x_adc.o(i.ADC_SoftwareStartConvCmd)
    ADC_StartCalibration                     0x08000dd9   Thumb Code    10  stm32f10x_adc.o(i.ADC_StartCalibration)
    ANO_DT_Data_Exchange                     0x08000de5   Thumb Code   624  debug.o(i.ANO_DT_Data_Exchange)
    ANO_DT_Data_Receive_Anl                  0x080010b5   Thumb Code   776  debug.o(i.ANO_DT_Data_Receive_Anl)
    ANO_DT_Data_Receive_Prepare              0x080013f1   Thumb Code   216  debug.o(i.ANO_DT_Data_Receive_Prepare)
    ANO_DT_Send_Data                         0x08001521   Thumb Code    18  debug.o(i.ANO_DT_Send_Data)
    ANO_DT_Send_MotoPWM                      0x08001539   Thumb Code   294  debug.o(i.ANO_DT_Send_MotoPWM)
    ANO_DT_Send_PID                          0x08001665   Thumb Code   496  debug.o(i.ANO_DT_Send_PID)
    ANO_DT_Send_Power                        0x0800185d   Thumb Code   142  debug.o(i.ANO_DT_Send_Power)
    ANO_DT_Send_RCData                       0x080018f1   Thumb Code   350  debug.o(i.ANO_DT_Send_RCData)
    ANO_DT_Send_Senser                       0x08001a55   Thumb Code   374  debug.o(i.ANO_DT_Send_Senser)
    ANO_DT_Send_Status                       0x08001bd1   Thumb Code   312  debug.o(i.ANO_DT_Send_Status)
    ANO_DT_Send_Version                      0x08001d11   Thumb Code   196  debug.o(i.ANO_DT_Send_Version)
    BEEP_Configuration                       0x08001dd9   Thumb Code    44  beep.o(i.BEEP_Configuration)
    BusFault_Handler                         0x08001e09   Thumb Code     4  stm32f10x_it.o(i.BusFault_Handler)
    DMA1_Channel5_IRQHandler                 0x08001e0d   Thumb Code    30  uart.o(i.DMA1_Channel5_IRQHandler)
    DMA_ClearFlag                            0x08001e2d   Thumb Code    18  stm32f10x_dma.o(i.DMA_ClearFlag)
    DMA_ClearITPendingBit                    0x08001e49   Thumb Code    18  stm32f10x_dma.o(i.DMA_ClearITPendingBit)
    DMA_Cmd                                  0x08001e65   Thumb Code    24  stm32f10x_dma.o(i.DMA_Cmd)
    DMA_DeInit                               0x08001e7d   Thumb Code   324  stm32f10x_dma.o(i.DMA_DeInit)
    DMA_GetCurrDataCounter                   0x08001fc9   Thumb Code     8  stm32f10x_dma.o(i.DMA_GetCurrDataCounter)
    DMA_GetITStatus                          0x08001fd1   Thumb Code    36  stm32f10x_dma.o(i.DMA_GetITStatus)
    DMA_ITConfig                             0x08001ffd   Thumb Code    18  stm32f10x_dma.o(i.DMA_ITConfig)
    DMA_Init                                 0x0800200f   Thumb Code    60  stm32f10x_dma.o(i.DMA_Init)
    DMA_SetCurrDataCounter                   0x0800204b   Thumb Code     4  stm32f10x_dma.o(i.DMA_SetCurrDataCounter)
    DebugMon_Handler                         0x0800204f   Thumb Code     2  stm32f10x_it.o(i.DebugMon_Handler)
    EE_INIT                                  0x080020e5   Thumb Code    16  stmflash.o(i.EE_INIT)
    EE_Init                                  0x080020f5   Thumb Code    16  flash.o(i.EE_Init)
    EE_READ_GYRO_OFFSET                      0x080021f9   Thumb Code    38  stmflash.o(i.EE_READ_GYRO_OFFSET)
    EE_READ_PID                              0x08002229   Thumb Code   346  stmflash.o(i.EE_READ_PID)
    EE_ReadVariable                          0x080023a5   Thumb Code    88  flash.o(i.EE_ReadVariable)
    EE_SAVE_GYRO_OFFSET                      0x08002405   Thumb Code    46  stmflash.o(i.EE_SAVE_GYRO_OFFSET)
    EE_SAVE_PID                              0x0800243d   Thumb Code   322  stmflash.o(i.EE_SAVE_PID)
    EE_WriteVariable                         0x08002629   Thumb Code    36  flash.o(i.EE_WriteVariable)
    EXTI9_5_IRQHandler                       0x0800264d   Thumb Code    24  mpu6050_interrupt.o(i.EXTI9_5_IRQHandler)
    EXTI_ClearFlag                           0x08002669   Thumb Code     6  stm32f10x_exti.o(i.EXTI_ClearFlag)
    EXTI_GetITStatus                         0x08002675   Thumb Code    34  stm32f10x_exti.o(i.EXTI_GetITStatus)
    EXTI_Init                                0x0800269d   Thumb Code   142  stm32f10x_exti.o(i.EXTI_Init)
    Encoder_Configuration                    0x08002731   Thumb Code   120  encoder.o(i.Encoder_Configuration)
    Encoder_Get_L_CNT                        0x080027b5   Thumb Code    26  encoder.o(i.Encoder_Get_L_CNT)
    Encoder_Get_R_CNT                        0x080027d1   Thumb Code    22  encoder.o(i.Encoder_Get_R_CNT)
    Encoder_L_Start                          0x080027ed   Thumb Code    12  encoder.o(i.Encoder_L_Start)
    Encoder_R_Start                          0x080027f9   Thumb Code    10  encoder.o(i.Encoder_R_Start)
    FLASH_ErasePage                          0x08002809   Thumb Code    72  stm32f10x_flash.o(i.FLASH_ErasePage)
    FLASH_GetBank1Status                     0x08002855   Thumb Code    48  stm32f10x_flash.o(i.FLASH_GetBank1Status)
    FLASH_ProgramHalfWord                    0x08002889   Thumb Code    60  stm32f10x_flash.o(i.FLASH_ProgramHalfWord)
    FLASH_Unlock                             0x080028c9   Thumb Code    12  stm32f10x_flash.o(i.FLASH_Unlock)
    FLASH_WaitForLastOperation               0x080028e1   Thumb Code    38  stm32f10x_flash.o(i.FLASH_WaitForLastOperation)
    GPIO_EXTILineConfig                      0x08002909   Thumb Code    60  stm32f10x_gpio.o(i.GPIO_EXTILineConfig)
    GPIO_Init                                0x08002949   Thumb Code   278  stm32f10x_gpio.o(i.GPIO_Init)
    GPIO_ReadInputDataBit                    0x08002a5f   Thumb Code    18  stm32f10x_gpio.o(i.GPIO_ReadInputDataBit)
    GPIO_ResetBits                           0x08002a71   Thumb Code     4  stm32f10x_gpio.o(i.GPIO_ResetBits)
    GPIO_SetBits                             0x08002a75   Thumb Code     4  stm32f10x_gpio.o(i.GPIO_SetBits)
    HardFault_Handler                        0x08002a79   Thumb Code     4  stm32f10x_it.o(i.HardFault_Handler)
    IIC_Ack                                  0x08002a7d   Thumb Code    70  mpu6050_i2c.o(i.IIC_Ack)
    IIC_Delay                                0x08002ad1   Thumb Code    26  mpu6050_i2c.o(i.IIC_Delay)
    IIC_GPIO_Init                            0x08002aed   Thumb Code    38  mpu6050_i2c.o(i.IIC_GPIO_Init)
    IIC_ReadBit                              0x08002b19   Thumb Code    90  mpu6050_i2c.o(i.IIC_ReadBit)
    IIC_ReadData                             0x08002b81   Thumb Code   146  mpu6050_i2c.o(i.IIC_ReadData)
    IIC_Start                                0x08002c39   Thumb Code    62  mpu6050_i2c.o(i.IIC_Start)
    IIC_Stop                                 0x08002c85   Thumb Code    60  mpu6050_i2c.o(i.IIC_Stop)
    IIC_WaitAck                              0x08002ccd   Thumb Code    96  mpu6050_i2c.o(i.IIC_WaitAck)
    IIC_WriteBit                             0x08002d45   Thumb Code    98  mpu6050_i2c.o(i.IIC_WriteBit)
    IIC_WriteData                            0x08002db5   Thumb Code    92  mpu6050_i2c.o(i.IIC_WriteData)
    InitCurrWrAddress                        0x08002e35   Thumb Code    92  flash.o(i.InitCurrWrAddress)
    KEY_Configuration                        0x08002e99   Thumb Code    66  key.o(i.KEY_Configuration)
    LED_Configuration                        0x08002ee5   Thumb Code    38  led.o(i.LED_Configuration)
    MPU6050_Angle_Calculate                  0x08002f11   Thumb Code  1702  mpu6050_process.o(i.MPU6050_Angle_Calculate)
    MPU6050_Data_Filter                      0x080035d9   Thumb Code   348  mpu6050_process.o(i.MPU6050_Data_Filter)
    MPU6050_Gyro_calibration                 0x08003765   Thumb Code   224  mpu6050_driver.o(i.MPU6050_Gyro_calibration)
    MPU6050_Initialization                   0x08003851   Thumb Code   224  mpu6050_driver.o(i.MPU6050_Initialization)
    MPU6050_Interrupt_Configuration          0x0800399d   Thumb Code    72  mpu6050_interrupt.o(i.MPU6050_Interrupt_Configuration)
    MPU6050_ReadData                         0x080039e9   Thumb Code   464  mpu6050_driver.o(i.MPU6050_ReadData)
    MemManage_Handler                        0x08003be5   Thumb Code     4  stm32f10x_it.o(i.MemManage_Handler)
    Moto_Ctrl                                0x08003be9   Thumb Code   126  app.o(i.Moto_Ctrl)
    Moto_Init                                0x08003c8d   Thumb Code    12  pwm.o(i.Moto_Init)
    Motor_Oot_DEAD                           0x08003c99   Thumb Code    76  pwm.o(i.Motor_Oot_DEAD)
    NMI_Handler                              0x08003cf1   Thumb Code     2  stm32f10x_it.o(i.NMI_Handler)
    NVIC_Init                                0x08003d19   Thumb Code   100  misc.o(i.NVIC_Init)
    NVIC_PriorityGroupConfig                 0x08003d89   Thumb Code    10  misc.o(i.NVIC_PriorityGroupConfig)
    PID_Calculate                            0x08003d9d   Thumb Code   160  control.o(i.PID_Calculate)
    PID_P_Init                               0x08003e3d   Thumb Code    38  control.o(i.PID_P_Init)
    PID_Position_Init                        0x08003e75   Thumb Code    38  control.o(i.PID_Position_Init)
    PID_V_Init                               0x08003ead   Thumb Code    38  control.o(i.PID_V_Init)
    PWM_Configuration                        0x08003ee5   Thumb Code   132  pwm.o(i.PWM_Configuration)
    PWM_GPIO_Config                          0x08003f6d   Thumb Code    68  pwm.o(i.PWM_GPIO_Config)
    PendSV_Handler                           0x08003fb9   Thumb Code     2  stm32f10x_it.o(i.PendSV_Handler)
    RCC_ADCCLKConfig                         0x08003fbd   Thumb Code    18  stm32f10x_rcc.o(i.RCC_ADCCLKConfig)
    RCC_AHBPeriphClockCmd                    0x08003fd5   Thumb Code    26  stm32f10x_rcc.o(i.RCC_AHBPeriphClockCmd)
    RCC_APB1PeriphClockCmd                   0x08003ff5   Thumb Code    26  stm32f10x_rcc.o(i.RCC_APB1PeriphClockCmd)
    RCC_APB1PeriphResetCmd                   0x08004015   Thumb Code    26  stm32f10x_rcc.o(i.RCC_APB1PeriphResetCmd)
    RCC_APB2PeriphClockCmd                   0x08004035   Thumb Code    26  stm32f10x_rcc.o(i.RCC_APB2PeriphClockCmd)
    RCC_APB2PeriphResetCmd                   0x08004055   Thumb Code    26  stm32f10x_rcc.o(i.RCC_APB2PeriphResetCmd)
    RCC_GetClocksFreq                        0x08004075   Thumb Code   192  stm32f10x_rcc.o(i.RCC_GetClocksFreq)
    SVC_Handler                              0x08004149   Thumb Code     2  stm32f10x_it.o(i.SVC_Handler)
    Serial_Key                               0x0800414d   Thumb Code   282  uart.o(i.Serial_Key)
    Set_Exti                                 0x0800437d   Thumb Code    44  mpu6050_interrupt.o(i.Set_Exti)
    Set_L_Motor_Voltage                      0x080043a9   Thumb Code    70  pwm.o(i.Set_L_Motor_Voltage)
    Set_R_Motor_Voltage                      0x080043fd   Thumb Code    70  pwm.o(i.Set_R_Motor_Voltage)
    SysTick_Handler                          0x08004451   Thumb Code   146  stm32f10x_it.o(i.SysTick_Handler)
    SystemInit                               0x08004501   Thumb Code    78  system_stm32f10x.o(i.SystemInit)
    TIM2_IRQHandler                          0x08004561   Thumb Code    22  encoder.o(i.TIM2_IRQHandler)
    TIM4_IRQHandler                          0x08004579   Thumb Code    22  encoder.o(i.TIM4_IRQHandler)
    TIM6_IRQHandler                          0x08004595   Thumb Code    42  time.o(i.TIM6_IRQHandler)
    TIM7_IRQHandler                          0x080045c9   Thumb Code    92  time.o(i.TIM7_IRQHandler)
    TIM_ClearFlag                            0x08004635   Thumb Code     6  stm32f10x_tim.o(i.TIM_ClearFlag)
    TIM_ClearITPendingBit                    0x0800463b   Thumb Code     6  stm32f10x_tim.o(i.TIM_ClearITPendingBit)
    TIM_Cmd                                  0x08004641   Thumb Code    24  stm32f10x_tim.o(i.TIM_Cmd)
    TIM_CtrlPWMOutputs                       0x08004659   Thumb Code    30  stm32f10x_tim.o(i.TIM_CtrlPWMOutputs)
    TIM_EncoderInterfaceConfig               0x08004677   Thumb Code    66  stm32f10x_tim.o(i.TIM_EncoderInterfaceConfig)
    TIM_GetITStatus                          0x080046b9   Thumb Code    34  stm32f10x_tim.o(i.TIM_GetITStatus)
    TIM_OC1Init                              0x080046dd   Thumb Code   132  stm32f10x_tim.o(i.TIM_OC1Init)
    TIM_OC1PreloadConfig                     0x08004775   Thumb Code    18  stm32f10x_tim.o(i.TIM_OC1PreloadConfig)
    TIM_OC4Init                              0x08004789   Thumb Code   114  stm32f10x_tim.o(i.TIM_OC4Init)
    TIM_OC4PreloadConfig                     0x08004805   Thumb Code    26  stm32f10x_tim.o(i.TIM_OC4PreloadConfig)
    TIM_TimeBaseInit                         0x08004821   Thumb Code   122  stm32f10x_tim.o(i.TIM_TimeBaseInit)
    USART1_Configuration                     0x080048c5   Thumb Code   304  uart.o(i.USART1_Configuration)
    USART1_IRQHandler                        0x08004a05   Thumb Code   108  uart.o(i.USART1_IRQHandler)
    USART1_Send_Date                         0x08004a85   Thumb Code    52  uart.o(i.USART1_Send_Date)
    USART_Cmd                                0x08004ab9   Thumb Code    24  stm32f10x_usart.o(i.USART_Cmd)
    USART_DMACmd                             0x08004ad1   Thumb Code    18  stm32f10x_usart.o(i.USART_DMACmd)
    USART_DeInit                             0x08004ae5   Thumb Code   134  stm32f10x_usart.o(i.USART_DeInit)
    USART_GetFlagStatus                      0x08004b81   Thumb Code    26  stm32f10x_usart.o(i.USART_GetFlagStatus)
    USART_GetITStatus                        0x08004b9b   Thumb Code    84  stm32f10x_usart.o(i.USART_GetITStatus)
    USART_ITConfig                           0x08004bef   Thumb Code    74  stm32f10x_usart.o(i.USART_ITConfig)
    USART_Init                               0x08004c39   Thumb Code   210  stm32f10x_usart.o(i.USART_Init)
    USART_SendData                           0x08004d11   Thumb Code     8  stm32f10x_usart.o(i.USART_SendData)
    UsageFault_Handler                       0x08004d19   Thumb Code     4  stm32f10x_it.o(i.UsageFault_Handler)
    __0printf$bare                           0x08004d1d   Thumb Code     8  printfb.o(i.__0printf$bare)
    __1printf$bare                           0x08004d1d   Thumb Code     0  printfb.o(i.__0printf$bare)
    __2printf                                0x08004d1d   Thumb Code     0  printfb.o(i.__0printf$bare)
    __ARM_fpclassify                         0x08004d2d   Thumb Code    40  fpclassify.o(i.__ARM_fpclassify)
    __EE_Init                                0x08004d55   Thumb Code   488  flash.o(i.__EE_Init)
    __kernel_poly                            0x08004f4d   Thumb Code   170  poly.o(i.__kernel_poly)
    __mathlib_dbl_underflow                  0x08004ff9   Thumb Code    10  dunder.o(i.__mathlib_dbl_underflow)
    __scatterload_copy                       0x08005009   Thumb Code    14  handlers.o(i.__scatterload_copy)
    __scatterload_null                       0x08005017   Thumb Code     2  handlers.o(i.__scatterload_null)
    __scatterload_zeroinit                   0x08005019   Thumb Code    14  handlers.o(i.__scatterload_zeroinit)
    __set_errno                              0x08005029   Thumb Code     6  errno.o(i.__set_errno)
    asin                                     0x08005059   Thumb Code   584  asin.o(i.asin)
    atan                                     0x080052d5   Thumb Code   478  atan.o(i.atan)
    atan2                                    0x080054f9   Thumb Code   346  atan2.o(i.atan2)
    calibrate_IMU                            0x08005679   Thumb Code    74  debug.o(i.calibrate_IMU)
    delay_ms                                 0x080056cd   Thumb Code    28  delay.o(i.delay_ms)
    fputc                                    0x080056e9   Thumb Code    32  uart.o(i.fputc)
    get_irda_data                            0x0800570d   Thumb Code   104  ad.o(i.get_irda_data)
    main                                     0x08005789   Thumb Code   604  main.o(i.main)
    offset_ad                                0x08005a55   Thumb Code    82  ad.o(i.offset_ad)
    pid_init_struct                          0x08005ab1   Thumb Code    22  control.o(i.pid_init_struct)
    serial_Tx                                0x08005ad5   Thumb Code   362  uart.o(i.serial_Tx)
    serialcom                                0x08005c51   Thumb Code   444  uart.o(i.serialcom)
    sqrt                                     0x08005e15   Thumb Code    76  sqrt.o(i.sqrt)
    uart_choise                              0x08005e61   Thumb Code   108  app.o(i.uart_choise)
    __mathlib_zero                           0x08005fd0   Data           8  qnan.o(.constdata)
    Region$$Table$$Base                      0x08005fd8   Number         0  anon$$obj.o(Region$$Table)
    Region$$Table$$Limit                     0x08005ff8   Number         0  anon$$obj.o(Region$$Table)
    SystemCoreClock                          0x20000000   Data           4  system_stm32f10x.o(.data)
    AHBPrescTable                            0x20000004   Data          16  system_stm32f10x.o(.data)
    uOffset_AD1                              0x20000028   Data           4  ad.o(.data)
    uOffset_AD2                              0x2000002c   Data           4  ad.o(.data)
    ureal_irda_data1                         0x20000030   Data           4  ad.o(.data)
    ureal_irda_data2                         0x20000034   Data           4  ad.o(.data)
    sreal_irda_Position                      0x20000038   Data           4  ad.o(.data)
    DataVar                                  0x2000003c   Data           2  flash.o(.data)
    CurWrAddress                             0x20000040   Data           4  flash.o(.data)
    fly_ready                                0x20000044   Data           1  debug.o(.data)
    mpu6050                                  0x20000045   Data           4  debug.o(.data)
    MPU6050_ACC_LAST                         0x2000004a   Data           6  debug.o(.data)
    MPU6050_GYRO_LAST                        0x20000050   Data           6  debug.o(.data)
    HMC5883L_MAG_LAST                        0x20000056   Data           6  debug.o(.data)
    GYRO_OFFSET                              0x2000005c   Data           6  debug.o(.data)
    ACC_OFFSET                               0x20000062   Data           6  debug.o(.data)
    MAG_OFFSET                               0x20000068   Data           6  debug.o(.data)
    MAG_AVG                                  0x2000006e   Data           6  debug.o(.data)
    GYRO_AVG                                 0x20000074   Data           6  debug.o(.data)
    BlueToothkey                             0x20000084   Data           2  uart.o(.data)
    Go_Mode                                  0x20000086   Data           1  uart.o(.data)
    VirtAddVarTab                            0x20000088   Data         114  stmflash.o(.data)
    temp                                     0x200000fa   Data           2  stmflash.o(.data)
    ProximityData                            0x200000fc   Data           4  ldc1000.o(.data)
    FrequencyData                            0x20000100   Data           4  ldc1000.o(.data)
    Proximity                                0x20000104   Data           4  ldc1000.o(.data)
    Frequency                                0x20000108   Data           4  ldc1000.o(.data)
    Go_Time                                  0x2000010c   Data           4  time.o(.data)
    S_Moto_L                                 0x20000110   Data           8  main.o(.data)
    S_Moto_R                                 0x20000118   Data           8  main.o(.data)
    SystemCounter                            0x20000120   Data           2  stm32f10x_it.o(.data)
    Moto_pid_1000Hz                          0x20000122   Data           1  stm32f10x_it.o(.data)
    Attitude_500Hz                           0x20000123   Data           1  stm32f10x_it.o(.data)
    Motor_100Hz                              0x20000124   Data           1  stm32f10x_it.o(.data)
    Encoder_50Hz                             0x20000125   Data           1  stm32f10x_it.o(.data)
    Com_10Hz                                 0x20000126   Data           1  stm32f10x_it.o(.data)
    Set_2Hz                                  0x20000127   Data           1  stm32f10x_it.o(.data)
    SystemInitReady                          0x20000128   Data           1  stm32f10x_it.o(.data)
    calibrate_Ldc1000_flag                   0x2000012c   Data           1  app.o(.data)
    uart_mode                                0x2000012d   Data           1  app.o(.data)
    Expect_ProximityData                     0x20000130   Data           4  app.o(.data)
    Set_Moto_Speed                           0x20000134   Data           4  app.o(.data)
    Scan_ProximityData_Max                   0x20000138   Data           4  app.o(.data)
    Scan_ProximityData_Min                   0x2000013c   Data           4  app.o(.data)
    mpu_6050_data_ok_flag                    0x20000154   Data           1  mpu6050_interrupt.o(.data)
    exInt                                    0x20000158   Data           4  mpu6050_process.o(.data)
    eyInt                                    0x2000015c   Data           4  mpu6050_process.o(.data)
    ezInt                                    0x20000160   Data           4  mpu6050_process.o(.data)
    q0                                       0x20000164   Data           4  mpu6050_process.o(.data)
    q1                                       0x20000168   Data           4  mpu6050_process.o(.data)
    q2                                       0x2000016c   Data           4  mpu6050_process.o(.data)
    q3                                       0x20000170   Data           4  mpu6050_process.o(.data)
    integralFBhand                           0x20000174   Data           4  mpu6050_process.o(.data)
    handdiff                                 0x20000178   Data           4  mpu6050_process.o(.data)
    last_ex                                  0x2000017c   Data           4  mpu6050_process.o(.data)
    last_ey                                  0x20000180   Data           4  mpu6050_process.o(.data)
    last_ez                                  0x20000184   Data           4  mpu6050_process.o(.data)
    __stdout                                 0x200001b8   Data           4  stdout.o(.data)
    ADC1_ConvertedValue                      0x200001c0   Data          64  ad.o(.bss)
    ADC3_ConvertedValue                      0x20000200   Data          64  ad.o(.bss)
    f                                        0x20000240   Data          13  debug.o(.bss)
    data_to_send                             0x2000024d   Data          50  debug.o(.bss)
    Rc_Pwm_In                                0x20000280   Data          18  debug.o(.bss)
    Q_angle                                  0x20000294   Data          12  debug.o(.bss)
    PID_Gyro_Yaw_Struct                      0x200002d4   Data          52  control.o(.bss)
    PID_Position_Struct                      0x20000308   Data          52  control.o(.bss)
    PID_Pitch_V_Struct                       0x2000033c   Data          52  control.o(.bss)
    PID_Yaw_P_Struct                         0x20000370   Data          52  control.o(.bss)
    PID_Roll_P_Struct                        0x200003a4   Data          52  control.o(.bss)
    PID_Pitch_P_Struct                       0x200003d8   Data          52  control.o(.bss)
    PID_LDC1000                              0x2000040c   Data          52  control.o(.bss)
    Moto_Drive                               0x20000440   Data          60  control.o(.bss)
    Uart1_Rx                                 0x2000047c   Data         128  uart.o(.bss)
    BlueTooth_TX_Data                        0x200004fc   Data          24  uart.o(.bss)
    MPU6050_Raw_Data                         0x20000514   Data          14  mpu6050_driver.o(.bss)
    MPU6050_Real_Data                        0x20000524   Data          28  mpu6050_driver.o(.bss)
    Accel_Raw_Average_Data                   0x20000540   Data          12  mpu6050_process.o(.bss)
    Gyro_Radian_Data                         0x2000054c   Data          12  mpu6050_process.o(.bss)
    MPU6050_Angle                            0x20000558   Data          12  mpu6050_process.o(.bss)
    __initial_sp                             0x200009a0   Data           0  startup_stm32f10x_hd.o(STACK)



==============================================================================

Memory Map of the image

  Image Entry point : 0x08000131

  Load Region LR_IROM1 (Base: 0x08000000, Size: 0x000061b8, Max: 0x00020000, ABSOLUTE, COMPRESSED[0x0000609c])

    Execution Region ER_IROM1 (Base: 0x08000000, Size: 0x00005ff8, Max: 0x00020000, ABSOLUTE)

    Base Addr    Size         Type   Attr      Idx    E Section Name        Object

    0x08000000   0x00000130   Data   RO          102    RESET               startup_stm32f10x_hd.o
    0x08000130   0x00000000   Code   RO         3244  * .ARM.Collect$$$$00000000  mc_w.l(entry.o)
    0x08000130   0x00000004   Code   RO         3554    .ARM.Collect$$$$00000001  mc_w.l(entry2.o)
    0x08000134   0x00000004   Code   RO         3557    .ARM.Collect$$$$00000004  mc_w.l(entry5.o)
    0x08000138   0x00000000   Code   RO         3559    .ARM.Collect$$$$00000008  mc_w.l(entry7b.o)
    0x08000138   0x00000000   Code   RO         3561    .ARM.Collect$$$$0000000A  mc_w.l(entry8b.o)
    0x08000138   0x00000008   Code   RO         3562    .ARM.Collect$$$$0000000B  mc_w.l(entry9a.o)
    0x08000140   0x00000000   Code   RO         3564    .ARM.Collect$$$$0000000D  mc_w.l(entry10a.o)
    0x08000140   0x00000000   Code   RO         3566    .ARM.Collect$$$$0000000F  mc_w.l(entry11a.o)
    0x08000140   0x00000004   Code   RO         3555    .ARM.Collect$$$$00002712  mc_w.l(entry2.o)
    0x08000144   0x00000024   Code   RO          103    .text               startup_stm32f10x_hd.o
    0x08000168   0x000000b0   Code   RO         3507    .text               mf_w.l(fadd.o)
    0x08000218   0x00000064   Code   RO         3509    .text               mf_w.l(fmul.o)
    0x0800027c   0x0000007c   Code   RO         3511    .text               mf_w.l(fdiv.o)
    0x080002f8   0x0000014e   Code   RO         3513    .text               mf_w.l(dadd.o)
    0x08000446   0x000000e4   Code   RO         3515    .text               mf_w.l(dmul.o)
    0x0800052a   0x000000de   Code   RO         3517    .text               mf_w.l(ddiv.o)
    0x08000608   0x00000012   Code   RO         3519    .text               mf_w.l(fflti.o)
    0x0800061a   0x0000000a   Code   RO         3521    .text               mf_w.l(ffltui.o)
    0x08000624   0x00000022   Code   RO         3523    .text               mf_w.l(dflti.o)
    0x08000646   0x00000032   Code   RO         3525    .text               mf_w.l(ffixi.o)
    0x08000678   0x00000028   Code   RO         3527    .text               mf_w.l(ffixui.o)
    0x080006a0   0x00000026   Code   RO         3529    .text               mf_w.l(f2d.o)
    0x080006c6   0x00000038   Code   RO         3531    .text               mf_w.l(d2f.o)
    0x080006fe   0x00000002   PAD
    0x08000700   0x00000014   Code   RO         3533    .text               mf_w.l(cfcmple.o)
    0x08000714   0x00000014   Code   RO         3535    .text               mf_w.l(cfrcmple.o)
    0x08000728   0x0000001e   Code   RO         3573    .text               mc_w.l(llshl.o)
    0x08000746   0x00000024   Code   RO         3575    .text               mc_w.l(llsshr.o)
    0x0800076a   0x00000000   Code   RO         3584    .text               mc_w.l(iusefp.o)
    0x0800076a   0x0000006e   Code   RO         3585    .text               mf_w.l(fepilogue.o)
    0x080007d8   0x000000b6   Code   RO         3587    .text               mf_w.l(depilogue.o)
    0x0800088e   0x0000002e   Code   RO         3589    .text               mf_w.l(dscalb.o)
    0x080008bc   0x000000a2   Code   RO         3591    .text               mf_w.l(dsqrt.o)
    0x0800095e   0x00000002   PAD
    0x08000960   0x00000024   Code   RO         3599    .text               mc_w.l(init.o)
    0x08000984   0x00000020   Code   RO         3601    .text               mc_w.l(llushr.o)
    0x080009a4   0x00000056   Code   RO         3611    .text               mc_w.l(__dczerorl2.o)
    0x080009fa   0x00000002   PAD
    0x080009fc   0x00000110   Code   RO         2272    i.ADC1_Configuration  ad.o
    0x08000b0c   0x00000110   Code   RO         2273    i.ADC3_Configuration  ad.o
    0x08000c1c   0x00000020   Code   RO         2274    i.ADC3_Filter       ad.o
    0x08000c3c   0x00000016   Code   RO          153    i.ADC_Cmd           stm32f10x_adc.o
    0x08000c52   0x00000016   Code   RO          154    i.ADC_DMACmd        stm32f10x_adc.o
    0x08000c68   0x00000020   Code   RO         2275    i.ADC_Filter        ad.o
    0x08000c88   0x00000014   Code   RO          161    i.ADC_GetCalibrationStatus  stm32f10x_adc.o
    0x08000c9c   0x00000014   Code   RO          167    i.ADC_GetResetCalibrationStatus  stm32f10x_adc.o
    0x08000cb0   0x00000050   Code   RO          171    i.ADC_Init          stm32f10x_adc.o
    0x08000d00   0x000000b8   Code   RO          175    i.ADC_RegularChannelConfig  stm32f10x_adc.o
    0x08000db8   0x0000000a   Code   RO          176    i.ADC_ResetCalibration  stm32f10x_adc.o
    0x08000dc2   0x00000016   Code   RO          178    i.ADC_SoftwareStartConvCmd  stm32f10x_adc.o
    0x08000dd8   0x0000000a   Code   RO          180    i.ADC_StartCalibration  stm32f10x_adc.o
    0x08000de2   0x00000002   PAD
    0x08000de4   0x000002d0   Code   RO         2411    i.ANO_DT_Data_Exchange  debug.o
    0x080010b4   0x0000033c   Code   RO         2412    i.ANO_DT_Data_Receive_Anl  debug.o
    0x080013f0   0x000000e8   Code   RO         2413    i.ANO_DT_Data_Receive_Prepare  debug.o
    0x080014d8   0x00000048   Code   RO         2414    i.ANO_DT_Send_Check  debug.o
    0x08001520   0x00000018   Code   RO         2415    i.ANO_DT_Send_Data  debug.o
    0x08001538   0x0000012c   Code   RO         2416    i.ANO_DT_Send_MotoPWM  debug.o
    0x08001664   0x000001f8   Code   RO         2417    i.ANO_DT_Send_PID   debug.o
    0x0800185c   0x00000094   Code   RO         2418    i.ANO_DT_Send_Power  debug.o
    0x080018f0   0x00000164   Code   RO         2419    i.ANO_DT_Send_RCData  debug.o
    0x08001a54   0x0000017c   Code   RO         2420    i.ANO_DT_Send_Senser  debug.o
    0x08001bd0   0x00000140   Code   RO         2421    i.ANO_DT_Send_Status  debug.o
    0x08001d10   0x000000c8   Code   RO         2422    i.ANO_DT_Send_Version  debug.o
    0x08001dd8   0x00000030   Code   RO         2635    i.BEEP_Configuration  beep.o
    0x08001e08   0x00000004   Code   RO         2838    i.BusFault_Handler  stm32f10x_it.o
    0x08001e0c   0x0000001e   Code   RO         2562    i.DMA1_Channel5_IRQHandler  uart.o
    0x08001e2a   0x00000002   PAD
    0x08001e2c   0x0000001c   Code   RO         2182    i.DMA_ClearFlag     stm32f10x_dma.o
    0x08001e48   0x0000001c   Code   RO         2183    i.DMA_ClearITPendingBit  stm32f10x_dma.o
    0x08001e64   0x00000018   Code   RO         2184    i.DMA_Cmd           stm32f10x_dma.o
    0x08001e7c   0x0000014c   Code   RO         2185    i.DMA_DeInit        stm32f10x_dma.o
    0x08001fc8   0x00000008   Code   RO         2186    i.DMA_GetCurrDataCounter  stm32f10x_dma.o
    0x08001fd0   0x0000002c   Code   RO         2188    i.DMA_GetITStatus   stm32f10x_dma.o
    0x08001ffc   0x00000012   Code   RO         2189    i.DMA_ITConfig      stm32f10x_dma.o
    0x0800200e   0x0000003c   Code   RO         2190    i.DMA_Init          stm32f10x_dma.o
    0x0800204a   0x00000004   Code   RO         2191    i.DMA_SetCurrDataCounter  stm32f10x_dma.o
    0x0800204e   0x00000002   Code   RO         2839    i.DebugMon_Handler  stm32f10x_it.o
    0x08002050   0x00000058   Code   RO         2327    i.EE_FindValidPage  flash.o
    0x080020a8   0x0000003c   Code   RO         2328    i.EE_Format         flash.o
    0x080020e4   0x00000010   Code   RO         2647    i.EE_INIT           stmflash.o
    0x080020f4   0x00000010   Code   RO         2329    i.EE_Init           flash.o
    0x08002104   0x000000f4   Code   RO         2330    i.EE_PageTransfer   flash.o
    0x080021f8   0x00000030   Code   RO         2649    i.EE_READ_GYRO_OFFSET  stmflash.o
    0x08002228   0x0000017c   Code   RO         2650    i.EE_READ_PID       stmflash.o
    0x080023a4   0x00000060   Code   RO         2331    i.EE_ReadVariable   flash.o
    0x08002404   0x00000038   Code   RO         2652    i.EE_SAVE_GYRO_OFFSET  stmflash.o
    0x0800243c   0x00000164   Code   RO         2653    i.EE_SAVE_PID       stmflash.o
    0x080025a0   0x00000088   Code   RO         2332    i.EE_VerifyPageFullWriteVariable  flash.o
    0x08002628   0x00000024   Code   RO         2333    i.EE_WriteVariable  flash.o
    0x0800264c   0x0000001c   Code   RO         3037    i.EXTI9_5_IRQHandler  mpu6050_interrupt.o
    0x08002668   0x0000000c   Code   RO         1740    i.EXTI_ClearFlag    stm32f10x_exti.o
    0x08002674   0x00000028   Code   RO         1745    i.EXTI_GetITStatus  stm32f10x_exti.o
    0x0800269c   0x00000094   Code   RO         1746    i.EXTI_Init         stm32f10x_exti.o
    0x08002730   0x00000084   Code   RO         2092    i.Encoder_Configuration  encoder.o
    0x080027b4   0x0000001a   Code   RO         2093    i.Encoder_Get_L_CNT  encoder.o
    0x080027ce   0x00000002   PAD
    0x080027d0   0x0000001c   Code   RO         2094    i.Encoder_Get_R_CNT  encoder.o
    0x080027ec   0x0000000c   Code   RO         2095    i.Encoder_L_Start   encoder.o
    0x080027f8   0x00000010   Code   RO         2096    i.Encoder_R_Start   encoder.o
    0x08002808   0x0000004c   Code   RO         1571    i.FLASH_ErasePage   stm32f10x_flash.o
    0x08002854   0x00000034   Code   RO         1572    i.FLASH_GetBank1Status  stm32f10x_flash.o
    0x08002888   0x00000040   Code   RO         1584    i.FLASH_ProgramHalfWord  stm32f10x_flash.o
    0x080028c8   0x00000018   Code   RO         1589    i.FLASH_Unlock      stm32f10x_flash.o
    0x080028e0   0x00000026   Code   RO         1593    i.FLASH_WaitForLastOperation  stm32f10x_flash.o
    0x08002906   0x00000002   PAD
    0x08002908   0x00000040   Code   RO          527    i.GPIO_EXTILineConfig  stm32f10x_gpio.o
    0x08002948   0x00000116   Code   RO          530    i.GPIO_Init         stm32f10x_gpio.o
    0x08002a5e   0x00000012   Code   RO          534    i.GPIO_ReadInputDataBit  stm32f10x_gpio.o
    0x08002a70   0x00000004   Code   RO          537    i.GPIO_ResetBits    stm32f10x_gpio.o
    0x08002a74   0x00000004   Code   RO          538    i.GPIO_SetBits      stm32f10x_gpio.o
    0x08002a78   0x00000004   Code   RO         2840    i.HardFault_Handler  stm32f10x_it.o
    0x08002a7c   0x00000054   Code   RO         2966    i.IIC_Ack           mpu6050_i2c.o
    0x08002ad0   0x0000001a   Code   RO         2967    i.IIC_Delay         mpu6050_i2c.o
    0x08002aea   0x00000002   PAD
    0x08002aec   0x0000002c   Code   RO         2968    i.IIC_GPIO_Init     mpu6050_i2c.o
    0x08002b18   0x00000068   Code   RO         2969    i.IIC_ReadBit       mpu6050_i2c.o
    0x08002b80   0x000000b8   Code   RO         2970    i.IIC_ReadData      mpu6050_i2c.o
    0x08002c38   0x0000004c   Code   RO         2971    i.IIC_Start         mpu6050_i2c.o
    0x08002c84   0x00000048   Code   RO         2972    i.IIC_Stop          mpu6050_i2c.o
    0x08002ccc   0x00000078   Code   RO         2973    i.IIC_WaitAck       mpu6050_i2c.o
    0x08002d44   0x00000070   Code   RO         2974    i.IIC_WriteBit      mpu6050_i2c.o
    0x08002db4   0x00000080   Code   RO         2975    i.IIC_WriteData     mpu6050_i2c.o
    0x08002e34   0x00000064   Code   RO         2334    i.InitCurrWrAddress  flash.o
    0x08002e98   0x0000004c   Code   RO         2387    i.KEY_Configuration  key.o
    0x08002ee4   0x0000002c   Code   RO         1980    i.LED_Configuration  led.o
    0x08002f10   0x000006c8   Code   RO         3073    i.MPU6050_Angle_Calculate  mpu6050_process.o
    0x080035d8   0x0000018c   Code   RO         3074    i.MPU6050_Data_Filter  mpu6050_process.o
    0x08003764   0x000000ec   Code   RO         2934    i.MPU6050_Gyro_calibration  mpu6050_driver.o
    0x08003850   0x0000014c   Code   RO         2935    i.MPU6050_Initialization  mpu6050_driver.o
    0x0800399c   0x0000004c   Code   RO         3038    i.MPU6050_Interrupt_Configuration  mpu6050_interrupt.o
    0x080039e8   0x000001fc   Code   RO         2936    i.MPU6050_ReadData  mpu6050_driver.o
    0x08003be4   0x00000004   Code   RO         2841    i.MemManage_Handler  stm32f10x_it.o
    0x08003be8   0x000000a4   Code   RO         2904    i.Moto_Ctrl         app.o
    0x08003c8c   0x0000000c   Code   RO         2140    i.Moto_Init         pwm.o
    0x08003c98   0x00000058   Code   RO         2141    i.Motor_Oot_DEAD    pwm.o
    0x08003cf0   0x00000002   Code   RO         2842    i.NMI_Handler       stm32f10x_it.o
    0x08003cf2   0x00000026   Code   RO         3039    i.NVIC_Configuration  mpu6050_interrupt.o
    0x08003d18   0x00000070   Code   RO          107    i.NVIC_Init         misc.o
    0x08003d88   0x00000014   Code   RO          108    i.NVIC_PriorityGroupConfig  misc.o
    0x08003d9c   0x000000a0   Code   RO         2505    i.PID_Calculate     control.o
    0x08003e3c   0x00000038   Code   RO         2506    i.PID_P_Init        control.o
    0x08003e74   0x00000038   Code   RO         2507    i.PID_Position_Init  control.o
    0x08003eac   0x00000038   Code   RO         2508    i.PID_V_Init        control.o
    0x08003ee4   0x00000088   Code   RO         2142    i.PWM_Configuration  pwm.o
    0x08003f6c   0x0000004c   Code   RO         2143    i.PWM_GPIO_Config   pwm.o
    0x08003fb8   0x00000002   Code   RO         2843    i.PendSV_Handler    stm32f10x_it.o
    0x08003fba   0x00000002   PAD
    0x08003fbc   0x00000018   Code   RO          638    i.RCC_ADCCLKConfig  stm32f10x_rcc.o
    0x08003fd4   0x00000020   Code   RO          639    i.RCC_AHBPeriphClockCmd  stm32f10x_rcc.o
    0x08003ff4   0x00000020   Code   RO          640    i.RCC_APB1PeriphClockCmd  stm32f10x_rcc.o
    0x08004014   0x00000020   Code   RO          641    i.RCC_APB1PeriphResetCmd  stm32f10x_rcc.o
    0x08004034   0x00000020   Code   RO          642    i.RCC_APB2PeriphClockCmd  stm32f10x_rcc.o
    0x08004054   0x00000020   Code   RO          643    i.RCC_APB2PeriphResetCmd  stm32f10x_rcc.o
    0x08004074   0x000000d4   Code   RO          650    i.RCC_GetClocksFreq  stm32f10x_rcc.o
    0x08004148   0x00000002   Code   RO         2844    i.SVC_Handler       stm32f10x_it.o
    0x0800414a   0x00000002   PAD
    0x0800414c   0x00000148   Code   RO         2563    i.Serial_Key        uart.o
    0x08004294   0x00000008   Code   RO           17    i.SetSysClock       system_stm32f10x.o
    0x0800429c   0x000000e0   Code   RO           18    i.SetSysClockTo72   system_stm32f10x.o
    0x0800437c   0x0000002c   Code   RO         3040    i.Set_Exti          mpu6050_interrupt.o
    0x080043a8   0x00000054   Code   RO         2144    i.Set_L_Motor_Voltage  pwm.o
    0x080043fc   0x00000054   Code   RO         2145    i.Set_R_Motor_Voltage  pwm.o
    0x08004450   0x000000b0   Code   RO         2845    i.SysTick_Handler   stm32f10x_it.o
    0x08004500   0x00000060   Code   RO           20    i.SystemInit        system_stm32f10x.o
    0x08004560   0x00000016   Code   RO         2097    i.TIM2_IRQHandler   encoder.o
    0x08004576   0x00000002   PAD
    0x08004578   0x0000001c   Code   RO         2098    i.TIM4_IRQHandler   encoder.o
    0x08004594   0x00000034   Code   RO         2775    i.TIM6_IRQHandler   time.o
    0x080045c8   0x0000006c   Code   RO         2778    i.TIM7_IRQHandler   time.o
    0x08004634   0x00000006   Code   RO          848    i.TIM_ClearFlag     stm32f10x_tim.o
    0x0800463a   0x00000006   Code   RO          849    i.TIM_ClearITPendingBit  stm32f10x_tim.o
    0x08004640   0x00000018   Code   RO          854    i.TIM_Cmd           stm32f10x_tim.o
    0x08004658   0x0000001e   Code   RO          856    i.TIM_CtrlPWMOutputs  stm32f10x_tim.o
    0x08004676   0x00000042   Code   RO          863    i.TIM_EncoderInterfaceConfig  stm32f10x_tim.o
    0x080046b8   0x00000022   Code   RO          875    i.TIM_GetITStatus   stm32f10x_tim.o
    0x080046da   0x00000002   PAD
    0x080046dc   0x00000098   Code   RO          883    i.TIM_OC1Init       stm32f10x_tim.o
    0x08004774   0x00000012   Code   RO          886    i.TIM_OC1PreloadConfig  stm32f10x_tim.o
    0x08004786   0x00000002   PAD
    0x08004788   0x0000007c   Code   RO          898    i.TIM_OC4Init       stm32f10x_tim.o
    0x08004804   0x0000001a   Code   RO          900    i.TIM_OC4PreloadConfig  stm32f10x_tim.o
    0x0800481e   0x00000002   PAD
    0x08004820   0x000000a4   Code   RO          925    i.TIM_TimeBaseInit  stm32f10x_tim.o
    0x080048c4   0x00000140   Code   RO         2564    i.USART1_Configuration  uart.o
    0x08004a04   0x00000080   Code   RO         2565    i.USART1_IRQHandler  uart.o
    0x08004a84   0x00000034   Code   RO         2567    i.USART1_Send_Date  uart.o
    0x08004ab8   0x00000018   Code   RO         1390    i.USART_Cmd         stm32f10x_usart.o
    0x08004ad0   0x00000012   Code   RO         1391    i.USART_DMACmd      stm32f10x_usart.o
    0x08004ae2   0x00000002   PAD
    0x08004ae4   0x0000009c   Code   RO         1392    i.USART_DeInit      stm32f10x_usart.o
    0x08004b80   0x0000001a   Code   RO         1393    i.USART_GetFlagStatus  stm32f10x_usart.o
    0x08004b9a   0x00000054   Code   RO         1394    i.USART_GetITStatus  stm32f10x_usart.o
    0x08004bee   0x0000004a   Code   RO         1396    i.USART_ITConfig    stm32f10x_usart.o
    0x08004c38   0x000000d8   Code   RO         1397    i.USART_Init        stm32f10x_usart.o
    0x08004d10   0x00000008   Code   RO         1407    i.USART_SendData    stm32f10x_usart.o
    0x08004d18   0x00000004   Code   RO         2846    i.UsageFault_Handler  stm32f10x_it.o
    0x08004d1c   0x00000010   Code   RO         3248    i.__0printf$bare    mc_w.l(printfb.o)
    0x08004d2c   0x00000028   Code   RO         3549    i.__ARM_fpclassify  m_ws.l(fpclassify.o)
    0x08004d54   0x000001f8   Code   RO         2335    i.__EE_Init         flash.o
    0x08004f4c   0x000000aa   Code   RO         3551    i.__kernel_poly     m_ws.l(poly.o)
    0x08004ff6   0x00000002   PAD
    0x08004ff8   0x00000010   Code   RO         3547    i.__mathlib_dbl_underflow  m_ws.l(dunder.o)
    0x08005008   0x0000000e   Code   RO         3605    i.__scatterload_copy  mc_w.l(handlers.o)
    0x08005016   0x00000002   Code   RO         3606    i.__scatterload_null  mc_w.l(handlers.o)
    0x08005018   0x0000000e   Code   RO         3607    i.__scatterload_zeroinit  mc_w.l(handlers.o)
    0x08005026   0x00000002   PAD
    0x08005028   0x0000000c   Code   RO         3579    i.__set_errno       mc_w.l(errno.o)
    0x08005034   0x00000022   Code   RO         3255    i._printf_core      mc_w.l(printfb.o)
    0x08005056   0x00000002   PAD
    0x08005058   0x0000027c   Code   RO         3219    i.asin              m_ws.l(asin.o)
    0x080052d4   0x00000224   Code   RO         3538    i.atan              m_ws.l(atan.o)
    0x080054f8   0x00000180   Code   RO         3229    i.atan2             m_ws.l(atan2.o)
    0x08005678   0x00000054   Code   RO         2423    i.calibrate_IMU     debug.o
    0x080056cc   0x0000001c   Code   RO         2254    i.delay_ms          delay.o
    0x080056e8   0x00000024   Code   RO         2568    i.fputc             uart.o
    0x0800570c   0x0000007c   Code   RO         2277    i.get_irda_data     ad.o
    0x08005788   0x000002cc   Code   RO         2816    i.main              main.o
    0x08005a54   0x0000005c   Code   RO         2278    i.offset_ad         ad.o
    0x08005ab0   0x00000024   Code   RO         2510    i.pid_init_struct   control.o
    0x08005ad4   0x0000017c   Code   RO         2569    i.serial_Tx         uart.o
    0x08005c50   0x000001c4   Code   RO         2570    i.serialcom         uart.o
    0x08005e14   0x0000004c   Code   RO         3237    i.sqrt              m_ws.l(sqrt.o)
    0x08005e60   0x00000084   Code   RO         2906    i.uart_choise       app.o
    0x08005ee4   0x00000004   PAD
    0x08005ee8   0x00000050   Data   RO         3220    .constdata          m_ws.l(asin.o)
    0x08005f38   0x00000098   Data   RO         3539    .constdata          m_ws.l(atan.o)
    0x08005fd0   0x00000008   Data   RO         3553    .constdata          m_ws.l(qnan.o)
    0x08005fd8   0x00000020   Data   RO         3603    Region$$Table       anon$$obj.o


    Execution Region RW_IRAM1 (Base: 0x20000000, Size: 0x000009a0, Max: 0x00005000, ABSOLUTE, COMPRESSED[0x000000a4])

    Base Addr    Size         Type   Attr      Idx    E Section Name        Object

    0x20000000   0x00000014   Data   RW           21    .data               system_stm32f10x.o
    0x20000014   0x00000014   Data   RW          670    .data               stm32f10x_rcc.o
    0x20000028   0x00000014   Data   RW         2280    .data               ad.o
    0x2000003c   0x00000008   Data   RW         2336    .data               flash.o
    0x20000044   0x0000003f   Data   RW         2425    .data               debug.o
    0x20000083   0x00000001   PAD
    0x20000084   0x00000003   Data   RW         2572    .data               uart.o
    0x20000087   0x00000001   PAD
    0x20000088   0x00000074   Data   RW         2654    .data               stmflash.o
    0x200000fc   0x00000010   Data   RW         2716    .data               ldc1000.o
    0x2000010c   0x00000004   Data   RW         2779    .data               time.o
    0x20000110   0x00000010   Data   RW         2817    .data               main.o
    0x20000120   0x00000009   Data   RW         2847    .data               stm32f10x_it.o
    0x20000129   0x00000003   PAD
    0x2000012c   0x00000028   Data   RW         2907    .data               app.o
    0x20000154   0x00000001   Data   RW         3041    .data               mpu6050_interrupt.o
    0x20000155   0x00000003   PAD
    0x20000158   0x00000060   Data   RW         3076    .data               mpu6050_process.o
    0x200001b8   0x00000004   Data   RW         3568    .data               mc_w.l(stdout.o)
    0x200001bc   0x00000004   Data   RW         3580    .data               mc_w.l(errno.o)
    0x200001c0   0x00000080   Zero   RW         2279    .bss                ad.o
    0x20000240   0x00000092   Zero   RW         2424    .bss                debug.o
    0x200002d2   0x00000002   PAD
    0x200002d4   0x000001a8   Zero   RW         2511    .bss                control.o
    0x2000047c   0x00000098   Zero   RW         2571    .bss                uart.o
    0x20000514   0x0000002c   Zero   RW         2937    .bss                mpu6050_driver.o
    0x20000540   0x00000060   Zero   RW         3075    .bss                mpu6050_process.o
    0x200005a0   0x00000400   Zero   RW          100    STACK               startup_stm32f10x_hd.o


==============================================================================

Image component sizes


      Code (inc. data)   RO Data    RW Data    ZI Data      Debug   Object Name

       824         78          0         20        128       4201   ad.o
       296         62          0         40          0       2060   app.o
        48          4          0          0          0        485   beep.o
       364         68          0          0        424       4867   control.o
         0          0          0          0          0       4320   core_cm3.o
      4168        230          0         63        146      13298   debug.o
        28          0          0          0          0        563   delay.o
       264         30          0          0          0       3248   encoder.o
      1280         80          0          8          0       7550   flash.o
        76         10          0          0          0        496   key.o
         0          0          0         16          0        934   ldc1000.o
        44          6          0          0          0       1720   led.o
       716        112          0         16          0      16694   main.o
       132         22          0          0          0       1475   misc.o
      1076        164          0          0         44       3463   mpu6050_driver.o
       950        172          0          0          0       7371   mpu6050_i2c.o
       186          8          0          1          0       2410   mpu6050_interrupt.o
      2132        146          0         96         96       3414   mpu6050_process.o
       480         52          0          0          0       3179   pwm.o
        36          8        304          0       1024        788   startup_stm32f10x_hd.o
       390         10          0          0          0       7173   stm32f10x_adc.o
       546         36          0          0          0       6589   stm32f10x_dma.o
       200         18          0          0          0       2004   stm32f10x_exti.o
       254         24          0          0          0       2853   stm32f10x_flash.o
       368          4          0          0          0       4146   stm32f10x_gpio.o
       200         30          0          9          0       4519   stm32f10x_it.o
       396         56          0         20          0       6547   stm32f10x_rcc.o
       650         72          0          0          0       7203   stm32f10x_tim.o
       606         28          0          0          0       6603   stm32f10x_usart.o
       856         88          0        116          0       4295   stmflash.o
       328         28          0         20          0     276345   system_stm32f10x.o
       160         26          0          4          0       1174   time.o
      1726        120          0          3        152       6020   uart.o

    ----------------------------------------------------------------------
     19808       1796        336        440       2016     418007   Object Totals
         0          0         32          0          0          0   (incl. Generated)
        28          4          0          8          2          0   (incl. Padding)

    ----------------------------------------------------------------------

      Code (inc. data)   RO Data    RW Data    ZI Data      Debug   Library Member Name

       636         52         80          0          0        168   asin.o
       548         70        152          0          0        124   atan.o
       384         38          0          0          0        144   atan2.o
        16          6          0          0          0         68   dunder.o
        40          0          0          0          0         68   fpclassify.o
       170          0          0          0          0         96   poly.o
         0          0          8          0          0          0   qnan.o
        76          0          0          0          0         84   sqrt.o
        86          0          0          0          0          0   __dczerorl2.o
         0          0          0          0          0          0   entry.o
         0          0          0          0          0          0   entry10a.o
         0          0          0          0          0          0   entry11a.o
         8          4          0          0          0          0   entry2.o
         4          0          0          0          0          0   entry5.o
         0          0          0          0          0          0   entry7b.o
         0          0          0          0          0          0   entry8b.o
         8          4          0          0          0          0   entry9a.o
        12          6          0          4          0         68   errno.o
        30          0          0          0          0          0   handlers.o
        36          8          0          0          0         68   init.o
         0          0          0          0          0          0   iusefp.o
        30          0          0          0          0         68   llshl.o
        36          0          0          0          0         68   llsshr.o
        32          0          0          0          0         68   llushr.o
        50          8          0          0          0        152   printfb.o
         0          0          0          4          0          0   stdout.o
        20          0          0          0          0         68   cfcmple.o
        20          0          0          0          0         68   cfrcmple.o
        56          0          0          0          0         88   d2f.o
       334          0          0          0          0        148   dadd.o
       222          0          0          0          0        100   ddiv.o
       182          0          0          0          0        176   depilogue.o
        34          0          0          0          0         76   dflti.o
       228          0          0          0          0         96   dmul.o
        46          0          0          0          0         80   dscalb.o
       162          0          0          0          0        100   dsqrt.o
        38          0          0          0          0         68   f2d.o
       176          0          0          0          0        140   fadd.o
       124          0          0          0          0         88   fdiv.o
       110          0          0          0          0        168   fepilogue.o
        50          0          0          0          0         68   ffixi.o
        40          0          0          0          0         68   ffixui.o
        18          0          0          0          0         68   fflti.o
        10          0          0          0          0         68   ffltui.o
       100          0          0          0          0         76   fmul.o

    ----------------------------------------------------------------------
      4184        196        240          8          0       3056   Library Totals
        12          0          0          0          0          0   (incl. Padding)

    ----------------------------------------------------------------------

      Code (inc. data)   RO Data    RW Data    ZI Data      Debug   Library Name

      1870        166        240          0          0        752   m_ws.l
       332         30          0          8          0        492   mc_w.l
      1970          0          0          0          0       1812   mf_w.l

    ----------------------------------------------------------------------
      4184        196        240          8          0       3056   Library Totals

    ----------------------------------------------------------------------

==============================================================================


      Code (inc. data)   RO Data    RW Data    ZI Data      Debug   

     23992       1992        576        448       2016     411675   Grand Totals
     23992       1992        576        164       2016     411675   ELF Image Totals (compressed)
     23992       1992        576        164          0          0   ROM Totals

==============================================================================

    Total RO  Size (Code + RO Data)                24568 (  23.99kB)
    Total RW  Size (RW Data + ZI Data)              2464 (   2.41kB)
    Total ROM Size (Code + RO Data + RW Data)      24732 (  24.15kB)

==============================================================================

