<html>
<body>
<pre>
<h1>µVision Build Log</h1>
<h2>Project:</h2>
C:\Users\87066\SelfCharging\AutoCharging\AutoCharging.uvproj
Project File Date:  10/19/2016

<h2>Output:</h2>
Build target 'AutoCharging'
assembling startup_stm32f10x_md.s...
compiling system_stm32f10x.c...
compiling core_cm3.c...
compiling misc.c...
compiling stm32f10x_adc.c...
compiling stm32f10x_bkp.c...
compiling stm32f10x_can.c...
compiling stm32f10x_cec.c...
compiling stm32f10x_crc.c...
compiling stm32f10x_dac.c...
compiling stm32f10x_dbgmcu.c...
compiling stm32f10x_dma.c...
compiling stm32f10x_exti.c...
compiling stm32f10x_flash.c...
compiling stm32f10x_fsmc.c...
compiling stm32f10x_gpio.c...
compiling stm32f10x_i2c.c...
compiling stm32f10x_iwdg.c...
compiling stm32f10x_pwr.c...
compiling stm32f10x_rcc.c...
compiling stm32f10x_rtc.c...
compiling stm32f10x_sdio.c...
compiling stm32f10x_spi.c...
compiling stm32f10x_tim.c...
compiling stm32f10x_usart.c...
compiling stm32f10x_wwdg.c...
compiling main.c...
.\app\app.h(9): warning:  #1-D: last line of file ends without a newline
  #endif
users\main.c(8): warning:  #177-D: variable "a" was declared but never referenced
        int a;
users\main.c: 2 warnings, 0 errors
compiling stm32f10x_it.c...
compiling app.c...
app\app.h(9): warning:  #1-D: last line of file ends without a newline
  #endif
app\app.c: 1 warning, 0 errors
compiling bsp.c...
app\bsp.c(81): warning:  #550-D: variable "NVIC_InitStructure" was set but never used
        NVIC_InitTypeDef  NVIC_InitStructure;
app\bsp.c(317): warning:  #177-D: variable "i" was declared but never referenced
        int i=0;
app\bsp.c(345): warning:  #550-D: variable "data" was set but never used
        u8 data[8]={0};
app\bsp.c: 3 warnings, 0 errors
compiling ChasisDrv.c...
app\ChasisDrv.h(8): warning:  #1-D: last line of file ends without a newline
  #endif
app\ChasisDrv.c: 1 warning, 0 errors
compiling mymath.c...
app\mymath.c(19): warning: C4487E: read from variable 'i' with offset out of bounds
}
app\mymath.c: 1 warning, 0 errors
linking...
Program Size: Code=11620 RO-data=268 RW-data=40 ZI-data=1632  
FromELF: creating hex file...
".\obj\AutoCharging.axf" - 0 Error(s), 8 Warning(s).
