Product: MDK-ARM Standard 5.10
Component: ARM Compiler 5.04 update 1 (build 49)
Tool: armlink [5040049]

==============================================================================

Section Cross References

    stm32f4xx_it.o(.text) refers to os_cpu_a.o(.text) for OS_CPU_SR_Save
    stm32f4xx_it.o(.text) refers to os_core.o(.text) for OSTimeTick
    stm32f4xx_it.o(.text) refers to os_core.o(.data) for OSRunning
    can1.o(.text) refers to stm32f4xx_rcc.o(.text) for RCC_AHB1PeriphClockCmd
    can1.o(.text) refers to stm32f4xx_gpio.o(.text) for GPIO_PinAFConfig
    can1.o(.text) refers to misc.o(.text) for NVIC_Init
    can1.o(.text) refers to stm32f4xx_can.o(.text) for CAN_DeInit
    can1.o(.text) refers to dflt_clz.o(x$fpl$dflt) for __aeabi_i2d
    can1.o(.text) refers to timer.o(.text) for GetSystemTime
    can1.o(.text) refers to can1.o(.data) for can_tx_success_flag
    can1.o(.text) refers to bankcommon.o(.bss) for robot_encoder_data
    can1.o(.text) refers to can1.o(.bss) for Real_Position_Value
    can1.o(.text) refers to mymath.o(.text) for MyAbs
    can1.o(.text) refers to dfix.o(x$fpl$dfix) for __aeabi_d2iz
    can1.o(.text) refers to dmul.o(x$fpl$dmul) for __aeabi_dmul
    timer.o(.text) refers to stm32f4xx_rcc.o(.text) for RCC_APB1PeriphClockCmd
    timer.o(.text) refers to stm32f4xx_tim.o(.text) for TIM_TimeBaseStructInit
    timer.o(.text) refers to misc.o(.text) for NVIC_Init
    timer.o(.text) refers to dfix.o(x$fpl$dfix) for __aeabi_d2iz
    timer.o(.text) refers to dflt_clz.o(x$fpl$dflt) for __aeabi_i2d
    timer.o(.text) refers to daddsub_clz.o(x$fpl$dadd) for __aeabi_dadd
    timer.o(.text) refers to timer.o(.data) for system_time
    main.o(.text) refers to misc.o(.text) for NVIC_PriorityGroupConfig
    main.o(.text) refers to timer.o(.text) for Timer_Init
    main.o(.text) refers to oled.o(.text) for OLED_Init
    main.o(.text) refers to can1.o(.text) for CAN1_Configuration
    main.o(.text) refers to board.o(.text) for Board_Init
    main.o(.text) refers to mpu6050.o(.text) for MPU6050_Init
    main.o(.text) refers to imu.o(.text) for IMU_Init
    main.o(.text) refers to usart1.o(.text) for USART2_Init
    main.o(.text) refers to systick.o(.text) for systick_ms
    main.o(.text) refers to dbus.o(.text) for DBUS_Init
    main.o(.text) refers to robotmodel.o(.text) for Robot_MoveOmni
    main.o(.text) refers to dmul.o(x$fpl$dmul) for __aeabi_dmul
    main.o(.text) refers to rt_memcpy_w.o(.text) for __aeabi_memcpy4
    main.o(.text) refers to daddsub_clz.o(x$fpl$dsub) for __aeabi_dsub
    main.o(.text) refers to dfix.o(x$fpl$dfix) for __aeabi_d2iz
    main.o(.text) refers to basic.o(x$fpl$basic) for __aeabi_dneg
    main.o(.text) refers to main.o(.data) for urm_counter
    main.o(.text) refers to dbus.o(.data) for target_vtheta
    main.o(.text) refers to bankcommon.o(.data) for Control_Mode
    main.o(.text) refers to bankcommon.o(.bss) for robot_encoder_data
    main.o(.text) refers to main.o(.bss) for tmp_robot_encoder
    main.o(.text) refers to robotmodel.o(.bss) for robotModel
    main.o(.text) refers to imu.o(.data) for Yaw
    main.o(.ARM.exidx) refers to main.o(.text) for .text
    bankcommon.o(.text) refers to strlen.o(.text) for strlen
    cmatrix.o(.text) refers to h1_alloc.o(.text) for malloc
    cmatrix.o(.text) refers to h1_free.o(.text) for free
    myfilter.o(.text) refers to f2d.o(x$fpl$f2d) for __aeabi_f2d
    myfilter.o(.text) refers to dmul.o(x$fpl$dmul) for __aeabi_dmul
    myfilter.o(.text) refers to daddsub_clz.o(x$fpl$dadd) for __aeabi_dadd
    myfilter.o(.text) refers to d2f.o(x$fpl$d2f) for __aeabi_d2f
    myfilter.o(.text) refers to ddiv.o(x$fpl$ddiv) for __aeabi_ddiv
    myfilter.o(.text) refers to daddsub_clz.o(x$fpl$dsub) for __aeabi_dsub
    mymath.o(.text) refers to dmul.o(x$fpl$dmul) for __aeabi_dmul
    mymath.o(.text) refers to daddsub_clz.o(x$fpl$drsb) for __aeabi_drsub
    mymath.o(.text) refers to drleqf.o(x$fpl$drleqf) for __aeabi_cdrcmple
    mymath.o(.text) refers to basic.o(x$fpl$basic) for __aeabi_dneg
    i2c.o(.text) refers to stm32f4xx_rcc.o(.text) for RCC_AHB1PeriphClockCmd
    i2c.o(.text) refers to stm32f4xx_gpio.o(.text) for GPIO_Init
    i2c.o(.text) refers to systick.o(.text) for systick_us
    ks103.o(.text) refers to i2c.o(.text) for IIC_Start
    ks103.o(.text) refers to systick.o(.text) for systick_us
    ks103.o(.text) refers to ks103.o(.data) for sum
    dbus.o(.text) refers to stm32f4xx_rcc.o(.text) for RCC_AHB1PeriphClockCmd
    dbus.o(.text) refers to stm32f4xx_gpio.o(.text) for GPIO_PinAFConfig
    dbus.o(.text) refers to stm32f4xx_usart.o(.text) for USART_DeInit
    dbus.o(.text) refers to misc.o(.text) for NVIC_Init
    dbus.o(.text) refers to stm32f4xx_dma.o(.text) for DMA_DeInit
    dbus.o(.text) refers to f2d.o(x$fpl$f2d) for __aeabi_f2d
    dbus.o(.text) refers to ddiv.o(x$fpl$ddiv) for __aeabi_ddiv
    dbus.o(.text) refers to dbus.o(.bss) for sbus_rx_buffer
[...]
    USART_GetITStatus                        0x0800400f   Thumb Code   110  stm32f4xx_usart.o(.text)
    USART_ClearITPendingBit                  0x0800407d   Thumb Code    30  stm32f4xx_usart.o(.text)
    CAN_DeInit                               0x0800409d   Thumb Code    50  stm32f4xx_can.o(.text)
    CAN_Init                                 0x080040cf   Thumb Code   276  stm32f4xx_can.o(.text)
    CAN_FilterInit                           0x080041e3   Thumb Code   258  stm32f4xx_can.o(.text)
    CAN_StructInit                           0x080042e5   Thumb Code    32  stm32f4xx_can.o(.text)
    CAN_SlaveStartBank                       0x08004305   Thumb Code    48  stm32f4xx_can.o(.text)
    CAN_DBGFreeze                            0x08004335   Thumb Code    22  stm32f4xx_can.o(.text)
    CAN_TTComModeCmd                         0x0800434b   Thumb Code   118  stm32f4xx_can.o(.text)
    CAN_Transmit                             0x080043c1   Thumb Code   304  stm32f4xx_can.o(.text)
    CAN_TransmitStatus                       0x080044f1   Thumb Code   138  stm32f4xx_can.o(.text)
    CAN_CancelTransmit                       0x0800457b   Thumb Code    48  stm32f4xx_can.o(.text)
    CAN_Receive                              0x080045ab   Thumb Code   240  stm32f4xx_can.o(.text)
    CAN_FIFORelease                          0x0800469b   Thumb Code    22  stm32f4xx_can.o(.text)
    CAN_MessagePending                       0x080046b1   Thumb Code    30  stm32f4xx_can.o(.text)
    CAN_OperatingModeRequest                 0x080046cf   Thumb Code   162  stm32f4xx_can.o(.text)
    CAN_Sleep                                0x08004771   Thumb Code    30  stm32f4xx_can.o(.text)
    CAN_WakeUp                               0x0800478f   Thumb Code    48  stm32f4xx_can.o(.text)
    CAN_GetLastErrorCode                     0x080047bf   Thumb Code    12  stm32f4xx_can.o(.text)
    CAN_GetReceiveErrorCounter               0x080047cb   Thumb Code    10  stm32f4xx_can.o(.text)
    CAN_GetLSBTransmitErrorCounter           0x080047d5   Thumb Code    12  stm32f4xx_can.o(.text)
    CAN_ITConfig                             0x080047e1   Thumb Code    18  stm32f4xx_can.o(.text)
    CAN_GetFlagStatus                        0x080047f3   Thumb Code   120  stm32f4xx_can.o(.text)
    CAN_ClearFlag                            0x0800486b   Thumb Code    52  stm32f4xx_can.o(.text)
    CAN_GetITStatus                          0x080048b1   Thumb Code   310  stm32f4xx_can.o(.text)
    CAN_ClearITPendingBit                    0x080049e7   Thumb Code   162  stm32f4xx_can.o(.text)
    OSInitHookBegin                          0x08004a8d   Thumb Code    30  os_cpu_c.o(.text)
    OSInitHookEnd                            0x08004aab   Thumb Code     2  os_cpu_c.o(.text)
    OSTaskCreateHook                         0x08004aad   Thumb Code    12  os_cpu_c.o(.text)
    OSTaskDelHook                            0x08004ab9   Thumb Code    12  os_cpu_c.o(.text)
    OSTaskIdleHook                           0x08004ac5   Thumb Code     8  os_cpu_c.o(.text)
    OSTaskReturnHook                         0x08004acd   Thumb Code    12  os_cpu_c.o(.text)
    OSTaskStatHook                           0x08004ad9   Thumb Code     8  os_cpu_c.o(.text)
    OSTaskStkInit                            0x08004ae1   Thumb Code   482  os_cpu_c.o(.text)
    OSTaskSwHook                             0x08004cc3   Thumb Code     8  os_cpu_c.o(.text)
    OSTCBInitHook                            0x08004ccb   Thumb Code    12  os_cpu_c.o(.text)
    OSTimeTickHook                           0x08004cd7   Thumb Code    34  os_cpu_c.o(.text)
    OS_CPU_SR_Save                           0x08004d09   Thumb Code     0  os_cpu_a.o(.text)
    OS_CPU_SR_Restore                        0x08004d11   Thumb Code     0  os_cpu_a.o(.text)
    OSStartHighRdy                           0x08004d17   Thumb Code     0  os_cpu_a.o(.text)
    OSCtxSw                                  0x08004d37   Thumb Code     0  os_cpu_a.o(.text)
    OSIntCtxSw                               0x08004d41   Thumb Code     0  os_cpu_a.o(.text)
    PendSV_Handler                           0x08004d4b   Thumb Code     0  os_cpu_a.o(.text)
    App_TaskCreateHook                       0x08004db9   Thumb Code     2  app_hooks.o(.text)
    App_TaskDelHook                          0x08004dbb   Thumb Code     2  app_hooks.o(.text)
    App_TaskIdleHook                         0x08004dbd   Thumb Code     2  app_hooks.o(.text)
    App_TaskReturnHook                       0x08004dbf   Thumb Code     2  app_hooks.o(.text)
    App_TaskStatHook                         0x08004dc1   Thumb Code     2  app_hooks.o(.text)
    App_TaskSwHook                           0x08004dc3   Thumb Code     2  app_hooks.o(.text)
    App_TCBInitHook                          0x08004dc5   Thumb Code     2  app_hooks.o(.text)
    App_TimeTickHook                         0x08004dc7   Thumb Code     2  app_hooks.o(.text)
    OS_StrLen                                0x08004dc9   Thumb Code    20  os_core.o(.text)
    OSEventNameGet                           0x08004ddd   Thumb Code    98  os_core.o(.text)
    OSEventNameSet                           0x08004e3f   Thumb Code    84  os_core.o(.text)
    OS_TaskStat                              0x08004e93   Thumb Code   112  os_core.o(.text)
    OS_TaskIdle                              0x08004f37   Thumb Code    34  os_core.o(.text)
    OS_MemClr                                0x08004f8d   Thumb Code    18  os_core.o(.text)
    OSInit                                   0x080050b3   Thumb Code    48  os_core.o(.text)
    OSIntEnter                               0x080050e3   Thumb Code    28  os_core.o(.text)
    OSIntExit                                0x08005119   Thumb Code   112  os_core.o(.text)
    OSSchedLock                              0x08005189   Thumb Code    50  os_core.o(.text)
    OS_Sched                                 0x080051bb   Thumb Code   242  os_core.o(.text)
    OSSchedUnlock                            0x080052ad   Thumb Code    82  os_core.o(.text)
    OSStart                                  0x080052ff   Thumb Code    48  os_core.o(.text)
    OSStatInit                               0x0800532f   Thumb Code    62  os_core.o(.text)
    OSTimeTick                               0x0800536d   Thumb Code   210  os_core.o(.text)
    OSVersion                                0x0800543f   Thumb Code     6  os_core.o(.text)
    OS_Dummy                                 0x08005445   Thumb Code     2  os_core.o(.text)
    OS_EventTaskRemove                       0x08005447   Thumb Code    42  os_core.o(.text)
    OS_EventTaskRdy                          0x08005471   Thumb Code   114  os_core.o(.text)
    OS_EventTaskWait                         0x080054e3   Thumb Code   112  os_core.o(.text)
    OS_EventWaitListInit                     0x08005553   Thumb Code    28  os_core.o(.text)
    OS_MemCopy                               0x0800556f   Thumb Code    20  os_core.o(.text)
    OS_TCBInit                               0x08005583   Thumb Code   360  os_core.o(.text)
    OSFlagAccept                             0x080056f5   Thumb Code   252  os_flag.o(.text)
    OSFlagCreate                             0x080057f1   Thumb Code    86  os_flag.o(.text)
    OS_FlagUnlink                            0x08005847   Thumb Code    36  os_flag.o(.text)
    OSFlagDel                                0x080058bd   Thumb Code   214  os_flag.o(.text)
    OSFlagNameGet                            0x08005993   Thumb Code    80  os_flag.o(.text)
    OSFlagNameSet                            0x080059e3   Thumb Code    66  os_flag.o(.text)
    OSFlagPend                               0x08005abd   Thumb Code   614  os_flag.o(.text)
    OSFlagPendGetFlagsRdy                    0x08005d23   Thumb Code    26  os_flag.o(.text)
    OSFlagPost                               0x08005d3d   Thumb Code   312  os_flag.o(.text)
    OSFlagQuery                              0x08005e75   Thumb Code    48  os_flag.o(.text)
    OS_FlagInit                              0x08005ea5   Thumb Code    78  os_flag.o(.text)
    OSMemCreate                              0x08005f01   Thumb Code   118  os_mem.o(.text)
    OSMemGet                                 0x08005f77   Thumb Code    62  os_mem.o(.text)
    OSMemNameGet                             0x08005fb5   Thumb Code    60  os_mem.o(.text)
    OSMemNameSet                             0x08005ff1   Thumb Code    48  os_mem.o(.text)
    OSMemPut                                 0x08006021   Thumb Code    54  os_mem.o(.text)
    OSMemQuery                               0x08006057   Thumb Code    52  os_mem.o(.text)
    OS_MemInit                               0x0800608b   Thumb Code    74  os_mem.o(.text)
    OSSemAccept                              0x080060e5   Thumb Code    42  os_sem.o(.text)
    OSSemCreate                              0x0800610f   Thumb Code    72  os_sem.o(.text)
    OSSemDel                                 0x08006157   Thumb Code   210  os_sem.o(.text)
    OSSemPend                                0x08006229   Thumb Code   222  os_sem.o(.text)
    OSSemPendAbort                           0x08006307   Thumb Code   128  os_sem.o(.text)
    OSSemPost                                0x08006387   Thumb Code    88  os_sem.o(.text)
    OSSemQuery                               0x080063df   Thumb Code    76  os_sem.o(.text)
    OSSemSet                                 0x0800642b   Thumb Code    66  os_sem.o(.text)
    OSTaskChangePrio                         0x08006481   Thumb Code   308  os_task.o(.text)
    OSTaskCreate                             0x080065b5   Thumb Code   148  os_task.o(.text)
    OSTaskCreateExt                          0x08006649   Thumb Code   160  os_task.o(.text)
    OSTaskDel                                0x080066e9   Thumb Code   294  os_task.o(.text)
    OSTaskDelReq                             0x0800680f   Thumb Code   146  os_task.o(.text)
    OSTaskNameGet                            0x080068a1   Thumb Code   114  os_task.o(.text)
    OSTaskNameSet                            0x08006913   Thumb Code    98  os_task.o(.text)
    OSTaskResume                             0x08006975   Thumb Code   154  os_task.o(.text)
    OSTaskSuspend                            0x08006a0f   Thumb Code   152  os_task.o(.text)
    OSTaskQuery                              0x08006aa7   Thumb Code    82  os_task.o(.text)
    OSTaskRegGet                             0x08006af9   Thumb Code    60  os_task.o(.text)
    OSTaskRegSet                             0x08006b35   Thumb Code    62  os_task.o(.text)
    OS_TaskReturn                            0x08006b73   Thumb Code    18  os_task.o(.text)
    OSTimeDly                                0x08006b9d   Thumb Code   100  os_time.o(.text)
    OSTimeDlyHMSM                            0x08006c01   Thumb Code    86  os_time.o(.text)
    OSTimeDlyResume                          0x08006c57   Thumb Code   168  os_time.o(.text)
    OSTimeGet                                0x08006cff   Thumb Code    24  os_time.o(.text)
    OSTimeSet                                0x08006d17   Thumb Code    24  os_time.o(.text)
    OSTmrCreate                              0x08006d7f   Thumb Code    96  os_tmr.o(.text)
    OSTmrDel                                 0x08006e57   Thumb Code   124  os_tmr.o(.text)
    OSTmrNameGet                             0x08006ed3   Thumb Code   114  os_tmr.o(.text)
    OSTmrRemainGet                           0x08006f45   Thumb Code   164  os_tmr.o(.text)
    OSTmrStateGet                            0x08006fe9   Thumb Code    86  os_tmr.o(.text)
    OSTmrStart                               0x080070a3   Thumb Code   128  os_tmr.o(.text)
    OSTmrStop                                0x08007123   Thumb Code   210  os_tmr.o(.text)
    OSTmrSignal                              0x080071f5   Thumb Code    16  os_tmr.o(.text)
    OSTmr_Init                               0x080072a9   Thumb Code   172  os_tmr.o(.text)
    OLED_IO_Init                             0x080073bd   Thumb Code    78  oled.o(.text)
    OLED_Delayus                             0x0800740b   Thumb Code    12  oled.o(.text)
    OLED_Delayms                             0x08007417   Thumb Code    36  oled.o(.text)
    OLED_WriteByte                           0x0800743b   Thumb Code    62  oled.o(.text)
    OLED_WriteCmd                            0x08007479   Thumb Code    20  oled.o(.text)
    OLED_WriteDat                            0x0800748d   Thumb Code    20  oled.o(.text)
    OLED_WriteReg                            0x080074a1   Thumb Code    50  oled.o(.text)
    OLED_Goto                                0x080074d3   Thumb Code    88  oled.o(.text)
    OLED_Clear                               0x0800752b   Thumb Code    42  oled.o(.text)
    OLED_HorizontalScroll                    0x08007555   Thumb Code   106  oled.o(.text)
    OLED_ShowEnglish                         0x080075bf   Thumb Code   150  oled.o(.text)
    OLED_Printf                              0x08007655   Thumb Code   110  oled.o(.text)
    OLED_Init                                0x080076c3   Thumb Code   184  oled.o(.text)
    SystemInit                               0x08007869   Thumb Code    88  system_stm32f4xx.o(.text)
    SystemCoreClockUpdate                    0x080078c1   Thumb Code   174  system_stm32f4xx.o(.text)
    LED_Init                                 0x0800799d   Thumb Code    48  board.o(.text)
    Beep_Init                                0x080079cd   Thumb Code    48  board.o(.text)
    Key_Init                                 0x080079fd   Thumb Code    48  board.o(.text)
    Board_Init                               0x08007a2d   Thumb Code     8  board.o(.text)
    MotorMileToRevolution                    0x08007a41   Thumb Code   206  robotmodel.o(.text)
    Robot_MoveOmni                           0x08007b0f   Thumb Code   550  robotmodel.o(.text)
    RobotBodyToWheels                        0x08007d35   Thumb Code   516  robotmodel.o(.text)
    robotReportEncoder                       0x08007f39   Thumb Code  1412  robotmodel.o(.text)
    RobotGetForwardVelocity                  0x080084bd   Thumb Code   776  robotmodel.o(.text)
    RobotGetForwardPosition                  0x080087c5   Thumb Code   500  robotmodel.o(.text)
    RobotGetAngularVelocity                  0x080089b9   Thumb Code   170  robotmodel.o(.text)
    RobotClearStatus                         0x08008a63   Thumb Code    20  robotmodel.o(.text)
    IMU_AHRSupdate                           0x08008ad9   Thumb Code  4674  imu.o(.text)
    IMU_GetQ                                 0x08009d1b   Thumb Code    42  imu.o(.text)
    IMU_GetEuler                             0x08009d45   Thumb Code   704  imu.o(.text)
    IMU_GetYawRadian                         0x0800a005   Thumb Code   256  imu.o(.text)
    IMU_GetYawDegree                         0x0800a105   Thumb Code   276  imu.o(.text)
    IMU_Update                               0x0800a219   Thumb Code  2278  imu.o(.text)
    IMU_Init                                 0x0800aaff   Thumb Code  2110  imu.o(.text)
    IMU_Cal                                  0x0800b33d   Thumb Code    96  imu.o(.text)
    mpu_reg_dump                             0x0800b44b   Thumb Code    76  inv_mpu.o(.text)
    mpu_read_reg                             0x0800b497   Thumb Code    66  inv_mpu.o(.text)
    mpu_set_bypass                           0x0800b4d9   Thumb Code   328  inv_mpu.o(.text)
    mpu_set_int_latched                      0x0800b621   Thumb Code   102  inv_mpu.o(.text)
    mpu_set_sensors                          0x0800b687   Thumb Code   202  inv_mpu.o(.text)
    mpu_reset_fifo                           0x0800b751   Thumb Code   456  inv_mpu.o(.text)
    mpu_configure_fifo                       0x0800b919   Thumb Code   106  inv_mpu.o(.text)
    mpu_set_lpf                              0x0800b983   Thumb Code   126  inv_mpu.o(.text)
    mpu_lp_accel_mode                        0x0800ba01   Thumb Code   218  inv_mpu.o(.text)
    mpu_set_sample_rate                      0x0800badb   Thumb Code   152  inv_mpu.o(.text)
    mpu_set_accel_fsr                        0x0800bb73   Thumb Code   132  inv_mpu.o(.text)
    mpu_set_gyro_fsr                         0x0800bbf7   Thumb Code   132  inv_mpu.o(.text)
    mpu_init                                 0x0800bc7b   Thumb Code   254  inv_mpu.o(.text)
    mpu_get_gyro_reg                         0x0800bd79   Thumb Code   110  inv_mpu.o(.text)
    mpu_get_accel_reg                        0x0800bde7   Thumb Code   110  inv_mpu.o(.text)
    mpu_get_temperature                      0x0800be55   Thumb Code   142  inv_mpu.o(.text)
    mpu_read_6500_accel_bias                 0x0800bee3   Thumb Code   124  inv_mpu.o(.text)
    mpu_read_6050_accel_bias                 0x0800bf5f   Thumb Code   136  inv_mpu.o(.text)
    mpu_read_6500_gyro_bias                  0x0800bfe7   Thumb Code   124  inv_mpu.o(.text)
    mpu_set_gyro_bias_reg                    0x0800c063   Thumb Code   152  inv_mpu.o(.text)
    mpu_set_accel_bias_6050_reg              0x0800c0fb   Thumb Code   258  inv_mpu.o(.text)
    mpu_set_accel_bias_6500_reg              0x0800c1fd   Thumb Code   258  inv_mpu.o(.text)
    mpu_get_gyro_fsr                         0x0800c2ff   Thumb Code    64  inv_mpu.o(.text)
    mpu_get_accel_fsr                        0x0800c33f   Thumb Code    72  inv_mpu.o(.text)
    mpu_get_lpf                              0x0800c387   Thumb Code    78  inv_mpu.o(.text)
    mpu_get_sample_rate                      0x0800c3d5   Thumb Code    26  inv_mpu.o(.text)
    mpu_get_compass_sample_rate              0x0800c3ef   Thumb Code    10  inv_mpu.o(.text)
    mpu_set_compass_sample_rate              0x0800c3f9   Thumb Code     8  inv_mpu.o(.text)
    mpu_get_gyro_sens                        0x0800c401   Thumb Code    74  inv_mpu.o(.text)
    mpu_get_accel_sens                       0x0800c44b   Thumb Code    78  inv_mpu.o(.text)
    mpu_get_fifo_config                      0x0800c499   Thumb Code    12  inv_mpu.o(.text)
    mpu_get_power_state                      0x0800c4a5   Thumb Code    22  inv_mpu.o(.text)
    mpu_get_int_status                       0x0800c4bb   Thumb Code    64  inv_mpu.o(.text)
    mpu_read_fifo                            0x0800c4fb   Thumb Code   500  inv_mpu.o(.text)
    mpu_read_fifo_stream                     0x0800c6ef   Thumb Code   186  inv_mpu.o(.text)
    mpu_set_int_level                        0x0800c7a9   Thumb Code    32  inv_mpu.o(.text)
    mpu_set_dmp_state                        0x0800cec5   Thumb Code   138  inv_mpu.o(.text)
    mpu_run_self_test                        0x0800cf4f   Thumb Code   290  inv_mpu.o(.text)
    mpu_write_mem                            0x0800d071   Thumb Code   122  inv_mpu.o(.text)
    mpu_read_mem                             0x0800d0eb   Thumb Code   122  inv_mpu.o(.text)
    mpu_load_firmware                        0x0800d165   Thumb Code   180  inv_mpu.o(.text)
    mpu_get_dmp_state                        0x0800d219   Thumb Code    14  inv_mpu.o(.text)
    mpu_get_compass_reg                      0x0800d227   Thumb Code     8  inv_mpu.o(.text)
    mpu_get_compass_fsr                      0x0800d22f   Thumb Code     8  inv_mpu.o(.text)
    mpu_lp_motion_interrupt                  0x0800d237   Thumb Code   230  inv_mpu.o(.text)
    MPU6050_GetBias                          0x0800d321   Thumb Code  1582  mpu6050.o(.text)
    MPU6050_GetData                          0x0800d94f   Thumb Code  1276  mpu6050.o(.text)
    MPU6050_Check                            0x0800de4b   Thumb Code    56  mpu6050.o(.text)
    MPU6050_Init                             0x0800de83   Thumb Code    44  mpu6050.o(.text)
    IIC_Init                                 0x0800e201   Thumb Code    42  mpu_i2c.o(.text)
    i2cWriteBuffer                           0x0800e22b   Thumb Code   100  mpu_i2c.o(.text)
    I2C_Write                                0x0800e28f   Thumb Code    36  mpu_i2c.o(.text)
    i2cRead                                  0x0800e2b3   Thumb Code   126  mpu_i2c.o(.text)
    I2C_Read                                 0x0800e331   Thumb Code    36  mpu_i2c.o(.text)
    i2cWrite                                 0x0800e355   Thumb Code    72  mpu_i2c.o(.text)
    i2cGetErrorCounter                       0x0800e39d   Thumb Code     4  mpu_i2c.o(.text)
    Reset_Handler                            0x0800e3a1   Thumb Code     8  startup_stm32f40_41xxx.o(.text)
    ADC_IRQHandler                           0x0800e3bb   Thumb Code     0  startup_stm32f40_41xxx.o(.text)
    CAN1_RX1_IRQHandler                      0x0800e3bb   Thumb Code     0  startup_stm32f40_41xxx.o(.text)
    CAN1_SCE_IRQHandler                      0x0800e3bb   Thumb Code     0  startup_stm32f40_41xxx.o(.text)
    CAN2_RX0_IRQHandler                      0x0800e3bb   Thumb Code     0  startup_stm32f40_41xxx.o(.text)
    CAN2_RX1_IRQHandler                      0x0800e3bb   Thumb Code     0  startup_stm32f40_41xxx.o(.text)
    CAN2_SCE_IRQHandler                      0x0800e3bb   Thumb Code     0  startup_stm32f40_41xxx.o(.text)
    CAN2_TX_IRQHandler                       0x0800e3bb   Thumb Code     0  startup_stm32f40_41xxx.o(.text)
    CRYP_IRQHandler                          0x0800e3bb   Thumb Code     0  startup_stm32f40_41xxx.o(.text)
    DCMI_IRQHandler                          0x0800e3bb   Thumb Code     0  startup_stm32f40_41xxx.o(.text)
    DMA1_Stream0_IRQHandler                  0x0800e3bb   Thumb Code     0  startup_stm32f40_41xxx.o(.text)
    DMA1_Stream2_IRQHandler                  0x0800e3bb   Thumb Code     0  startup_stm32f40_41xxx.o(.text)
    DMA1_Stream3_IRQHandler                  0x0800e3bb   Thumb Code     0  startup_stm32f40_41xxx.o(.text)
    DMA1_Stream4_IRQHandler                  0x0800e3bb   Thumb Code     0  startup_stm32f40_41xxx.o(.text)
    DMA1_Stream6_IRQHandler                  0x0800e3bb   Thumb Code     0  startup_stm32f40_41xxx.o(.text)
    DMA1_Stream7_IRQHandler                  0x0800e3bb   Thumb Code     0  startup_stm32f40_41xxx.o(.text)
    DMA2_Stream0_IRQHandler                  0x0800e3bb   Thumb Code     0  startup_stm32f40_41xxx.o(.text)
    DMA2_Stream1_IRQHandler                  0x0800e3bb   Thumb Code     0  startup_stm32f40_41xxx.o(.text)
    DMA2_Stream2_IRQHandler                  0x0800e3bb   Thumb Code     0  startup_stm32f40_41xxx.o(.text)
    DMA2_Stream3_IRQHandler                  0x0800e3bb   Thumb Code     0  startup_stm32f40_41xxx.o(.text)
    DMA2_Stream4_IRQHandler                  0x0800e3bb   Thumb Code     0  startup_stm32f40_41xxx.o(.text)
    DMA2_Stream5_IRQHandler                  0x0800e3bb   Thumb Code     0  startup_stm32f40_41xxx.o(.text)
    DMA2_Stream6_IRQHandler                  0x0800e3bb   Thumb Code     0  startup_stm32f40_41xxx.o(.text)
    DMA2_Stream7_IRQHandler                  0x0800e3bb   Thumb Code     0  startup_stm32f40_41xxx.o(.text)
    ETH_IRQHandler                           0x0800e3bb   Thumb Code     0  startup_stm32f40_41xxx.o(.text)
    ETH_WKUP_IRQHandler                      0x0800e3bb   Thumb Code     0  startup_stm32f40_41xxx.o(.text)
    EXTI0_IRQHandler                         0x0800e3bb   Thumb Code     0  startup_stm32f40_41xxx.o(.text)
    EXTI15_10_IRQHandler                     0x0800e3bb   Thumb Code     0  startup_stm32f40_41xxx.o(.text)
    EXTI1_IRQHandler                         0x0800e3bb   Thumb Code     0  startup_stm32f40_41xxx.o(.text)
    EXTI2_IRQHandler                         0x0800e3bb   Thumb Code     0  startup_stm32f40_41xxx.o(.text)
    EXTI3_IRQHandler                         0x0800e3bb   Thumb Code     0  startup_stm32f40_41xxx.o(.text)
    EXTI4_IRQHandler                         0x0800e3bb   Thumb Code     0  startup_stm32f40_41xxx.o(.text)
    EXTI9_5_IRQHandler                       0x0800e3bb   Thumb Code     0  startup_stm32f40_41xxx.o(.text)
    FLASH_IRQHandler                         0x0800e3bb   Thumb Code     0  startup_stm32f40_41xxx.o(.text)
    FPU_IRQHandler                           0x0800e3bb   Thumb Code     0  startup_stm32f40_41xxx.o(.text)
    FSMC_IRQHandler                          0x0800e3bb   Thumb Code     0  startup_stm32f40_41xxx.o(.text)
    HASH_RNG_IRQHandler                      0x0800e3bb   Thumb Code     0  startup_stm32f40_41xxx.o(.text)
    I2C1_ER_IRQHandler                       0x0800e3bb   Thumb Code     0  startup_stm32f40_41xxx.o(.text)
    I2C1_EV_IRQHandler                       0x0800e3bb   Thumb Code     0  startup_stm32f40_41xxx.o(.text)
    I2C2_ER_IRQHandler                       0x0800e3bb   Thumb Code     0  startup_stm32f40_41xxx.o(.text)
    I2C2_EV_IRQHandler                       0x0800e3bb   Thumb Code     0  startup_stm32f40_41xxx.o(.text)
    I2C3_ER_IRQHandler                       0x0800e3bb   Thumb Code     0  startup_stm32f40_41xxx.o(.text)
    I2C3_EV_IRQHandler                       0x0800e3bb   Thumb Code     0  startup_stm32f40_41xxx.o(.text)
    OTG_FS_IRQHandler                        0x0800e3bb   Thumb Code     0  startup_stm32f40_41xxx.o(.text)
    OTG_FS_WKUP_IRQHandler                   0x0800e3bb   Thumb Code     0  startup_stm32f40_41xxx.o(.text)
    OTG_HS_EP1_IN_IRQHandler                 0x0800e3bb   Thumb Code     0  startup_stm32f40_41xxx.o(.text)
    OTG_HS_EP1_OUT_IRQHandler                0x0800e3bb   Thumb Code     0  startup_stm32f40_41xxx.o(.text)
    OTG_HS_IRQHandler                        0x0800e3bb   Thumb Code     0  startup_stm32f40_41xxx.o(.text)
    OTG_HS_WKUP_IRQHandler                   0x0800e3bb   Thumb Code     0  startup_stm32f40_41xxx.o(.text)
    PVD_IRQHandler                           0x0800e3bb   Thumb Code     0  startup_stm32f40_41xxx.o(.text)
    RCC_IRQHandler                           0x0800e3bb   Thumb Code     0  startup_stm32f40_41xxx.o(.text)
    RTC_Alarm_IRQHandler                     0x0800e3bb   Thumb Code     0  startup_stm32f40_41xxx.o(.text)
    RTC_WKUP_IRQHandler                      0x0800e3bb   Thumb Code     0  startup_stm32f40_41xxx.o(.text)
    SDIO_IRQHandler                          0x0800e3bb   Thumb Code     0  startup_stm32f40_41xxx.o(.text)
    SPI1_IRQHandler                          0x0800e3bb   Thumb Code     0  startup_stm32f40_41xxx.o(.text)
    SPI2_IRQHandler                          0x0800e3bb   Thumb Code     0  startup_stm32f40_41xxx.o(.text)
    SPI3_IRQHandler                          0x0800e3bb   Thumb Code     0  startup_stm32f40_41xxx.o(.text)
    TAMP_STAMP_IRQHandler                    0x0800e3bb   Thumb Code     0  startup_stm32f40_41xxx.o(.text)
    TIM1_BRK_TIM9_IRQHandler                 0x0800e3bb   Thumb Code     0  startup_stm32f40_41xxx.o(.text)
    TIM1_CC_IRQHandler                       0x0800e3bb   Thumb Code     0  startup_stm32f40_41xxx.o(.text)
    TIM1_TRG_COM_TIM11_IRQHandler            0x0800e3bb   Thumb Code     0  startup_stm32f40_41xxx.o(.text)
    TIM1_UP_TIM10_IRQHandler                 0x0800e3bb   Thumb Code     0  startup_stm32f40_41xxx.o(.text)
    TIM2_IRQHandler                          0x0800e3bb   Thumb Code     0  startup_stm32f40_41xxx.o(.text)
    TIM3_IRQHandler                          0x0800e3bb   Thumb Code     0  startup_stm32f40_41xxx.o(.text)
    TIM4_IRQHandler                          0x0800e3bb   Thumb Code     0  startup_stm32f40_41xxx.o(.text)
    TIM5_IRQHandler                          0x0800e3bb   Thumb Code     0  startup_stm32f40_41xxx.o(.text)
    TIM6_DAC_IRQHandler                      0x0800e3bb   Thumb Code     0  startup_stm32f40_41xxx.o(.text)
    TIM8_BRK_TIM12_IRQHandler                0x0800e3bb   Thumb Code     0  startup_stm32f40_41xxx.o(.text)
    TIM8_CC_IRQHandler                       0x0800e3bb   Thumb Code     0  startup_stm32f40_41xxx.o(.text)
    TIM8_TRG_COM_TIM14_IRQHandler            0x0800e3bb   Thumb Code     0  startup_stm32f40_41xxx.o(.text)
    TIM8_UP_TIM13_IRQHandler                 0x0800e3bb   Thumb Code     0  startup_stm32f40_41xxx.o(.text)
    UART4_IRQHandler                         0x0800e3bb   Thumb Code     0  startup_stm32f40_41xxx.o(.text)
    UART5_IRQHandler                         0x0800e3bb   Thumb Code     0  startup_stm32f40_41xxx.o(.text)
    USART1_IRQHandler                        0x0800e3bb   Thumb Code     0  startup_stm32f40_41xxx.o(.text)
    USART2_IRQHandler                        0x0800e3bb   Thumb Code     0  startup_stm32f40_41xxx.o(.text)
    USART3_IRQHandler                        0x0800e3bb   Thumb Code     0  startup_stm32f40_41xxx.o(.text)
    USART6_IRQHandler                        0x0800e3bb   Thumb Code     0  startup_stm32f40_41xxx.o(.text)
    WWDG_IRQHandler                          0x0800e3bb   Thumb Code     0  startup_stm32f40_41xxx.o(.text)
    __user_initial_stackheap                 0x0800e3bd   Thumb Code     0  startup_stm32f40_41xxx.o(.text)
    __aeabi_ldivmod                          0x0800e3e1   Thumb Code     0  llsdiv.o(.text)
    _ll_sdiv                                 0x0800e3e1   Thumb Code    72  llsdiv.o(.text)
    __c89vsprintf                            0x0800e429   Thumb Code    32  c89vsprintf.o(.text)
    memcmp                                   0x0800e44d   Thumb Code    88  memcmp.o(.text)
    strlen                                   0x0800e4a5   Thumb Code    62  strlen.o(.text)
    __aeabi_memcpy4                          0x0800e4e3   Thumb Code     0  rt_memcpy_w.o(.text)
    __aeabi_memcpy8                          0x0800e4e3   Thumb Code     0  rt_memcpy_w.o(.text)
    __rt_memcpy_w                            0x0800e4e3   Thumb Code   100  rt_memcpy_w.o(.text)
    _memcpy_lastbytes_aligned                0x0800e52b   Thumb Code     0  rt_memcpy_w.o(.text)
    __use_two_region_memory                  0x0800e547   Thumb Code     2  heapauxi.o(.text)
    __rt_heap_escrow                         0x0800e549   Thumb Code     2  heapauxi.o(.text)
    __rt_heap_expand                         0x0800e54b   Thumb Code     2  heapauxi.o(.text)
    __aeabi_uldivmod                         0x0800e54d   Thumb Code     0  lludivv7m.o(.text)
    _ll_udiv                                 0x0800e54d   Thumb Code   238  lludivv7m.o(.text)
    __read_errno                             0x0800e63b   Thumb Code    10  _rserrno.o(.text)
    __set_errno                              0x0800e645   Thumb Code    12  _rserrno.o(.text)
    _printf_pre_padding                      0x0800e651   Thumb Code    44  _printf_pad.o(.text)
    _printf_post_padding                     0x0800e67d   Thumb Code    34  _printf_pad.o(.text)
    _printf_truncate_signed                  0x0800e69f   Thumb Code    18  _printf_truncate.o(.text)
    _printf_truncate_unsigned                0x0800e6b1   Thumb Code    18  _printf_truncate.o(.text)
    _printf_str                              0x0800e6c3   Thumb Code    82  _printf_str.o(.text)
    _printf_int_dec                          0x0800e715   Thumb Code   100  _printf_dec.o(.text)
    _printf_charcount                        0x0800e789   Thumb Code    40  _printf_charcount.o(.text)
    _printf_char_common                      0x0800e7bb   Thumb Code    32  _printf_char_common.o(.text)
    _sputc                                   0x0800e7e1   Thumb Code    10  _sputc.o(.text)
    _printf_wctomb                           0x0800e7ed   Thumb Code   182  _printf_wctomb.o(.text)
    _printf_longlong_dec                     0x0800e8a9   Thumb Code   104  _printf_longlong_dec.o(.text)
    _printf_longlong_oct                     0x0800e921   Thumb Code    68  _printf_oct_int_ll.o(.text)
    _printf_int_oct                          0x0800e965   Thumb Code    24  _printf_oct_int_ll.o(.text)
    _printf_ll_oct                           0x0800e97d   Thumb Code    12  _printf_oct_int_ll.o(.text)
    _printf_longlong_hex                     0x0800e991   Thumb Code    86  _printf_hex_int_ll_ptr.o(.text)
    _printf_int_hex                          0x0800e9e7   Thumb Code    28  _printf_hex_int_ll_ptr.o(.text)
    _printf_ll_hex                           0x0800ea03   Thumb Code    12  _printf_hex_int_ll_ptr.o(.text)
    _printf_hex_ptr                          0x0800ea0f   Thumb Code    18  _printf_hex_int_ll_ptr.o(.text)
    __printf                                 0x0800ea25   Thumb Code   388  __printf_flags_ss_wp.o(.text)
    __user_libspace                          0x0800ebad   Thumb Code     8  libspace.o(.text)
    __user_perproc_libspace                  0x0800ebad   Thumb Code     0  libspace.o(.text)
    __user_perthread_libspace                0x0800ebad   Thumb Code     0  libspace.o(.text)
    __aeabi_errno_addr                       0x0800ebb5   Thumb Code     8  rt_errno_addr_intlibspace.o(.text)
    __errno$intlibspace                      0x0800ebb5   Thumb Code     0  rt_errno_addr_intlibspace.o(.text)
    __rt_errno_addr$intlibspace              0x0800ebb5   Thumb Code     0  rt_errno_addr_intlibspace.o(.text)
    _ll_udiv10                               0x0800ebbd   Thumb Code   138  lludiv10.o(.text)
    _printf_int_common                       0x0800ec47   Thumb Code   178  _printf_intcommon.o(.text)
    __lib_sel_fp_printf                      0x0800ecf9   Thumb Code     2  _printf_fp_dec.o(.text)
    _printf_fp_dec_real                      0x0800eea7   Thumb Code   616  _printf_fp_dec.o(.text)
    _printf_cs_common                        0x0800f10f   Thumb Code    20  _printf_char.o(.text)
    _printf_char                             0x0800f123   Thumb Code    16  _printf_char.o(.text)
    _printf_string                           0x0800f133   Thumb Code     8  _printf_char.o(.text)
    _printf_lcs_common                       0x0800f13b   Thumb Code    20  _printf_wchar.o(.text)
    _printf_wchar                            0x0800f14f   Thumb Code    16  _printf_wchar.o(.text)
    _printf_wstring                          0x0800f15f   Thumb Code     8  _printf_wchar.o(.text)
    _wcrtomb                                 0x0800f167   Thumb Code    64  _wcrtomb.o(.text)
    __I$use$semihosting                      0x0800f1a7   Thumb Code     0  use_no_semi.o(.text)
    __use_no_semihosting_swi                 0x0800f1a7   Thumb Code     2  use_no_semi.o(.text)
    __semihosting_library_function           0x0800f1a9   Thumb Code     0  indicate_semi.o(.text)
    __user_setup_stackheap                   0x0800f1a9   Thumb Code    74  sys_stackheap_outer.o(.text)
    __rt_ctype_table                         0x0800f1f5   Thumb Code    16  rt_ctype_table.o(.text)
    __rt_locale                              0x0800f205   Thumb Code     8  rt_locale_intlibspace.o(.text)
    _printf_fp_infnan                        0x0800f20d   Thumb Code   112  _printf_fp_infnan.o(.text)
    _btod_etento                             0x0800f28d   Thumb Code   212  bigflt0.o(.text)
    exit                                     0x0800f365   Thumb Code    12  exit.o(.text)
    _sys_exit                                0x0800f371   Thumb Code     8  sys_exit.o(.text)
    strcmp                                   0x0800f37d   Thumb Code   128  strcmpv7m.o(.text)
    _btod_d2e                                0x0800f3fd   Thumb Code    62  btod.o(CL$$btod_d2e)
    _d2e_denorm_low                          0x0800f43b   Thumb Code    70  btod.o(CL$$btod_d2e_denorm_low)
    _d2e_norm_op1                            0x0800f481   Thumb Code    96  btod.o(CL$$btod_d2e_norm_op1)
    __btod_div_common                        0x0800f4e1   Thumb Code   696  btod.o(CL$$btod_div_common)
    _e2e                                     0x0800f819   Thumb Code   198  btod.o(CL$$btod_e2e)
    _btod_ediv                               0x0800f8df   Thumb Code    40  btod.o(CL$$btod_ediv)
    _btod_emul                               0x0800f907   Thumb Code    40  btod.o(CL$$btod_emul)
    __btod_mult_common                       0x0800f92f   Thumb Code   580  btod.o(CL$$btod_mult_common)
    __ARM_fpclassify                         0x0800fb73   Thumb Code    48  fpclassify.o(i.__ARM_fpclassify)
    __hardfp_asin                            0x0800fba9   Thumb Code   770  asin.o(i.__hardfp_asin)
    __hardfp_atan                            0x0800ff19   Thumb Code   632  atan.o(i.__hardfp_atan)
    __hardfp_atan2                           0x080101f9   Thumb Code   426  atan2.o(i.__hardfp_atan2)
    __hardfp_cos                             0x080103e9   Thumb Code   200  cos.o(i.__hardfp_cos)
    __hardfp_sin                             0x080104c1   Thumb Code   200  sin.o(i.__hardfp_sin)
    __hardfp_sqrt                            0x08010599   Thumb Code   122  sqrt.o(i.__hardfp_sqrt)
    __ieee754_rem_pio2                       0x08010619   Thumb Code   938  rred.o(i.__ieee754_rem_pio2)
    __kernel_cos                             0x08010a51   Thumb Code   322  cos_i.o(i.__kernel_cos)
    __kernel_poly                            0x08010bc1   Thumb Code   248  poly.o(i.__kernel_poly)
    __kernel_sin                             0x08010cb9   Thumb Code   280  sin_i.o(i.__kernel_sin)
    __mathlib_dbl_underflow                  0x08010de9   Thumb Code    24  dunder.o(i.__mathlib_dbl_underflow)
    _is_digit                                0x08010e09   Thumb Code    14  __printf_wp.o(i._is_digit)
    atan                                     0x08010e17   Thumb Code    16  atan.o(i.atan)
    fabs                                     0x08010e27   Thumb Code    24  fabs.o(i.fabs)
    sqrt                                     0x08010e3f   Thumb Code   110  sqrt.o(i.sqrt)
    _get_lc_numeric                          0x08010ead   Thumb Code    44  lc_numeric_c.o(locale$$code)
    _get_lc_ctype                            0x08010ed9   Thumb Code    44  lc_ctype_c.o(locale$$code)
    __aeabi_dneg                             0x08010f05   Thumb Code     0  basic.o(x$fpl$basic)
    _dneg                                    0x08010f05   Thumb Code     6  basic.o(x$fpl$basic)
    __aeabi_fneg                             0x08010f0b   Thumb Code     0  basic.o(x$fpl$basic)
    _fneg                                    0x08010f0b   Thumb Code     6  basic.o(x$fpl$basic)
    _dabs                                    0x08010f11   Thumb Code     6  basic.o(x$fpl$basic)
    _fabs                                    0x08010f17   Thumb Code     6  basic.o(x$fpl$basic)
    __aeabi_dadd                             0x08010f1d   Thumb Code     0  daddsub_clz.o(x$fpl$dadd)
    _dadd                                    0x08010f1d   Thumb Code   332  daddsub_clz.o(x$fpl$dadd)
    __fpl_dcmp_Inf                           0x0801106d   Thumb Code    24  dcmpi.o(x$fpl$dcmpinf)
    __aeabi_ddiv                             0x08011085   Thumb Code     0  ddiv.o(x$fpl$ddiv)
    _ddiv                                    0x08011085   Thumb Code   552  ddiv.o(x$fpl$ddiv)
    __aeabi_cdcmpeq                          0x08011335   Thumb Code     0  deqf.o(x$fpl$deqf)
    _dcmpeq                                  0x08011335   Thumb Code   120  deqf.o(x$fpl$deqf)
    __aeabi_d2iz                             0x080113ad   Thumb Code     0  dfix.o(x$fpl$dfix)
    _dfix                                    0x080113ad   Thumb Code    94  dfix.o(x$fpl$dfix)
    __aeabi_i2d                              0x0801140b   Thumb Code     0  dflt_clz.o(x$fpl$dflt)
    _dflt                                    0x0801140b   Thumb Code    46  dflt_clz.o(x$fpl$dflt)
    __aeabi_ui2d                             0x08011439   Thumb Code     0  dflt_clz.o(x$fpl$dfltu)
    _dfltu                                   0x08011439   Thumb Code    38  dflt_clz.o(x$fpl$dfltu)
    __aeabi_cdcmple                          0x08011461   Thumb Code     0  dleqf.o(x$fpl$dleqf)
    _dcmple                                  0x08011461   Thumb Code   120  dleqf.o(x$fpl$dleqf)
    __fpl_dcmple_InfNaN                      0x080114c3   Thumb Code     0  dleqf.o(x$fpl$dleqf)
    __aeabi_dmul                             0x080114d9   Thumb Code     0  dmul.o(x$fpl$dmul)
    _dmul                                    0x080114d9   Thumb Code   332  dmul.o(x$fpl$dmul)
    __fpl_dnaninf                            0x0801162d   Thumb Code   156  dnaninf.o(x$fpl$dnaninf)
    __fpl_dretinf                            0x080116c9   Thumb Code    12  dretinf.o(x$fpl$dretinf)
    __aeabi_cdrcmple                         0x080116d5   Thumb Code     0  drleqf.o(x$fpl$drleqf)
    _drcmple                                 0x080116d5   Thumb Code   108  drleqf.o(x$fpl$drleqf)
    __aeabi_drsub                            0x08011741   Thumb Code     0  daddsub_clz.o(x$fpl$drsb)
    _drsb                                    0x08011741   Thumb Code    22  daddsub_clz.o(x$fpl$drsb)
    _dsqrt                                   0x08011759   Thumb Code   404  dsqrt_umaal.o(x$fpl$dsqrt)
    __aeabi_dsub                             0x080118f1   Thumb Code     0  daddsub_clz.o(x$fpl$dsub)
    _dsub                                    0x080118f1   Thumb Code   464  daddsub_clz.o(x$fpl$dsub)
    __aeabi_f2d                              0x08011ac5   Thumb Code     0  f2d.o(x$fpl$f2d)
    _f2d                                     0x08011ac5   Thumb Code    86  f2d.o(x$fpl$f2d)
    __fpl_fnaninf                            0x08011b1b   Thumb Code   140  fnaninf.o(x$fpl$fnaninf)
    _fp_init                                 0x08011ba7   Thumb Code    10  fpinit.o(x$fpl$fpinit)
    __fplib_config_fpu_vfp                   0x08011baf   Thumb Code     0  fpinit.o(x$fpl$fpinit)
    __fplib_config_pureend_doubles           0x08011baf   Thumb Code     0  fpinit.o(x$fpl$fpinit)
    _printf_fp_dec                           0x08011bb1   Thumb Code     4  printf1.o(x$fpl$printf1)
    OSUnMapTbl                               0x08011bb4   Data         256  os_core.o(.constdata)
    __I$use$fp                               0x08011bb4   Number         0  usenofp.o(x$fpl$usenofp)
    F8X16                                    0x08011cb4   Data        1520  oledlib.o(.constdata)
    reg                                      0x080122a4   Data          27  inv_mpu.o(.constdata)
    hw                                       0x080122c0   Data          12  inv_mpu.o(.constdata)
    test                                     0x080122cc   Data          40  inv_mpu.o(.constdata)
    __mathlib_zero                           0x08012458   Data           8  qnan.o(.constdata)
    Region$$Table$$Base                      0x080125e4   Number         0  anon$$obj.o(Region$$Table)
    Region$$Table$$Limit                     0x08012604   Number         0  anon$$obj.o(Region$$Table)
    __ctype                                  0x0801262d   Data           0  lc_ctype_c.o(locale$$data)
    lock                                     0x20000000   Data           1  can1.o(.data)
    can_tx_success_flag                      0x20000001   Data           1  can1.o(.data)
    Real_Current_Value                       0x20000002   Data           8  can1.o(.data)
    Real_Velocity_Value                      0x2000000a   Data           8  can1.o(.data)
    Real_Online                              0x20000012   Data           4  can1.o(.data)
    Real_Ctl1_Value                          0x20000016   Data           4  can1.o(.data)
    Real_Ctl2_Value                          0x2000001a   Data           4  can1.o(.data)
    dist_forward                             0x20000020   Data           4  timer.o(.data)
    dist_left                                0x20000024   Data           4  timer.o(.data)
    dist_right                               0x20000028   Data           4  timer.o(.data)
    system_time                              0x20000030   Data           8  timer.o(.data)
    delayValue                               0x20000038   Data           4  timer.o(.data)
    delayflag                                0x2000003c   Data           4  timer.o(.data)
    delayCounter                             0x20000040   Data           4  timer.o(.data)
    cnt                                      0x20000050   Data           4  main.o(.data)
    v1                                       0x20000054   Data           4  main.o(.data)
    v2                                       0x20000058   Data           4  main.o(.data)
    v3                                       0x2000005c   Data           4  main.o(.data)
    vsum                                     0x20000060   Data           4  main.o(.data)
    lastYaw                                  0x20000068   Data           8  main.o(.data)
    nowYaw                                   0x20000070   Data           8  main.o(.data)
    urm_counter                              0x20000078   Data           4  main.o(.data)
    vx_show                                  0x20000080   Data           8  main.o(.data)
    vtheta_show                              0x20000088   Data           8  main.o(.data)
    target_forward_pos                       0x20000090   Data           8  main.o(.data)
    target_angular_pos                       0x20000098   Data           8  main.o(.data)
    now_forward_pos                          0x200000a0   Data           8  main.o(.data)
    now_angular_pos                          0x200000a8   Data           8  main.o(.data)
    last_target_forward_pos                  0x200000b0   Data           8  main.o(.data)
    last_target_angular_pos                  0x200000b8   Data           8  main.o(.data)
    forward_vel                              0x200000c0   Data           8  main.o(.data)
    angular_vel                              0x200000c8   Data           8  main.o(.data)
    pid_forward_adjust                       0x200000d0   Data           8  main.o(.data)
    pid_angular_adjust                       0x200000d8   Data           8  main.o(.data)
    vvv                                      0x200000e0   Data           8  main.o(.data)
    ttt                                      0x200000e8   Data           8  main.o(.data)
    final_vx                                 0x200000f0   Data           8  main.o(.data)
    final_vtheta                             0x200000f8   Data           8  main.o(.data)
    lost_cnt                                 0x20000100   Data           4  main.o(.data)
    gyro_show                                0x20000108   Data           8  main.o(.data)
    Control_Mode                             0x20000110   Data           1  bankcommon.o(.data)
    heartbreak_cnt                           0x20000114   Data           4  bankcommon.o(.data)
    vx                                       0x20000118   Data           4  dbus.o(.data)
    vy                                       0x2000011c   Data           4  dbus.o(.data)
    vtheta                                   0x20000120   Data           4  dbus.o(.data)
    target_vx                                0x20000130   Data           8  dbus.o(.data)
    target_vtheta                            0x20000138   Data           8  dbus.o(.data)
    last_target_vx                           0x20000140   Data           8  dbus.o(.data)
    last_target_vtheta                       0x20000148   Data           8  dbus.o(.data)
    OS_CPU_ExceptStkBase                     0x20000160   Data           4  os_cpu_c.o(.data)
    OSCtxSwCtr                               0x20000168   Data           4  os_core.o(.data)
    OSEventFreeList                          0x2000016c   Data           4  os_core.o(.data)
    OSFlagFreeList                           0x20000170   Data           4  os_core.o(.data)
    OSCPUUsage                               0x20000174   Data           1  os_core.o(.data)
    OSIdleCtrMax                             0x20000178   Data           4  os_core.o(.data)
    OSIdleCtrRun                             0x2000017c   Data           4  os_core.o(.data)
    OSStatRdy                                0x20000180   Data           1  os_core.o(.data)
    OSIntNesting                             0x20000181   Data           1  os_core.o(.data)
    OSLockNesting                            0x20000182   Data           1  os_core.o(.data)
    OSPrioCur                                0x20000183   Data           1  os_core.o(.data)
    OSPrioHighRdy                            0x20000184   Data           1  os_core.o(.data)
    OSRdyGrp                                 0x20000185   Data           1  os_core.o(.data)
    OSRdyTbl                                 0x20000186   Data           8  os_core.o(.data)
    OSRunning                                0x2000018e   Data           1  os_core.o(.data)
    OSTaskCtr                                0x2000018f   Data           1  os_core.o(.data)
    OSIdleCtr                                0x20000190   Data           4  os_core.o(.data)
    OSTCBCur                                 0x20000194   Data           4  os_core.o(.data)
    OSTCBFreeList                            0x20000198   Data           4  os_core.o(.data)
    OSTCBHighRdy                             0x2000019c   Data           4  os_core.o(.data)
    OSTCBList                                0x200001a0   Data           4  os_core.o(.data)
    OSTickStepState                          0x200001a4   Data           1  os_core.o(.data)
    OSMemFreeList                            0x200001a8   Data           4  os_core.o(.data)
    OSTime                                   0x200001ac   Data           4  os_core.o(.data)
    OSTmrFree                                0x200001b0   Data           2  os_core.o(.data)
    OSTmrUsed                                0x200001b2   Data           2  os_core.o(.data)
    OSTmrTime                                0x200001b4   Data           4  os_core.o(.data)
    OSTmrSem                                 0x200001b8   Data           4  os_core.o(.data)
    OSTmrSemSignal                           0x200001bc   Data           4  os_core.o(.data)
    OSTmrFreeList                            0x200001c0   Data           4  os_core.o(.data)
    SystemCoreClock                          0x200001c8   Data           4  system_stm32f4xx.o(.data)
    AHBPrescTable                            0x200001cc   Data          16  system_stm32f4xx.o(.data)
    vx_factor                                0x200001e0   Data           8  robotmodel.o(.data)
    vtheta_factor                            0x200001e8   Data           8  robotmodel.o(.data)
    q0                                       0x200001f8   Data           8  imu.o(.data)
    q1                                       0x20000200   Data           8  imu.o(.data)
    q2                                       0x20000208   Data           8  imu.o(.data)
    q3                                       0x20000210   Data           8  imu.o(.data)
    Yaw                                      0x20000218   Data           8  imu.o(.data)
    Pitch                                    0x20000220   Data           8  imu.o(.data)
    Roll                                     0x20000228   Data           8  imu.o(.data)
    MAG_YAW                                  0x20000230   Data           8  imu.o(.data)
    gx_rate                                  0x200002b8   Data           8  mpu6050.o(.data)
    gy_rate                                  0x200002c0   Data           8  mpu6050.o(.data)
    gz_rate                                  0x200002c8   Data           8  mpu6050.o(.data)
    ax_rate                                  0x200002d0   Data           8  mpu6050.o(.data)
    ay_rate                                  0x200002d8   Data           8  mpu6050.o(.data)
    az_rate                                  0x200002e0   Data           8  mpu6050.o(.data)
    gx_bias                                  0x200002e8   Data           8  mpu6050.o(.data)
    gy_bias                                  0x200002f0   Data           8  mpu6050.o(.data)
    gz_bias                                  0x200002f8   Data           8  mpu6050.o(.data)
    ax_bias                                  0x20000300   Data           8  mpu6050.o(.data)
    ay_bias                                  0x20000308   Data           8  mpu6050.o(.data)
    az_bias                                  0x20000310   Data           8  mpu6050.o(.data)
    gz_sum                                   0x20000318   Data           8  mpu6050.o(.data)
    gy_sum                                   0x20000320   Data           8  mpu6050.o(.data)
    gx_sum                                   0x20000328   Data           8  mpu6050.o(.data)
    ax_sum                                   0x20000330   Data           8  mpu6050.o(.data)
    ay_sum                                   0x20000338   Data           8  mpu6050.o(.data)
    az_sum                                   0x20000340   Data           8  mpu6050.o(.data)
    acc_index                                0x20000348   Data           4  mpu6050.o(.data)
    Rdata                                    0x2000034c   Data           6  mpu6050.o(.data)
    Odom_stable                              0x20000352   Data           1  mpu6050.o(.data)
    sample_cnt                               0x20000354   Data           4  mpu6050.o(.data)
    mpu6050_initflag                         0x20000358   Data           1  mpu6050.o(.data)
    Real_Position_Value                      0x20000360   Data          16  can1.o(.bss)
    tmp_gyro                                 0x20000370   Data          24  main.o(.bss)
    tmp_acc                                  0x20000388   Data          24  main.o(.bss)
    v                                        0x200003a0   Data          24  main.o(.bss)
    tmp_robot_encoder                        0x200003b8   Data         104  main.o(.bss)
    robot_encoder_data                       0x20000420   Data         104  bankcommon.o(.bss)
    sbus_rx_buffer                           0x20000488   Data          25  dbus.o(.bss)
    RC_Ctl                                   0x200004a2   Data          20  dbus.o(.bss)
    bluetooth_buffer                         0x200004b6   Data          22  usart1.o(.bss)
    Bluetooth_SendBuffer                     0x200004cc   Data         100  usart1.o(.bss)
    OS_CPU_ExceptStk                         0x20000530   Data         512  os_cpu_c.o(.bss)
    OSEventTbl                               0x20000730   Data         240  os_core.o(.bss)
    OSFlagTbl                                0x20000820   Data          80  os_core.o(.bss)
    OSTaskStatStk                            0x20000870   Data         512  os_core.o(.bss)
    OSTaskIdleStk                            0x20000a70   Data         512  os_core.o(.bss)
    OSTCBPrioTbl                             0x20000c70   Data         256  os_core.o(.bss)
    OSTCBTbl                                 0x20000d70   Data        1848  os_core.o(.bss)
    OSMemTbl                                 0x200014a8   Data         120  os_core.o(.bss)
    OSTmrTbl                                 0x20001520   Data         640  os_core.o(.bss)
    OSTmrTaskStk                             0x200017a0   Data         512  os_core.o(.bss)
    OSTmrWheelTbl                            0x200019a0   Data          64  os_core.o(.bss)
    OLED_BUF                                 0x200019e0   Data         100  oled.o(.bss)
    robotPose                                0x20001a48   Data          56  robotmodel.o(.bss)
    globalPose                               0x20001a80   Data          56  robotmodel.o(.bss)
    robotSpd                                 0x20001ab8   Data          48  robotmodel.o(.bss)
    robotModel                               0x20001ae8   Data          32  robotmodel.o(.bss)
    gz_biasdata                              0x20001b08   Data         800  mpu6050.o(.bss)
    Ax                                       0x20001e28   Data          16  mpu6050.o(.bss)
    Ay                                       0x20001e38   Data          16  mpu6050.o(.bss)
    Az                                       0x20001e48   Data          16  mpu6050.o(.bss)
    Gx                                       0x20001e58   Data          16  mpu6050.o(.bss)
    Gy                                       0x20001e68   Data          16  mpu6050.o(.bss)
    Gz                                       0x20001e78   Data          16  mpu6050.o(.bss)
    acc_array                                0x20001e88   Data         480  mpu6050.o(.bss)
    acc_sum                                  0x20002068   Data          24  mpu6050.o(.bss)
    __libspace_start                         0x20002080   Data          96  libspace.o(.bss)
    __temporary_stack_top$libspace           0x200020e0   Data           0  libspace.o(.bss)



==============================================================================

Memory Map of the image

  Image Entry point : 0x08000189

  Load Region LR_IROM1 (Base: 0x08000000, Size: 0x00012a90, Max: 0x00100000, ABSOLUTE, COMPRESSED[0x00012770])

    Execution Region ER_IROM1 (Base: 0x08000000, Size: 0x00012730, Max: 0x00100000, ABSOLUTE)

    Base Addr    Size         Type   Attr      Idx    E Section Name        Object

    0x08000000   0x00000188   Data   RO         1273    RESET               startup_stm32f40_41xxx.o
    0x08000188   0x00000008   Code   RO         1356  * !!!main             c_w.l(__main.o)
    0x08000190   0x00000034   Code   RO         1877    !!!scatter          c_w.l(__scatter.o)
    0x080001c4   0x0000005a   Code   RO         1875    !!dczerorl2         c_w.l(__dczerorl2.o)
    0x0800021e   0x00000002   PAD
    0x08000220   0x0000001c   Code   RO         1879    !!handler_zi        c_w.l(__scatter_zi.o)
    0x0800023c   0x00000000   Code   RO         1567    .ARM.Collect$$_printf_percent$$00000000  c_w.l(_printf_percent.o)
    0x0800023c   0x00000006   Code   RO         1556    .ARM.Collect$$_printf_percent$$00000001  c_w.l(_printf_n.o)
    0x08000242   0x00000006   Code   RO         1558    .ARM.Collect$$_printf_percent$$00000002  c_w.l(_printf_p.o)
    0x08000248   0x00000006   Code   RO         1563    .ARM.Collect$$_printf_percent$$00000003  c_w.l(_printf_f.o)
    0x0800024e   0x00000006   Code   RO         1564    .ARM.Collect$$_printf_percent$$00000004  c_w.l(_printf_e.o)
    0x08000254   0x00000006   Code   RO         1565    .ARM.Collect$$_printf_percent$$00000005  c_w.l(_printf_g.o)
    0x0800025a   0x00000006   Code   RO         1566    .ARM.Collect$$_printf_percent$$00000006  c_w.l(_printf_a.o)
    0x08000260   0x0000000a   Code   RO         1571    .ARM.Collect$$_printf_percent$$00000007  c_w.l(_printf_ll.o)
    0x0800026a   0x00000006   Code   RO         1560    .ARM.Collect$$_printf_percent$$00000008  c_w.l(_printf_i.o)
    0x08000270   0x00000006   Code   RO         1561    .ARM.Collect$$_printf_percent$$00000009  c_w.l(_printf_d.o)
    0x08000276   0x00000006   Code   RO         1562    .ARM.Collect$$_printf_percent$$0000000A  c_w.l(_printf_u.o)
    0x0800027c   0x00000006   Code   RO         1559    .ARM.Collect$$_printf_percent$$0000000B  c_w.l(_printf_o.o)
    0x08000282   0x00000006   Code   RO         1557    .ARM.Collect$$_printf_percent$$0000000C  c_w.l(_printf_x.o)
    0x08000288   0x00000006   Code   RO         1568    .ARM.Collect$$_printf_percent$$0000000D  c_w.l(_printf_lli.o)
    0x0800028e   0x00000006   Code   RO         1569    .ARM.Collect$$_printf_percent$$0000000E  c_w.l(_printf_lld.o)
    0x08000294   0x00000006   Code   RO         1570    .ARM.Collect$$_printf_percent$$0000000F  c_w.l(_printf_llu.o)
    0x0800029a   0x00000006   Code   RO         1575    .ARM.Collect$$_printf_percent$$00000010  c_w.l(_printf_llo.o)
    0x080002a0   0x00000006   Code   RO         1576    .ARM.Collect$$_printf_percent$$00000011  c_w.l(_printf_llx.o)
    0x080002a6   0x0000000a   Code   RO         1572    .ARM.Collect$$_printf_percent$$00000012  c_w.l(_printf_l.o)
    0x080002b0   0x00000006   Code   RO         1554    .ARM.Collect$$_printf_percent$$00000013  c_w.l(_printf_c.o)
    0x080002b6   0x00000006   Code   RO         1555    .ARM.Collect$$_printf_percent$$00000014  c_w.l(_printf_s.o)
    0x080002bc   0x00000006   Code   RO         1573    .ARM.Collect$$_printf_percent$$00000015  c_w.l(_printf_lc.o)
    0x080002c2   0x00000006   Code   RO         1574    .ARM.Collect$$_printf_percent$$00000016  c_w.l(_printf_ls.o)
    0x080002c8   0x00000004   Code   RO         1727    .ARM.Collect$$_printf_percent$$00000017  c_w.l(_printf_percent_end.o)
    0x080002cc   0x00000002   Code   RO         1804    .ARM.Collect$$libinit$$00000000  c_w.l(libinit.o)
    0x080002ce   0x00000004   Code   RO         1579    .ARM.Collect$$libinit$$00000001  c_w.l(libinit2.o)
    0x080002d2   0x00000000   Code   RO         1583    .ARM.Collect$$libinit$$00000008  c_w.l(libinit2.o)
    0x080002d2   0x00000000   Code   RO         1585    .ARM.Collect$$libinit$$0000000A  c_w.l(libinit2.o)
    0x080002d2   0x00000000   Code   RO         1587    .ARM.Collect$$libinit$$0000000C  c_w.l(libinit2.o)
    0x080002d2   0x00000006   Code   RO         1588    .ARM.Collect$$libinit$$0000000D  c_w.l(libinit2.o)
    0x080002d8   0x00000000   Code   RO         1590    .ARM.Collect$$libinit$$0000000F  c_w.l(libinit2.o)
    0x080002d8   0x0000000c   Code   RO         1591    .ARM.Collect$$libinit$$00000010  c_w.l(libinit2.o)
    0x080002e4   0x00000000   Code   RO         1592    .ARM.Collect$$libinit$$00000011  c_w.l(libinit2.o)
    0x080002e4   0x00000000   Code   RO         1594    .ARM.Collect$$libinit$$00000013  c_w.l(libinit2.o)
    0x080002e4   0x0000000a   Code   RO         1595    .ARM.Collect$$libinit$$00000014  c_w.l(libinit2.o)
    0x080002ee   0x00000000   Code   RO         1596    .ARM.Collect$$libinit$$00000015  c_w.l(libinit2.o)
    0x080002ee   0x00000000   Code   RO         1598    .ARM.Collect$$libinit$$00000017  c_w.l(libinit2.o)
    0x080002ee   0x00000000   Code   RO         1600    .ARM.Collect$$libinit$$00000019  c_w.l(libinit2.o)
    0x080002ee   0x00000000   Code   RO         1602    .ARM.Collect$$libinit$$0000001B  c_w.l(libinit2.o)
    0x080002ee   0x00000000   Code   RO         1604    .ARM.Collect$$libinit$$0000001D  c_w.l(libinit2.o)
    0x080002ee   0x00000000   Code   RO         1606    .ARM.Collect$$libinit$$0000001F  c_w.l(libinit2.o)
    0x080002ee   0x00000000   Code   RO         1608    .ARM.Collect$$libinit$$00000021  c_w.l(libinit2.o)
    0x080002ee   0x00000000   Code   RO         1610    .ARM.Collect$$libinit$$00000023  c_w.l(libinit2.o)
    0x080002ee   0x00000000   Code   RO         1614    .ARM.Collect$$libinit$$0000002A  c_w.l(libinit2.o)
    0x080002ee   0x00000000   Code   RO         1616    .ARM.Collect$$libinit$$0000002C  c_w.l(libinit2.o)
    0x080002ee   0x00000000   Code   RO         1618    .ARM.Collect$$libinit$$0000002E  c_w.l(libinit2.o)
    0x080002ee   0x00000000   Code   RO         1620    .ARM.Collect$$libinit$$00000030  c_w.l(libinit2.o)
    0x080002ee   0x00000002   Code   RO         1621    .ARM.Collect$$libinit$$00000031  c_w.l(libinit2.o)
    0x080002f0   0x00000002   Code   RO         1872    .ARM.Collect$$libshutdown$$00000000  c_w.l(libshutdown.o)
    0x080002f2   0x00000000   Code   RO         1830    .ARM.Collect$$libshutdown$$00000003  c_w.l(libshutdown2.o)
    0x080002f2   0x00000000   Code   RO         1833    .ARM.Collect$$libshutdown$$00000006  c_w.l(libshutdown2.o)
    0x080002f2   0x00000000   Code   RO         1836    .ARM.Collect$$libshutdown$$00000009  c_w.l(libshutdown2.o)
    0x080002f2   0x00000000   Code   RO         1838    .ARM.Collect$$libshutdown$$0000000B  c_w.l(libshutdown2.o)
    0x080002f2   0x00000000   Code   RO         1841    .ARM.Collect$$libshutdown$$0000000E  c_w.l(libshutdown2.o)
    0x080002f2   0x00000002   Code   RO         1842    .ARM.Collect$$libshutdown$$0000000F  c_w.l(libshutdown2.o)
    0x080002f4   0x00000000   Code   RO         1456    .ARM.Collect$$rtentry$$00000000  c_w.l(rtentry.o)
    0x080002f4   0x00000000   Code   RO         1684    .ARM.Collect$$rtentry$$00000002  c_w.l(rtentry2.o)
    0x080002f4   0x00000006   Code   RO         1696    .ARM.Collect$$rtentry$$00000004  c_w.l(rtentry4.o)
    0x080002fa   0x00000000   Code   RO         1686    .ARM.Collect$$rtentry$$00000009  c_w.l(rtentry2.o)
    0x080002fa   0x00000004   Code   RO         1687    .ARM.Collect$$rtentry$$0000000A  c_w.l(rtentry2.o)
    0x080002fe   0x00000000   Code   RO         1689    .ARM.Collect$$rtentry$$0000000C  c_w.l(rtentry2.o)
    0x080002fe   0x00000008   Code   RO         1690    .ARM.Collect$$rtentry$$0000000D  c_w.l(rtentry2.o)
    0x08000306   0x00000002   Code   RO         1809    .ARM.Collect$$rtexit$$00000000  c_w.l(rtexit.o)
    0x08000308   0x00000000   Code   RO         1846    .ARM.Collect$$rtexit$$00000002  c_w.l(rtexit2.o)
    0x08000308   0x00000004   Code   RO         1847    .ARM.Collect$$rtexit$$00000003  c_w.l(rtexit2.o)
    0x0800030c   0x00000006   Code   RO         1848    .ARM.Collect$$rtexit$$00000004  c_w.l(rtexit2.o)
    0x08000312   0x00000002   PAD
    0x08000314   0x00000048   Code   RO            1    .text               stm32f4xx_it.o
    0x0800035c   0x00000fdc   Code   RO           30    .text               can1.o
    0x08001338   0x000001b4   Code   RO          193    .text               timer.o
    0x080014ec   0x0000041c   Code   RO          215    .text               main.o
    0x08001908   0x00000072   Code   RO          466    .text               bankcommon.o
    0x0800197a   0x00000002   PAD
    0x0800197c   0x000001a0   Code   RO          517    .text               mymath.o
    0x08001b1c   0x000000aa   Code   RO          533    .text               systick.o
    0x08001bc6   0x00000002   PAD
    0x08001bc8   0x00000340   Code   RO          593    .text               dbus.o
    0x08001f08   0x00000468   Code   RO          664    .text               usart1.o
    0x08002370   0x000000e0   Code   RO          701    .text               misc.o
    0x08002450   0x000003a8   Code   RO          717    .text               stm32f4xx_dma.o
    0x080027f8   0x0000025c   Code   RO          733    .text               stm32f4xx_gpio.o
    0x08002a54   0x00000588   Code   RO          749    .text               stm32f4xx_rcc.o
    0x08002fdc   0x00000ca2   Code   RO          767    .text               stm32f4xx_tim.o
    0x08003c7e   0x00000002   PAD
    0x08003c80   0x0000041a   Code   RO          783    .text               stm32f4xx_usart.o
    0x0800409a   0x00000002   PAD
    0x0800409c   0x000009f0   Code   RO          815    .text               stm32f4xx_can.o
    0x08004a8c   0x0000027c   Code   RO          830    .text               os_cpu_c.o
    0x08004d08   0x000000b0   Code   RO          853    .text               os_cpu_a.o
    0x08004db8   0x00000010   Code   RO          856    .text               app_hooks.o
    0x08004dc8   0x0000092c   Code   RO          868    .text               os_core.o
    0x080056f4   0x0000080c   Code   RO          897    .text               os_flag.o
    0x08005f00   0x000001e4   Code   RO          921    .text               os_mem.o
    0x080060e4   0x0000039c   Code   RO          951    .text               os_sem.o
    0x08006480   0x0000071c   Code   RO          963    .text               os_task.o
    0x08006b9c   0x000001b0   Code   RO          975    .text               os_time.o
    0x08006d4c   0x00000670   Code   RO          987    .text               os_tmr.o
    0x080073bc   0x000003d0   Code   RO         1023    .text               oled.o
    0x0800778c   0x00000210   Code   RO         1060    .text               system_stm32f4xx.o
    0x0800799c   0x000000a4   Code   RO         1101    .text               board.o
    0x08007a40   0x00001098   Code   RO         1120    .text               robotmodel.o
    0x08008ad8   0x000028e8   Code   RO         1143    .text               imu.o
    0x0800b3c0   0x00001f60   Code   RO         1185    .text               inv_mpu.o
    0x0800d320   0x00000c04   Code   RO         1212    .text               mpu6050.o
    0x0800df24   0x0000047c   Code   RO         1235    .text               mpu_i2c.o
    0x0800e3a0   0x00000040   Code   RO         1274    .text               startup_stm32f40_41xxx.o
    0x0800e3e0   0x00000048   Code   RO         1342    .text               c_w.l(llsdiv.o)
    0x0800e428   0x00000024   Code   RO         1344    .text               c_w.l(c89vsprintf.o)
    0x0800e44c   0x00000058   Code   RO         1348    .text               c_w.l(memcmp.o)
    0x0800e4a4   0x0000003e   Code   RO         1350    .text               c_w.l(strlen.o)
    0x0800e4e2   0x00000064   Code   RO         1352    .text               c_w.l(rt_memcpy_w.o)
    0x0800e546   0x00000006   Code   RO         1354    .text               c_w.l(heapauxi.o)
    0x0800e54c   0x000000ee   Code   RO         1482    .text               c_w.l(lludivv7m.o)
    0x0800e63a   0x00000016   Code   RO         1484    .text               c_w.l(_rserrno.o)
    0x0800e650   0x0000004e   Code   RO         1488    .text               c_w.l(_printf_pad.o)
    0x0800e69e   0x00000024   Code   RO         1490    .text               c_w.l(_printf_truncate.o)
    0x0800e6c2   0x00000052   Code   RO         1492    .text               c_w.l(_printf_str.o)
    0x0800e714   0x00000074   Code   RO         1494    .text               c_w.l(_printf_dec.o)
    0x0800e788   0x00000028   Code   RO         1496    .text               c_w.l(_printf_charcount.o)
    0x0800e7b0   0x00000030   Code   RO         1498    .text               c_w.l(_printf_char_common.o)
    0x0800e7e0   0x0000000a   Code   RO         1500    .text               c_w.l(_sputc.o)
    0x0800e7ea   0x00000002   PAD
    0x0800e7ec   0x000000bc   Code   RO         1502    .text               c_w.l(_printf_wctomb.o)
    0x0800e8a8   0x00000078   Code   RO         1505    .text               c_w.l(_printf_longlong_dec.o)
    0x0800e920   0x00000070   Code   RO         1511    .text               c_w.l(_printf_oct_int_ll.o)
    0x0800e990   0x00000094   Code   RO         1531    .text               c_w.l(_printf_hex_int_ll_ptr.o)
    0x0800ea24   0x00000188   Code   RO         1551    .text               c_w.l(__printf_flags_ss_wp.o)
    0x0800ebac   0x00000008   Code   RO         1680    .text               c_w.l(libspace.o)
    0x0800ebb4   0x00000008   Code   RO         1705    .text               c_w.l(rt_errno_addr_intlibspace.o)
    0x0800ebbc   0x0000008a   Code   RO         1715    .text               c_w.l(lludiv10.o)
    0x0800ec46   0x000000b2   Code   RO         1717    .text               c_w.l(_printf_intcommon.o)
    0x0800ecf8   0x00000416   Code   RO         1719    .text               c_w.l(_printf_fp_dec.o)
    0x0800f10e   0x0000002c   Code   RO         1723    .text               c_w.l(_printf_char.o)
    0x0800f13a   0x0000002c   Code   RO         1725    .text               c_w.l(_printf_wchar.o)
    0x0800f166   0x00000040   Code   RO         1728    .text               c_w.l(_wcrtomb.o)
    0x0800f1a6   0x00000002   Code   RO         1741    .text               c_w.l(use_no_semi.o)
    0x0800f1a8   0x00000000   Code   RO         1743    .text               c_w.l(indicate_semi.o)
    0x0800f1a8   0x0000004a   Code   RO         1744    .text               c_w.l(sys_stackheap_outer.o)
    0x0800f1f2   0x00000002   PAD
    0x0800f1f4   0x00000010   Code   RO         1746    .text               c_w.l(rt_ctype_table.o)
    0x0800f204   0x00000008   Code   RO         1755    .text               c_w.l(rt_locale_intlibspace.o)
    0x0800f20c   0x00000080   Code   RO         1759    .text               c_w.l(_printf_fp_infnan.o)
    0x0800f28c   0x000000d8   Code   RO         1761    .text               c_w.l(bigflt0.o)
    0x0800f364   0x0000000c   Code   RO         1789    .text               c_w.l(exit.o)
    0x0800f370   0x0000000c   Code   RO         1807    .text               c_w.l(sys_exit.o)
    0x0800f37c   0x00000080   Code   RO         1826    .text               c_w.l(strcmpv7m.o)
    0x0800f3fc   0x0000003e   Code   RO         1764    CL$$btod_d2e        c_w.l(btod.o)
    0x0800f43a   0x00000046   Code   RO         1766    CL$$btod_d2e_denorm_low  c_w.l(btod.o)
    0x0800f480   0x00000060   Code   RO         1765    CL$$btod_d2e_norm_op1  c_w.l(btod.o)
    0x0800f4e0   0x00000338   Code   RO         1774    CL$$btod_div_common  c_w.l(btod.o)
    0x0800f818   0x000000c6   Code   RO         1771    CL$$btod_e2e        c_w.l(btod.o)
    0x0800f8de   0x00000028   Code   RO         1768    CL$$btod_ediv       c_w.l(btod.o)
    0x0800f906   0x00000028   Code   RO         1767    CL$$btod_emul       c_w.l(btod.o)
    0x0800f92e   0x00000244   Code   RO         1773    CL$$btod_mult_common  c_w.l(btod.o)
    0x0800fb72   0x00000030   Code   RO         1662    i.__ARM_fpclassify  m_wm.l(fpclassify.o)
    0x0800fba2   0x00000006   PAD
    0x0800fba8   0x00000370   Code   RO         1392    i.__hardfp_asin     m_wm.l(asin.o)
    0x0800ff18   0x000002e0   Code   RO         1637    i.__hardfp_atan     m_wm.l(atan.o)
    0x080101f8   0x000001f0   Code   RO         1406    i.__hardfp_atan2    m_wm.l(atan2.o)
    0x080103e8   0x000000d8   Code   RO         1418    i.__hardfp_cos      m_wm.l(cos.o)
    0x080104c0   0x000000d8   Code   RO         1430    i.__hardfp_sin      m_wm.l(sin.o)
    0x08010598   0x0000007a   Code   RO         1442    i.__hardfp_sqrt     m_wm.l(sqrt.o)
    0x08010612   0x00000006   PAD
    0x08010618   0x00000438   Code   RO         1667    i.__ieee754_rem_pio2  m_wm.l(rred.o)
    0x08010a50   0x00000170   Code   RO         1651    i.__kernel_cos      m_wm.l(cos_i.o)
    0x08010bc0   0x000000f8   Code   RO         1664    i.__kernel_poly     m_wm.l(poly.o)
    0x08010cb8   0x00000130   Code   RO         1672    i.__kernel_sin      m_wm.l(sin_i.o)
    0x08010de8   0x00000020   Code   RO         1654    i.__mathlib_dbl_underflow  m_wm.l(dunder.o)
    0x08010e08   0x0000000e   Code   RO         1544    i._is_digit         c_w.l(__printf_wp.o)
    0x08010e16   0x00000010   Code   RO         1639    i.atan              m_wm.l(atan.o)
    0x08010e26   0x00000018   Code   RO         1658    i.fabs              m_wm.l(fabs.o)
    0x08010e3e   0x0000006e   Code   RO         1444    i.sqrt              m_wm.l(sqrt.o)
    0x08010eac   0x0000002c   Code   RO         1787    locale$$code        c_w.l(lc_numeric_c.o)
    0x08010ed8   0x0000002c   Code   RO         1816    locale$$code        c_w.l(lc_ctype_c.o)
    0x08010f04   0x00000018   Code   RO         1358    x$fpl$basic         fz_wm.l(basic.o)
    0x08010f1c   0x00000150   Code   RO         1362    x$fpl$dadd          fz_wm.l(daddsub_clz.o)
    0x0801106c   0x00000018   Code   RO         1622    x$fpl$dcmpinf       fz_wm.l(dcmpi.o)
    0x08011084   0x000002b0   Code   RO         1369    x$fpl$ddiv          fz_wm.l(ddiv.o)
    0x08011334   0x00000078   Code   RO         1372    x$fpl$deqf          fz_wm.l(deqf.o)
    0x080113ac   0x0000005e   Code   RO         1374    x$fpl$dfix          fz_wm.l(dfix.o)
    0x0801140a   0x0000002e   Code   RO         1379    x$fpl$dflt          fz_wm.l(dflt_clz.o)
    0x08011438   0x00000026   Code   RO         1378    x$fpl$dfltu         fz_wm.l(dflt_clz.o)
    0x0801145e   0x00000002   PAD
    0x08011460   0x00000078   Code   RO         1384    x$fpl$dleqf         fz_wm.l(dleqf.o)
    0x080114d8   0x00000154   Code   RO         1386    x$fpl$dmul          fz_wm.l(dmul.o)
    0x0801162c   0x0000009c   Code   RO         1624    x$fpl$dnaninf       fz_wm.l(dnaninf.o)
    0x080116c8   0x0000000c   Code   RO         1626    x$fpl$dretinf       fz_wm.l(dretinf.o)
    0x080116d4   0x0000006c   Code   RO         1388    x$fpl$drleqf        fz_wm.l(drleqf.o)
    0x08011740   0x00000016   Code   RO         1363    x$fpl$drsb          fz_wm.l(daddsub_clz.o)
    0x08011756   0x00000002   PAD
    0x08011758   0x00000198   Code   RO         1628    x$fpl$dsqrt         fz_wm.l(dsqrt_umaal.o)
    0x080118f0   0x000001d4   Code   RO         1364    x$fpl$dsub          fz_wm.l(daddsub_clz.o)
    0x08011ac4   0x00000056   Code   RO         1390    x$fpl$f2d           fz_wm.l(f2d.o)
    0x08011b1a   0x0000008c   Code   RO         1630    x$fpl$fnaninf       fz_wm.l(fnaninf.o)
    0x08011ba6   0x0000000a   Code   RO         1739    x$fpl$fpinit        fz_wm.l(fpinit.o)
    0x08011bb0   0x00000004   Code   RO         1634    x$fpl$printf1       fz_wm.l(printf1.o)
    0x08011bb4   0x00000000   Code   RO         1636    x$fpl$usenofp       fz_wm.l(usenofp.o)
    0x08011bb4   0x00000100   Data   RO          870    .constdata          os_core.o
    0x08011cb4   0x000005f0   Data   RO         1047    .constdata          oledlib.o
    0x080122a4   0x00000050   Data   RO         1186    .constdata          inv_mpu.o
    0x080122f4   0x00000004   PAD
    0x080122f8   0x00000050   Data   RO         1395    .constdata          m_wm.l(asin.o)
    0x08012348   0x00000008   Data   RO         1503    .constdata          c_w.l(_printf_wctomb.o)
    0x08012350   0x00000028   Data   RO         1532    .constdata          c_w.l(_printf_hex_int_ll_ptr.o)
    0x08012378   0x00000011   Data   RO         1552    .constdata          c_w.l(__printf_flags_ss_wp.o)
    0x08012389   0x00000007   PAD
    0x08012390   0x00000098   Data   RO         1640    .constdata          m_wm.l(atan.o)
    0x08012428   0x00000030   Data   RO         1652    .constdata          m_wm.l(cos_i.o)
    0x08012458   0x00000008   Data   RO         1666    .constdata          m_wm.l(qnan.o)
    0x08012460   0x000000c8   Data   RO         1669    .constdata          m_wm.l(rred.o)
    0x08012528   0x00000028   Data   RO         1673    .constdata          m_wm.l(sin_i.o)
    0x08012550   0x00000094   Data   RO         1762    .constdata          c_w.l(bigflt0.o)
    0x080125e4   0x00000020   Data   RO         1873    Region$$Table       anon$$obj.o
    0x08012604   0x0000001c   Data   RO         1786    locale$$data        c_w.l(lc_numeric_c.o)
    0x08012620   0x00000110   Data   RO         1815    locale$$data        c_w.l(lc_ctype_c.o)


    Execution Region RW_IRAM1 (Base: 0x20000000, Size: 0x000026e0, Max: 0x00020000, ABSOLUTE, COMPRESSED[0x00000040])

    Base Addr    Size         Type   Attr      Idx    E Section Name        Object

    0x20000000   0x0000001e   Data   RW           32    .data               can1.o
    0x2000001e   0x00000002   PAD
    0x20000020   0x0000002c   Data   RW          194    .data               timer.o
    0x2000004c   0x00000004   PAD
    0x20000050   0x000000c0   Data   RW          218    .data               main.o
    0x20000110   0x00000008   Data   RW          468    .data               bankcommon.o
    0x20000118   0x00000038   Data   RW          595    .data               dbus.o
    0x20000150   0x00000010   Data   RW          750    .data               stm32f4xx_rcc.o
    0x20000160   0x00000006   Data   RW          832    .data               os_cpu_c.o
    0x20000166   0x00000002   PAD
    0x20000168   0x0000005c   Data   RW          871    .data               os_core.o
    0x200001c4   0x00000004   Data   RW         1025    .data               oled.o
    0x200001c8   0x00000014   Data   RW         1061    .data               system_stm32f4xx.o
    0x200001dc   0x00000004   PAD
    0x200001e0   0x00000018   Data   RW         1122    .data               robotmodel.o
    0x200001f8   0x00000090   Data   RW         1144    .data               imu.o
    0x20000288   0x0000002c   Data   RW         1187    .data               inv_mpu.o
    0x200002b4   0x00000004   PAD
    0x200002b8   0x000000a8   Data   RW         1214    .data               mpu6050.o
    0x20000360   0x00000010   Zero   RW           31    .bss                can1.o
    0x20000370   0x000000b0   Zero   RW          217    .bss                main.o
    0x20000420   0x00000068   Zero   RW          467    .bss                bankcommon.o
    0x20000488   0x0000002e   Zero   RW          594    .bss                dbus.o
    0x200004b6   0x0000007a   Zero   RW          665    .bss                usart1.o
    0x20000530   0x00000200   Zero   RW          831    .bss                os_cpu_c.o
    0x20000730   0x000012b0   Zero   RW          869    .bss                os_core.o
    0x200019e0   0x00000064   Zero   RW         1024    .bss                oled.o
    0x20001a44   0x00000004   PAD
    0x20001a48   0x000000c0   Zero   RW         1121    .bss                robotmodel.o
    0x20001b08   0x00000578   Zero   RW         1213    .bss                mpu6050.o
    0x20002080   0x00000060   Zero   RW         1681    .bss                c_w.l(libspace.o)
    0x200020e0   0x00000200   Zero   RW         1272    HEAP                startup_stm32f40_41xxx.o
    0x200022e0   0x00000400   Zero   RW         1271    STACK               startup_stm32f40_41xxx.o


==============================================================================

Image component sizes


      Code (inc. data)   RO Data    RW Data    ZI Data      Debug   Object Name

        16          0          0          0          0       1422   app_hooks.o
       114          0          0          8        104       2991   bankcommon.o
       164         12          0          0          0        985   board.o
      4060        380          0         30         16     309201   can1.o
       832         78          0         56         46       3725   dbus.o
     10472        366          0        144          0       4622   imu.o
      8032        102         80         44          0      22751   inv_mpu.o
      1052        164          0        192        176     253898   main.o
       224         20          0          0          0       2049   misc.o
      3076        296          0        168       1400       3653   mpu6050.o
      1148          6          0          0          0       4409   mpu_i2c.o
       416         46          0          0          0       1795   mymath.o
       976         18          0          4        100       4343   oled.o
         0          0       1520          0          0        564   oledlib.o
      2348        238        256         92       4784      16559   os_core.o
       176         32          0          0          0        340   os_cpu_a.o
       636         16          0          6        512      11878   os_cpu_c.o
      2060         42          0          0          0       6976   os_flag.o
       484         16          0          0          0       3200   os_mem.o
       924         20          0          0          0       3962   os_sem.o
      1820         70          0          0          0       6750   os_task.o
       432         30          0          0          0       1842   os_time.o
      1648        134          0          0          0       5601   os_tmr.o
      4248        304          0         24        192       4972   robotmodel.o
        64         26        392          0       1536        884   startup_stm32f40_41xxx.o
      2544         38          0          0          0       8200   stm32f4xx_can.o
       936         32          0          0          0       6525   stm32f4xx_dma.o
       604         36          0          0          0       4297   stm32f4xx_gpio.o
        72          8          0          0          0      11931   stm32f4xx_it.o
      1416         48          0         16          0      11243   stm32f4xx_rcc.o
      3234         60          0          0          0      22528   stm32f4xx_tim.o
      1050         26          0          0          0       8000   stm32f4xx_usart.o
       528         46          0         20          0       2027   system_stm32f4xx.o
       170          0          0          0          0       1343   systick.o
       436         42          0         44          0       2372   timer.o
      1128         92          0          0        122       4408   usart1.o

    ----------------------------------------------------------------------
     57548       2844       2284        864       8992     762246   Object Totals
         0          0         32          0          0          0   (incl. Generated)
         8          0          4         16          4          0   (incl. Padding)

    ----------------------------------------------------------------------

      Code (inc. data)   RO Data    RW Data    ZI Data      Debug   Library Member Name

        90          0          0          0          0          0   __dczerorl2.o
         8          0          0          0          0         68   __main.o
       392          4         17          0          0         92   __printf_flags_ss_wp.o
        14          0          0          0          0         68   __printf_wp.o
        52          8          0          0          0          0   __scatter.o
        28          0          0          0          0          0   __scatter_zi.o
         6          0          0          0          0          0   _printf_a.o
         6          0          0          0          0          0   _printf_c.o
        44          0          0          0          0        108   _printf_char.o
        48          6          0          0          0         96   _printf_char_common.o
        40          0          0          0          0         68   _printf_charcount.o
         6          0          0          0          0          0   _printf_d.o
       116         16          0          0          0         92   _printf_dec.o
         6          0          0          0          0          0   _printf_e.o
         6          0          0          0          0          0   _printf_f.o
      1046          0          0          0          0        216   _printf_fp_dec.o
       128         16          0          0          0         84   _printf_fp_infnan.o
         6          0          0          0          0          0   _printf_g.o
       148          4         40          0          0        160   _printf_hex_int_ll_ptr.o
         6          0          0          0          0          0   _printf_i.o
       178          0          0          0          0         88   _printf_intcommon.o
        10          0          0          0          0          0   _printf_l.o
         6          0          0          0          0          0   _printf_lc.o
        10          0          0          0          0          0   _printf_ll.o
         6          0          0          0          0          0   _printf_lld.o
         6          0          0          0          0          0   _printf_lli.o
         6          0          0          0          0          0   _printf_llo.o
         6          0          0          0          0          0   _printf_llu.o
         6          0          0          0          0          0   _printf_llx.o
       120         16          0          0          0         92   _printf_longlong_dec.o
         6          0          0          0          0          0   _printf_ls.o
         6          0          0          0          0          0   _printf_n.o
         6          0          0          0          0          0   _printf_o.o
       112          8          0          0          0        124   _printf_oct_int_ll.o
         6          0          0          0          0          0   _printf_p.o
        78          0          0          0          0        108   _printf_pad.o
         0          0          0          0          0          0   _printf_percent.o
         4          0          0          0          0          0   _printf_percent_end.o
         6          0          0          0          0          0   _printf_s.o
        82          0          0          0          0         80   _printf_str.o
        36          0          0          0          0         84   _printf_truncate.o
         6          0          0          0          0          0   _printf_u.o
        44          0          0          0          0        108   _printf_wchar.o
       188          6          8          0          0         92   _printf_wctomb.o
         6          0          0          0          0          0   _printf_x.o
        22          0          0          0          0        100   _rserrno.o
        10          0          0          0          0         68   _sputc.o
        64          0          0          0          0         92   _wcrtomb.o
       216          4        148          0          0         96   bigflt0.o
      1910        128          0          0          0        672   btod.o
        36          4          0          0          0         76   c89vsprintf.o
        12          0          0          0          0         72   exit.o
         6          0          0          0          0        152   heapauxi.o
         0          0          0          0          0          0   indicate_semi.o
        44         10        272          0          0         76   lc_ctype_c.o
        44         10         28          0          0         76   lc_numeric_c.o
         2          0          0          0          0          0   libinit.o
        34          0          0          0          0          0   libinit2.o
         2          0          0          0          0          0   libshutdown.o
         2          0          0          0          0          0   libshutdown2.o
         8          4          0          0         96         68   libspace.o
        72          0          0          0          0         76   llsdiv.o
       138          0          0          0          0         80   lludiv10.o
       238          0          0          0          0        100   lludivv7m.o
        88          0          0          0          0         76   memcmp.o
        16          4          0          0          0         76   rt_ctype_table.o
         8          4          0          0          0         68   rt_errno_addr_intlibspace.o
         8          4          0          0          0         68   rt_locale_intlibspace.o
       100          0          0          0          0         80   rt_memcpy_w.o
         0          0          0          0          0          0   rtentry.o
        12          0          0          0          0          0   rtentry2.o
         6          0          0          0          0          0   rtentry4.o
         2          0          0          0          0          0   rtexit.o
        10          0          0          0          0          0   rtexit2.o
       128          0          0          0          0         68   strcmpv7m.o
        62          0          0          0          0         76   strlen.o
        12          4          0          0          0         68   sys_exit.o
        74          0          0          0          0         80   sys_stackheap_outer.o
         2          0          0          0          0         68   use_no_semi.o
        24          0          0          0          0        164   basic.o
       826         16          0          0          0        492   daddsub_clz.o
        24          0          0          0          0        116   dcmpi.o
       688        140          0          0          0        256   ddiv.o
       120          4          0          0          0        140   deqf.o
        94          4          0          0          0        140   dfix.o
        84          0          0          0          0        232   dflt_clz.o
       120          4          0          0          0        140   dleqf.o
       340         12          0          0          0        152   dmul.o
       156          4          0          0          0        140   dnaninf.o
        12          0          0          0          0        116   dretinf.o
       108          0          0          0          0        128   drleqf.o
       408         56          0          0          0        168   dsqrt_umaal.o
        86          4          0          0          0        132   f2d.o
       140          4          0          0          0        132   fnaninf.o
        10          0          0          0          0        116   fpinit.o
         4          0          0          0          0        116   printf1.o
         0          0          0          0          0          0   usenofp.o
       880        110         80          0          0        200   asin.o
       752        104        152          0          0        344   atan.o
       496         70          0          0          0        156   atan2.o
       216         16          0          0          0        152   cos.o
       368         46         48          0          0        200   cos_i.o
        32          8          0          0          0        124   dunder.o
        24          0          0          0          0        124   fabs.o
        48          0          0          0          0        124   fpclassify.o
       248          0          0          0          0        152   poly.o
         0          0          8          0          0          0   qnan.o
      1080        142        200          0          0        188   rred.o
       216         16          0          0          0        152   sin.o
       304         24         40          0          0        208   sin_i.o
       232          0          0          0          0        296   sqrt.o

    ----------------------------------------------------------------------
     14688       1044       1048          0         96       9660   Library Totals
        24          0          7          0          0          0   (incl. Padding)

    ----------------------------------------------------------------------

      Code (inc. data)   RO Data    RW Data    ZI Data      Debug   Library Name

      6524        260        513          0         96       4360   c_w.l
      3244        248          0          0          0       2880   fz_wm.l
      4896        536        528          0          0       2420   m_wm.l

    ----------------------------------------------------------------------
     14688       1044       1048          0         96       9660   Library Totals

    ----------------------------------------------------------------------

==============================================================================


      Code (inc. data)   RO Data    RW Data    ZI Data      Debug   

     72236       3888       3332        864       9088     759414   Grand Totals
     72236       3888       3332         64       9088     759414   ELF Image Totals (compressed)
     72236       3888       3332         64          0          0   ROM Totals

==============================================================================

    Total RO  Size (Code + RO Data)                75568 (  73.80kB)
    Total RW  Size (RW Data + ZI Data)              9952 (   9.72kB)
    Total ROM Size (Code + RO Data + RW Data)      75632 (  73.86kB)

==============================================================================

