<html>
<body>
<pre>
<h1>礦ision Build Log</h1>
<h2>Project:</h2>
C:\Users\87066\Desktop\自动充电工程\底盘代码-ROS版本\Project\Project\Pro\test.uvprojx
Project File Date:  07/15/2016

<h2>Output:</h2>
Build target 'Project'
compiling stm32f4xx_it.c...
compiling can1.c...
compiling timer.c...
compiling main.cpp...
..\..\USER\SRC\main.cpp(214): warning:  #111-D: statement is unreachable
        return 0;
..\..\USER\SRC\main.cpp: 1 warning, 0 errors
compiling bankCommon.c...
..\..\USER\SRC\bankCommon.c(27): warning:  #68-D: integer conversion resulted in a change of sign
         return -1;
..\..\USER\SRC\bankCommon.c(45): warning:  #68-D: integer conversion resulted in a change of sign
        return -1;
..\..\USER\SRC\bankCommon.c: 2 warnings, 0 errors
compiling cmatrix.c...
compiling myfilter.c...
compiling mymath.c...
..\..\USER\SRC\mymath.c(19): warning: C4487E: read from variable 'i' with offset out of bounds
}
..\..\USER\SRC\mymath.c: 1 warning, 0 errors
compiling systick.c...
compiling I2C.c...
compiling ks103.c...
compiling dbus.c...
..\..\USER\SRC\dbus.c(23): warning:  #177-D: variable "USART_InitStructure" was declared but never referenced
        USART_InitTypeDef USART_InitStructure;
..\..\USER\SRC\dbus.c(149): warning:  #1035-D: single-precision operand implicitly converted to double-precision
                target_vtheta = -vtheta / 660.0;
..\..\USER\SRC\dbus.c(13): warning:  #177-D: variable "v1" was declared but never referenced
  static float v1,v2,v3;
..\..\USER\SRC\dbus.c(13): warning:  #177-D: variable "v2" was declared but never referenced
  static float v1,v2,v3;
..\..\USER\SRC\dbus.c(13): warning:  #177-D: variable "v3" was declared but never referenced
  static float v1,v2,v3;
..\..\USER\SRC\dbus.c: 5 warnings, 0 errors
compiling pidControl.c...
compiling usart1.c...
..\..\USER\SRC\usart1.c(159): warning:  #177-D: variable "spd" was declared but never referenced
        double spd[3];
..\..\USER\SRC\usart1.c: 1 warning, 0 errors
compiling misc.c...
compiling stm32f4xx_dma.c...
compiling stm32f4xx_gpio.c...
compiling stm32f4xx_rcc.c...
compiling stm32f4xx_tim.c...
compiling stm32f4xx_usart.c...
compiling stm32f4xx_exti.c...
compiling stm32f4xx_can.c...
compiling os_cpu_c.c...
assembling os_cpu_a.asm...
compiling app_hooks.c...
compiling os_core.c...
compiling os_dbg_r.c...
compiling os_flag.c...
compiling os_mbox.c...
compiling os_mem.c...
compiling os_mutex.c...
compiling os_q.c...
compiling os_sem.c...
compiling os_task.c...
compiling os_time.c...
compiling os_tmr.c...
compiling lcd12864s.c...
compiling oled.c...
compiling oledlib.c...
compiling system_stm32f4xx.c...
compiling ultrasonic.c...
compiling board.c...
compiling robotmodel.c...
..\..\USER\SRC\robotmodel.c(32): warning:  #177-D: variable "v1" was declared but never referenced
        double v1,v2,v3;
..\..\USER\SRC\robotmodel.c(32): warning:  #177-D: variable "v2" was declared but never referenced
        double v1,v2,v3;
..\..\USER\SRC\robotmodel.c(32): warning:  #177-D: variable "v3" was declared but never referenced
        double v1,v2,v3;
..\..\USER\SRC\robotmodel.c(80): warning:  #177-D: variable "temp_theta" was declared but never referenced
        double temp_theta;
..\..\USER\SRC\robotmodel.c: 4 warnings, 0 errors
compiling imu.c...
..\..\eMPL\imu.c(326): warning:  #177-D: variable "mx" was declared but never referenced
        double norm,ax,ay,az,mx,my,mz,xh,yh;
..\..\eMPL\imu.c(326): warning:  #177-D: variable "my" was declared but never referenced
        double norm,ax,ay,az,mx,my,mz,xh,yh;
..\..\eMPL\imu.c(326): warning:  #177-D: variable "mz" was declared but never referenced
        double norm,ax,ay,az,mx,my,mz,xh,yh;
..\..\eMPL\imu.c(326): warning:  #177-D: variable "xh" was declared but never referenced
        double norm,ax,ay,az,mx,my,mz,xh,yh;
..\..\eMPL\imu.c(326): warning:  #177-D: variable "yh" was declared but never referenced
        double norm,ax,ay,az,mx,my,mz,xh,yh;
..\..\eMPL\imu.c: 5 warnings, 0 errors
compiling inv_mpu.c...
compiling mpu6050.c...
..\..\eMPL\mpu6050.c(122): warning:  #177-D: variable "count" was declared but never referenced
        static int count = 0;
..\..\eMPL\mpu6050.c(123): warning:  #177-D: variable "i" was declared but never referenced
        int flag = -1,i;
..\..\eMPL\mpu6050.c: 2 warnings, 0 errors
compiling mpu_i2c.c...
..\..\eMPL\mpu_i2c.c(13): warning:  #177-D: function "I2C_Delay" was declared but never referenced
  static void I2C_Delay(void)
..\..\eMPL\mpu_i2c.c: 1 warning, 0 errors
compiling kalman.c...
assembling startup_stm32f40_41xxx.s...
compiling system_stm32f4xx.c...
linking...
..\Obj\test.axf: Warning: L6304W: Duplicate input file ..\obj\system_stm32f4xx.o ignored.
Program Size: Code=72236 RO-data=3332 RW-data=864 ZI-data=9088  
Finished: 0 information, 1 warning and 0 error messages.
FromELF: creating hex file...
"..\Obj\test.axf" - 0 Error(s), 23 Warning(s).

<h2>Software Packages used:</h2>

Package Vendor: ARM
                http://www.keil.com/pack/ARM.CMSIS.3.20.4.pack
                ARM::CMSIS:CORE:3.20.0
                Cortex Microcontroller Software Interface Standard (CMSIS) CORE, DSP, RTOS, Driver
   * Component: CORE Version: 3.20.0

Package Vendor: Keil
                http://www.keil.com/pack/Keil.STM32F4xx_DFP.1.0.6.pack
                Keil::Device:Startup:1.3.0
                STMicroelectronics STM32F4 Series Device Support, Drivers and Examples
   * Component: Startup Version: 1.3.0

<h2>Collection of Component include folders:</h2>
  C:\Users\87066\Desktop\自动充电工程\底盘代码-ROS版本\Project\Project\Pro\RTE
  C:\Users\87066\Desktop\自动充电工程\底盘代码-ROS版本\Project\Project\Pro\RTE\Device\STM32F407VG
  G:\install\Keil_v5\ARM\PACK\ARM\CMSIS\3.20.4\CMSIS\Include
  G:\install\Keil_v5\ARM\PACK\Keil\STM32F4xx_DFP\1.0.6\Device\Include

<h2>Collection of Component Files used:</h2>

   * Component: ARM::CMSIS:CORE:3.20.0

   * Component: Keil::Device:Startup:1.3.0
      Source file:   Device\Source\system_stm32f4xx.c
      Source file:   Device\Source\ARM\STM32F4xx_OTP.s
      Source file:   Device\Source\ARM\STM32F40xxx_41xxx_OPT.s
      Include file:  Device\Include\stm32f4xx.h
      Source file:   Device\Source\ARM\startup_stm32f40_41xxx.s
      Include file:  RTE_Driver\Config\RTE_Device.h
